Archive member included to satisfy reference by file (symbol)

/mnt/c/SJSU_Dev2/SJSU-Dev2/tools/gcc-arm-none-eabi-7-2017-q4-major/bin/../lib/gcc/arm-none-eabi/7.2.1/../../../../arm-none-eabi/lib/thumb/v7e-m/fpv4-sp/hard/libstdc++_nano.a(guard.o)
                              build/application/compiled//mnt/c/SJSU_Dev2/SJSU-Dev2/firmware/library/L3_Application/task_scheduler.cpp.o (__cxa_guard_acquire)
/mnt/c/SJSU_Dev2/SJSU-Dev2/tools/gcc-arm-none-eabi-7-2017-q4-major/bin/../lib/gcc/arm-none-eabi/7.2.1/../../../../arm-none-eabi/lib/thumb/v7e-m/fpv4-sp/hard/libstdc++_nano.a(pure.o)
                              build/application/compiled/source/main.cpp.o (__cxa_pure_virtual)
/mnt/c/SJSU_Dev2/SJSU-Dev2/tools/gcc-arm-none-eabi-7-2017-q4-major/bin/../lib/gcc/arm-none-eabi/7.2.1/../../../../arm-none-eabi/lib/thumb/v7e-m/fpv4-sp/hard/libstdc++_nano.a(eh_terminate.o)
                              /mnt/c/SJSU_Dev2/SJSU-Dev2/tools/gcc-arm-none-eabi-7-2017-q4-major/bin/../lib/gcc/arm-none-eabi/7.2.1/../../../../arm-none-eabi/lib/thumb/v7e-m/fpv4-sp/hard/libstdc++_nano.a(pure.o) (std::terminate())
/mnt/c/SJSU_Dev2/SJSU-Dev2/tools/gcc-arm-none-eabi-7-2017-q4-major/bin/../lib/gcc/arm-none-eabi/7.2.1/../../../../arm-none-eabi/lib/thumb/v7e-m/fpv4-sp/hard/libstdc++_nano.a(eh_term_handler.o)
                              /mnt/c/SJSU_Dev2/SJSU-Dev2/tools/gcc-arm-none-eabi-7-2017-q4-major/bin/../lib/gcc/arm-none-eabi/7.2.1/../../../../arm-none-eabi/lib/thumb/v7e-m/fpv4-sp/hard/libstdc++_nano.a(eh_terminate.o) (__cxxabiv1::__terminate_handler)
/mnt/c/SJSU_Dev2/SJSU-Dev2/tools/gcc-arm-none-eabi-7-2017-q4-major/bin/../lib/gcc/arm-none-eabi/7.2.1/../../../../arm-none-eabi/lib/thumb/v7e-m/fpv4-sp/hard/libstdc++_nano.a(eh_unex_handler.o)
                              /mnt/c/SJSU_Dev2/SJSU-Dev2/tools/gcc-arm-none-eabi-7-2017-q4-major/bin/../lib/gcc/arm-none-eabi/7.2.1/../../../../arm-none-eabi/lib/thumb/v7e-m/fpv4-sp/hard/libstdc++_nano.a(eh_terminate.o) (__cxxabiv1::__unexpected_handler)
/mnt/c/SJSU_Dev2/SJSU-Dev2/tools/gcc-arm-none-eabi-7-2017-q4-major/bin/../lib/gcc/arm-none-eabi/7.2.1/../../../../arm-none-eabi/lib/thumb/v7e-m/fpv4-sp/hard/libm.a(lib_a-sf_round.o)
                              build/application/compiled//mnt/c/SJSU_Dev2/SJSU-Dev2/firmware/library/L0_LowLevel/startup.cpp.o (roundf)
/mnt/c/SJSU_Dev2/SJSU-Dev2/tools/gcc-arm-none-eabi-7-2017-q4-major/bin/../lib/gcc/arm-none-eabi/7.2.1/thumb/v7e-m/fpv4-sp/hard/libgcc.a(_arm_truncdfsf2.o)
                              build/application/compiled//mnt/c/SJSU_Dev2/SJSU-Dev2/firmware/library/third_party/printf/printf.cpp.o (__aeabi_d2f)
/mnt/c/SJSU_Dev2/SJSU-Dev2/tools/gcc-arm-none-eabi-7-2017-q4-major/bin/../lib/gcc/arm-none-eabi/7.2.1/thumb/v7e-m/fpv4-sp/hard/libgcc.a(_aeabi_uldivmod.o)
                              build/application/compiled/source/main.cpp.o (__aeabi_uldivmod)
/mnt/c/SJSU_Dev2/SJSU-Dev2/tools/gcc-arm-none-eabi-7-2017-q4-major/bin/../lib/gcc/arm-none-eabi/7.2.1/thumb/v7e-m/fpv4-sp/hard/libgcc.a(_udivmoddi4.o)
                              /mnt/c/SJSU_Dev2/SJSU-Dev2/tools/gcc-arm-none-eabi-7-2017-q4-major/bin/../lib/gcc/arm-none-eabi/7.2.1/thumb/v7e-m/fpv4-sp/hard/libgcc.a(_aeabi_uldivmod.o) (__udivmoddi4)
/mnt/c/SJSU_Dev2/SJSU-Dev2/tools/gcc-arm-none-eabi-7-2017-q4-major/bin/../lib/gcc/arm-none-eabi/7.2.1/thumb/v7e-m/fpv4-sp/hard/libgcc.a(_dvmd_tls.o)
                              /mnt/c/SJSU_Dev2/SJSU-Dev2/tools/gcc-arm-none-eabi-7-2017-q4-major/bin/../lib/gcc/arm-none-eabi/7.2.1/thumb/v7e-m/fpv4-sp/hard/libgcc.a(_aeabi_uldivmod.o) (__aeabi_ldiv0)
/mnt/c/SJSU_Dev2/SJSU-Dev2/tools/gcc-arm-none-eabi-7-2017-q4-major/bin/../lib/gcc/arm-none-eabi/7.2.1/../../../../arm-none-eabi/lib/thumb/v7e-m/fpv4-sp/hard/libg_nano.a(lib_a-abort.o)
                              /mnt/c/SJSU_Dev2/SJSU-Dev2/tools/gcc-arm-none-eabi-7-2017-q4-major/bin/../lib/gcc/arm-none-eabi/7.2.1/../../../../arm-none-eabi/lib/thumb/v7e-m/fpv4-sp/hard/libstdc++_nano.a(eh_terminate.o) (abort)
/mnt/c/SJSU_Dev2/SJSU-Dev2/tools/gcc-arm-none-eabi-7-2017-q4-major/bin/../lib/gcc/arm-none-eabi/7.2.1/../../../../arm-none-eabi/lib/thumb/v7e-m/fpv4-sp/hard/libg_nano.a(lib_a-exit.o)
                              /mnt/c/SJSU_Dev2/SJSU-Dev2/tools/gcc-arm-none-eabi-7-2017-q4-major/bin/../lib/gcc/arm-none-eabi/7.2.1/../../../../arm-none-eabi/lib/thumb/v7e-m/fpv4-sp/hard/crt0.o (exit)
/mnt/c/SJSU_Dev2/SJSU-Dev2/tools/gcc-arm-none-eabi-7-2017-q4-major/bin/../lib/gcc/arm-none-eabi/7.2.1/../../../../arm-none-eabi/lib/thumb/v7e-m/fpv4-sp/hard/libg_nano.a(lib_a-impure.o)
                              /mnt/c/SJSU_Dev2/SJSU-Dev2/tools/gcc-arm-none-eabi-7-2017-q4-major/bin/../lib/gcc/arm-none-eabi/7.2.1/../../../../arm-none-eabi/lib/thumb/v7e-m/fpv4-sp/hard/libg_nano.a(lib_a-exit.o) (_global_impure_ptr)
/mnt/c/SJSU_Dev2/SJSU-Dev2/tools/gcc-arm-none-eabi-7-2017-q4-major/bin/../lib/gcc/arm-none-eabi/7.2.1/../../../../arm-none-eabi/lib/thumb/v7e-m/fpv4-sp/hard/libg_nano.a(lib_a-init.o)
[...]
Memory Configuration

Name             Origin             Length             Attributes
MFlash512        0x0000000000010000 0x0000000000070000 xr
RamLoc64         0x0000000010000000 0x0000000000010000 xrw
RamPeriph32      0x0000000020000000 0x0000000000008000 xrw
*default*        0x0000000000000000 0xffffffffffffffff

Linker script and memory map

LOAD /mnt/c/SJSU_Dev2/SJSU-Dev2/tools/gcc-arm-none-eabi-7-2017-q4-major/bin/../lib/gcc/arm-none-eabi/7.2.1/thumb/v7e-m/fpv4-sp/hard/crti.o
LOAD /mnt/c/SJSU_Dev2/SJSU-Dev2/tools/gcc-arm-none-eabi-7-2017-q4-major/bin/../lib/gcc/arm-none-eabi/7.2.1/thumb/v7e-m/fpv4-sp/hard/crtbegin.o
LOAD /mnt/c/SJSU_Dev2/SJSU-Dev2/tools/gcc-arm-none-eabi-7-2017-q4-major/bin/../lib/gcc/arm-none-eabi/7.2.1/../../../../arm-none-eabi/lib/thumb/v7e-m/fpv4-sp/hard/crt0.o
LOAD build/application/compiled/source/LabGPIO.cpp.o
LOAD build/application/compiled/source/main.cpp.o
LOAD build/application/compiled/source/pinconn.cpp.o
LOAD build/application/compiled//mnt/c/SJSU_Dev2/SJSU-Dev2/firmware/library/L0_LowLevel/startup.cpp.o
LOAD build/application/compiled//mnt/c/SJSU_Dev2/SJSU-Dev2/firmware/library/L0_LowLevel/interrupt.cpp.o
LOAD build/application/compiled//mnt/c/SJSU_Dev2/SJSU-Dev2/firmware/library/L3_Application/task_scheduler.cpp.o
LOAD build/application/compiled//mnt/c/SJSU_Dev2/SJSU-Dev2/firmware/library/newlib/newlib.cpp.o
LOAD build/application/compiled//mnt/c/SJSU_Dev2/SJSU-Dev2/firmware/library/newlib/scanf.cpp.o
LOAD build/application/compiled//mnt/c/SJSU_Dev2/SJSU-Dev2/firmware/library/third_party/FreeRTOS/Source/timers.c.o
LOAD build/application/compiled//mnt/c/SJSU_Dev2/SJSU-Dev2/firmware/library/third_party/FreeRTOS/Source/event_groups.c.o
LOAD build/application/compiled//mnt/c/SJSU_Dev2/SJSU-Dev2/firmware/library/third_party/FreeRTOS/Source/stream_buffer.c.o
LOAD build/application/compiled//mnt/c/SJSU_Dev2/SJSU-Dev2/firmware/library/third_party/FreeRTOS/Source/list.c.o
LOAD build/application/compiled//mnt/c/SJSU_Dev2/SJSU-Dev2/firmware/library/third_party/FreeRTOS/Source/croutine.c.o
LOAD build/application/compiled//mnt/c/SJSU_Dev2/SJSU-Dev2/firmware/library/third_party/FreeRTOS/Source/tasks.c.o
LOAD build/application/compiled//mnt/c/SJSU_Dev2/SJSU-Dev2/firmware/library/third_party/FreeRTOS/Source/queue.c.o
LOAD build/application/compiled//mnt/c/SJSU_Dev2/SJSU-Dev2/firmware/library/third_party/FreeRTOS/Source/portable/GCC/ARM_CM4F/port.c.o
LOAD build/application/compiled//mnt/c/SJSU_Dev2/SJSU-Dev2/firmware/library/third_party/FreeRTOS/Source/portable/MemMang/heap_3.c.o
LOAD build/application/compiled//mnt/c/SJSU_Dev2/SJSU-Dev2/firmware/library/third_party/microrl/microrl.cpp.o
LOAD build/application/compiled//mnt/c/SJSU_Dev2/SJSU-Dev2/firmware/library/third_party/printf/printf.cpp.o
LOAD build/application/compiled//mnt/c/SJSU_Dev2/SJSU-Dev2/firmware/library/third_party/fatfs/source/diskio.cpp.o
LOAD build/application/compiled//mnt/c/SJSU_Dev2/SJSU-Dev2/firmware/library/third_party/fatfs/source/ff.c.o
LOAD build/application/compiled//mnt/c/SJSU_Dev2/SJSU-Dev2/firmware/library/third_party/fatfs/source/ffsystem.c.o
LOAD build/application/compiled//mnt/c/SJSU_Dev2/SJSU-Dev2/firmware/library/third_party/fatfs/source/ffunicode.c.o
LOAD /mnt/c/SJSU_Dev2/SJSU-Dev2/tools/gcc-arm-none-eabi-7-2017-q4-major/bin/../lib/gcc/arm-none-eabi/7.2.1/../../../../arm-none-eabi/lib/thumb/v7e-m/fpv4-sp/hard/libstdc++_nano.a
LOAD /mnt/c/SJSU_Dev2/SJSU-Dev2/tools/gcc-arm-none-eabi-7-2017-q4-major/bin/../lib/gcc/arm-none-eabi/7.2.1/../../../../arm-none-eabi/lib/thumb/v7e-m/fpv4-sp/hard/libm.a
START GROUP
LOAD /mnt/c/SJSU_Dev2/SJSU-Dev2/tools/gcc-arm-none-eabi-7-2017-q4-major/bin/../lib/gcc/arm-none-eabi/7.2.1/thumb/v7e-m/fpv4-sp/hard/libgcc.a
LOAD /mnt/c/SJSU_Dev2/SJSU-Dev2/tools/gcc-arm-none-eabi-7-2017-q4-major/bin/../lib/gcc/arm-none-eabi/7.2.1/../../../../arm-none-eabi/lib/thumb/v7e-m/fpv4-sp/hard/libg_nano.a
LOAD /mnt/c/SJSU_Dev2/SJSU-Dev2/tools/gcc-arm-none-eabi-7-2017-q4-major/bin/../lib/gcc/arm-none-eabi/7.2.1/../../../../arm-none-eabi/lib/thumb/v7e-m/fpv4-sp/hard/libc_nano.a
END GROUP
START GROUP
LOAD /mnt/c/SJSU_Dev2/SJSU-Dev2/tools/gcc-arm-none-eabi-7-2017-q4-major/bin/../lib/gcc/arm-none-eabi/7.2.1/thumb/v7e-m/fpv4-sp/hard/libgcc.a
LOAD /mnt/c/SJSU_Dev2/SJSU-Dev2/tools/gcc-arm-none-eabi-7-2017-q4-major/bin/../lib/gcc/arm-none-eabi/7.2.1/../../../../arm-none-eabi/lib/thumb/v7e-m/fpv4-sp/hard/libc_nano.a
END GROUP
LOAD /mnt/c/SJSU_Dev2/SJSU-Dev2/tools/gcc-arm-none-eabi-7-2017-q4-major/bin/../lib/gcc/arm-none-eabi/7.2.1/thumb/v7e-m/fpv4-sp/hard/crtend.o
LOAD /mnt/c/SJSU_Dev2/SJSU-Dev2/tools/gcc-arm-none-eabi-7-2017-q4-major/bin/../lib/gcc/arm-none-eabi/7.2.1/thumb/v7e-m/fpv4-sp/hard/crtn.o
                0x0000000000000000                __base_MFlash512 = 0x0
                0x0000000000000000                __base_Flash = 0x0
                0x0000000000080000                __top_MFlash512 = 0x80000
                0x0000000000080000                __top_Flash = 0x80000
                0x0000000010000000                __base_RamLoc64 = 0x10000000
                0x0000000010000000                __base_RAM = 0x10000000
                0x0000000010010000                __top_RamLoc64 = 0x10010000
                0x0000000010010000                __top_RAM = 0x10010000
                0x0000000020000000                __base_RamPeriph32 = 0x20000000
                0x0000000020000000                __base_RAM2 = 0x20000000
                0x0000000020008000                __top_RamPeriph32 = 0x20008000
                0x0000000020008000                __top_RAM2 = 0x20008000
                0x0000000020000000                __user_heap_base = __base_RAM2

.text           0x0000000000010000     0xb914
 FILL mask 0xff
                0x0000000000010000                __vectors_start__ = ABSOLUTE (.)
 *(.isr_vector)
 .isr_vector    0x0000000000010000       0xe4 build/application/compiled//mnt/c/SJSU_Dev2/SJSU-Dev2/firmware/library/L0_LowLevel/interrupt.cpp.o
                0x00000000000100e4                . = ALIGN (0x4)
                0x00000000000100e4                section_table_start = .
                0x00000000000100e4                data_section_table = .
                0x00000000000100e4        0x4 LONG 0x1b91c LOADADDR (.data)
                0x00000000000100e8        0x4 LONG 0x10000000 ADDR (.data)
                0x00000000000100ec        0x4 LONG 0x65c SIZEOF (.data)
                0x00000000000100f0        0x4 LONG 0x1b91c LOADADDR (.data_RAM2)
                0x00000000000100f4        0x4 LONG 0x20000000 ADDR (.data_RAM2)
                0x00000000000100f8        0x4 LONG 0x0 SIZEOF (.data_RAM2)
                0x00000000000100fc                data_section_table_end = .
                0x00000000000100fc                bss_section_table = .
                0x00000000000100fc        0x4 LONG 0x10000660 ADDR (.bss)
                0x0000000000010100        0x4 LONG 0xfb8 SIZEOF (.bss)
                0x0000000000010104        0x4 LONG 0x20000000 ADDR (.bss_RAM2)
                0x0000000000010108        0x4 LONG 0x0 SIZEOF (.bss_RAM2)
                0x000000000001010c                bss_section_table_end = .
                0x000000000001010c                section_table_end = .
 *(.after_vectors*)
 .after_vectors
                0x000000000001010c      0x10c build/application/compiled//mnt/c/SJSU_Dev2/SJSU-Dev2/firmware/library/L0_LowLevel/startup.cpp.o
                0x000000000001010c                InitDataSection()
                0x000000000001019c                InitBssSection()
                0x00000000000101fc                InitFpu()
 .after_vectors
                0x0000000000010218       0x1c build/application/compiled//mnt/c/SJSU_Dev2/SJSU-Dev2/firmware/library/L0_LowLevel/interrupt.cpp.o
                0x0000000000010218                HardFaultHandler
                0x00000000000002fc                . = 0x2fc
 *fill*         0x0000000000010234       0xc8 ff
                0x00000000000102fc                PROVIDE (__CRP_WORD_START__, .)
 *(.crp)
 .crp           0x00000000000102fc        0x4 build/application/compiled//mnt/c/SJSU_Dev2/SJSU-Dev2/firmware/library/L0_LowLevel/startup.cpp.o
                0x0000000000010300                PROVIDE (__CRP_WORD_END__, .)
                0x0000000000000001                ASSERT (! ((__CRP_WORD_START__ == __CRP_WORD_END__)), Linker CRP Enabled, but no CRP_WORD provided within application)
                0x0000000000010300                . = ALIGN (0x4)
 *(.init)
 .init          0x0000000000010300        0x4 /mnt/c/SJSU_Dev2/SJSU-Dev2/tools/gcc-arm-none-eabi-7-2017-q4-major/bin/../lib/gcc/arm-none-eabi/7.2.1/thumb/v7e-m/fpv4-sp/hard/crti.o
                0x0000000000010300                _init
 .init          0x0000000000010304        0x8 /mnt/c/SJSU_Dev2/SJSU-Dev2/tools/gcc-arm-none-eabi-7-2017-q4-major/bin/../lib/gcc/arm-none-eabi/7.2.1/thumb/v7e-m/fpv4-sp/hard/crtn.o
                0x000000000001030c                . = ALIGN (0x4)
                0x000000000001030c                __preinit_array_start = .
 *(.preinit_array)
                0x000000000001030c                __preinit_array_end = .
                0x000000000001030c                . = ALIGN (0x4)
                0x000000000001030c                __init_array_start = .
 *(SORT_BY_NAME(.init_array.*))
 *(.init_array)
 .init_array    0x000000000001030c        0x4 /mnt/c/SJSU_Dev2/SJSU-Dev2/tools/gcc-arm-none-eabi-7-2017-q4-major/bin/../lib/gcc/arm-none-eabi/7.2.1/thumb/v7e-m/fpv4-sp/hard/crtbegin.o
 .init_array    0x0000000000010310        0x4 build/application/compiled/source/main.cpp.o
 .init_array    0x0000000000010314        0x4 build/application/compiled//mnt/c/SJSU_Dev2/SJSU-Dev2/firmware/library/L0_LowLevel/startup.cpp.o
 .init_array    0x0000000000010318        0x4 build/application/compiled//mnt/c/SJSU_Dev2/SJSU-Dev2/firmware/library/third_party/fatfs/source/diskio.cpp.o
                0x000000000001031c                __init_array_end = .
 *(.fini)
 .fini          0x000000000001031c        0x4 /mnt/c/SJSU_Dev2/SJSU-Dev2/tools/gcc-arm-none-eabi-7-2017-q4-major/bin/../lib/gcc/arm-none-eabi/7.2.1/thumb/v7e-m/fpv4-sp/hard/crti.o
                0x000000000001031c                _fini
 .fini          0x0000000000010320        0x8 /mnt/c/SJSU_Dev2/SJSU-Dev2/tools/gcc-arm-none-eabi-7-2017-q4-major/bin/../lib/gcc/arm-none-eabi/7.2.1/thumb/v7e-m/fpv4-sp/hard/crtn.o
                0x0000000000010328                . = ALIGN (0x4)
 *crtbegin.o(.ctors)
 *(EXCLUDE_FILE(*crtend.o) .ctors)
 *(SORT_BY_NAME(.ctors.*))
 *crtend.o(.ctors)
                0x0000000000010328                . = ALIGN (0x4)
 *crtbegin.o(.dtors)
 *(EXCLUDE_FILE(*crtend.o) .dtors)
 *(SORT_BY_NAME(.dtors.*))
 *crtend.o(.dtors)
 *(.text*)
 .text          0x0000000000010328       0x40 /mnt/c/SJSU_Dev2/SJSU-Dev2/tools/gcc-arm-none-eabi-7-2017-q4-major/bin/../lib/gcc/arm-none-eabi/7.2.1/thumb/v7e-m/fpv4-sp/hard/crtbegin.o
 .text._ZN7LabGPIOC2Ehh
                0x0000000000010368       0x48 build/application/compiled/source/LabGPIO.cpp.o
                0x0000000000010368                LabGPIO::LabGPIO(unsigned char, unsigned char)
                0x0000000000010368                LabGPIO::LabGPIO(unsigned char, unsigned char)
 .text._ZN7LabGPIO7SetHighEv
                0x00000000000103b0       0x44 build/application/compiled/source/LabGPIO.cpp.o
                0x00000000000103b0                LabGPIO::SetHigh()
 .text._ZN7LabGPIO6SetLowEv
                0x00000000000103f4       0x44 build/application/compiled/source/LabGPIO.cpp.o
                0x00000000000103f4                LabGPIO::SetLow()
 .text._ZN7LabGPIO8ReadBoolEv
                0x0000000000010438       0x50 build/application/compiled/source/LabGPIO.cpp.o
                0x0000000000010438                LabGPIO::ReadBool()
 .text._ZN7LabGPIO6toggleEv
                0x0000000000010488      0x118 build/application/compiled/source/LabGPIO.cpp.o
                0x0000000000010488                LabGPIO::toggle()
 .text._ZN7LabGPIO11setPulldownEv
                0x00000000000105a0       0xcc build/application/compiled/source/LabGPIO.cpp.o
                0x00000000000105a0                LabGPIO::setPulldown()
 .text._ZN12PinInterfaceC2Ev
                0x000000000001066c       0x34 build/application/compiled/source/main.cpp.o
                0x000000000001066c                PinInterface::PinInterface()
                0x000000000001066c                PinInterface::PinInterface()
 .text._ZN3PinC2Ehh
                0x00000000000106a0       0x58 build/application/compiled/source/main.cpp.o
                0x00000000000106a0                Pin::Pin(unsigned char, unsigned char)
                0x00000000000106a0                Pin::Pin(unsigned char, unsigned char)
 .text._ZN3Pin14SetPinFunctionEh
                0x00000000000106f8       0x78 build/application/compiled/source/main.cpp.o
                0x00000000000106f8                Pin::SetPinFunction(unsigned char)
 .text._ZN3Pin7SetModeEN12PinInterface4ModeE
                0x0000000000010770       0x80 build/application/compiled/source/main.cpp.o
                0x0000000000010770                Pin::SetMode(PinInterface::Mode)
 .text._ZN3Pin16EnableHysteresisEb
                0x00000000000107f0       0x74 build/application/compiled/source/main.cpp.o
                0x00000000000107f0                Pin::EnableHysteresis(bool)
 .text._ZN3Pin14SetAsActiveLowEb
                0x0000000000010864       0x74 build/application/compiled/source/main.cpp.o
                0x0000000000010864                Pin::SetAsActiveLow(bool)
 .text._ZN3Pin15SetAsAnalogModeEb
                0x00000000000108d8       0x7c build/application/compiled/source/main.cpp.o
                0x00000000000108d8                Pin::SetAsAnalogMode(bool)
 .text._ZN3Pin19EnableDigitalFilterEb
                0x0000000000010954       0x7c build/application/compiled/source/main.cpp.o
                0x0000000000010954                Pin::EnableDigitalFilter(bool)
 .text._ZN3Pin14EnableFastModeEb
                0x00000000000109d0       0x74 build/application/compiled/source/main.cpp.o
                0x00000000000109d0                Pin::EnableFastMode(bool)
 .text._ZN3Pin22EnableI2cHighSpeedModeEb
                0x0000000000010a44       0x7c build/application/compiled/source/main.cpp.o
                0x0000000000010a44                Pin::EnableI2cHighSpeedMode(bool)
 .text._ZN3Pin25EnableI2cHighCurrentDriveEb
                0x0000000000010ac0       0x74 build/application/compiled/source/main.cpp.o
                0x0000000000010ac0                Pin::EnableI2cHighCurrentDrive(bool)
 .text._ZN3Pin14SetAsOpenDrainEb
                0x0000000000010b34       0x74 build/application/compiled/source/main.cpp.o
                0x0000000000010b34                Pin::SetAsOpenDrain(bool)
 .text._ZN3Pin9EnableDacEb
                0x0000000000010ba8       0x74 build/application/compiled/source/main.cpp.o
                0x0000000000010ba8                Pin::EnableDac(bool)
 .text._ZN3Pin8BitPlaceEmmmm
                0x0000000000010c1c       0x64 build/application/compiled/source/main.cpp.o
                0x0000000000010c1c                Pin::BitPlace(unsigned long, unsigned long, unsigned long, unsigned long)
 .text._ZNK3Pin7GetPortEv
                0x0000000000010c80       0x2c build/application/compiled/source/main.cpp.o
                0x0000000000010c80                Pin::GetPort() const
 .text._ZNK3Pin6GetPinEv
                0x0000000000010cac       0x2c build/application/compiled/source/main.cpp.o
                0x0000000000010cac                Pin::GetPin() const
 .text._ZN5debug14PrintBacktraceEbPv
                0x0000000000010cd8      0x100 build/application/compiled/source/main.cpp.o
                0x0000000000010cd8                debug::PrintBacktrace(bool, void*)
 .text._ZN12_GLOBAL__N_113DefaultUptimeEv
                0x0000000000010dd8       0x30 build/application/compiled/source/main.cpp.o
 .text._Z12Millisecondsv
                0x0000000000010e08       0x44 build/application/compiled/source/main.cpp.o
                0x0000000000010e08                Milliseconds()
 .text._ZZ4WaityENKUlvE_clEv
                0x0000000000010e4c       0x2c build/application/compiled/source/main.cpp.o
                0x0000000000010e4c                Wait(unsigned long long)::{lambda()#1}::operator()() const
 .text._ZZ4WaityENUlvE_4_FUNEv
                0x0000000000010e78       0x2c build/application/compiled/source/main.cpp.o
                0x0000000000010e78                Wait(unsigned long long)::{lambda()#1}::_FUN()
 .text._Z4Waity
                0x0000000000010ea4       0xc4 build/application/compiled/source/main.cpp.o
                0x0000000000010ea4                Wait(unsigned long long)
 .text._Z5Delayy
                0x0000000000010f68       0x30 build/application/compiled/source/main.cpp.o
                0x0000000000010f68                Delay(unsigned long long)
 .text._ZN13GpioInterfaceC2Ev
                0x0000000000010f98       0x34 build/application/compiled/source/main.cpp.o
                0x0000000000010f98                GpioInterface::GpioInterface()
                0x0000000000010f98                GpioInterface::GpioInterface()
 .text._ZN4GpioC2Ehh
                0x0000000000010fcc       0x7c build/application/compiled/source/main.cpp.o
                0x0000000000010fcc                Gpio::Gpio(unsigned char, unsigned char)
                0x0000000000010fcc                Gpio::Gpio(unsigned char, unsigned char)
 .text._ZN4Gpio10SetAsInputEv
                0x0000000000011048       0x7c build/application/compiled/source/main.cpp.o
                0x0000000000011048                Gpio::SetAsInput()
 .text._ZN4Gpio11SetAsOutputEv
                0x00000000000110c4       0x7c build/application/compiled/source/main.cpp.o
                0x00000000000110c4                Gpio::SetAsOutput()
 .text._ZN4Gpio12SetDirectionEN13GpioInterface9DirectionE
                0x0000000000011140       0x44 build/application/compiled/source/main.cpp.o
                0x0000000000011140                Gpio::SetDirection(GpioInterface::Direction)
 .text._ZN4Gpio7SetHighEv
                0x0000000000011184       0x64 build/application/compiled/source/main.cpp.o
                0x0000000000011184                Gpio::SetHigh()
 .text._ZN4Gpio6SetLowEv
                0x00000000000111e8       0x64 build/application/compiled/source/main.cpp.o
                0x00000000000111e8                Gpio::SetLow()
 .text._ZN4Gpio3SetEN13GpioInterface5StateE
                0x000000000001124c       0x44 build/application/compiled/source/main.cpp.o
                0x000000000001124c                Gpio::Set(GpioInterface::State)
 .text._ZN4Gpio6ToggleEv
                0x0000000000011290       0x6c build/application/compiled/source/main.cpp.o
                0x0000000000011290                Gpio::Toggle()
 .text._ZN4Gpio9ReadStateEv
                0x00000000000112fc       0x78 build/application/compiled/source/main.cpp.o
                0x00000000000112fc                Gpio::ReadState()
 .text._ZN4Gpio4ReadEv
                0x0000000000011374       0x70 build/application/compiled/source/main.cpp.o
                0x0000000000011374                Gpio::Read()
 .text._ZN4Gpio6GetPinEv
                0x00000000000113e4       0x2c build/application/compiled/source/main.cpp.o
                0x00000000000113e4                Gpio::GetPin()
 .text._ZN4Gpio14ValidPortCheckEv
                0x0000000000011410       0x7c build/application/compiled/source/main.cpp.o
                0x0000000000011410                Gpio::ValidPortCheck()
 .text._ZN4Gpio19SetInterruptRoutineEPFvvE
                0x000000000001148c       0x5c build/application/compiled/source/main.cpp.o
                0x000000000001148c                Gpio::SetInterruptRoutine(void (*)())
 .text._ZN4Gpio21ClearInterruptRoutineEv
                0x00000000000114e8       0x54 build/application/compiled/source/main.cpp.o
                0x00000000000114e8                Gpio::ClearInterruptRoutine()
 .text._ZN4util5ValueIN13GpioInterface4EdgeEhEET0_T_
                0x000000000001153c       0x30 build/application/compiled/source/main.cpp.o
                0x000000000001153c                unsigned char util::Value<GpioInterface::Edge, unsigned char>(GpioInterface::Edge)
 .text._ZN4Gpio16SetInterruptEdgeEN13GpioInterface4EdgeE
                0x000000000001156c       0x88 build/application/compiled/source/main.cpp.o
                0x000000000001156c                Gpio::SetInterruptEdge(GpioInterface::Edge)
 .text._ZN4Gpio18ClearInterruptEdgeEN13GpioInterface4EdgeE
                0x00000000000115f4       0x88 build/application/compiled/source/main.cpp.o
                0x00000000000115f4                Gpio::ClearInterruptEdge(GpioInterface::Edge)
 .text._ZN4Gpio15AttachInterruptEPFvvEN13GpioInterface4EdgeE
                0x000000000001167c       0x48 build/application/compiled/source/main.cpp.o
                0x000000000001167c                Gpio::AttachInterrupt(void (*)(), GpioInterface::Edge)
 .text._ZN4Gpio15DetachInterruptEv
                0x00000000000116c4       0x40 build/application/compiled/source/main.cpp.o
                0x00000000000116c4                Gpio::DetachInterrupt()
 .text._ZN4Gpio13SetEdgeRisingEv
                0x0000000000011704       0x7c build/application/compiled/source/main.cpp.o
                0x0000000000011704                Gpio::SetEdgeRising()
 .text._ZN4Gpio14SetEdgeFallingEv
                0x0000000000011780       0x7c build/application/compiled/source/main.cpp.o
                0x0000000000011780                Gpio::SetEdgeFalling()
 .text._ZN4Gpio15ClearEdgeRisingEv
                0x00000000000117fc       0x7c build/application/compiled/source/main.cpp.o
                0x00000000000117fc                Gpio::ClearEdgeRising()
 .text._ZN4Gpio16ClearEdgeFallingEv
                0x0000000000011878       0x7c build/application/compiled/source/main.cpp.o
                0x0000000000011878                Gpio::ClearEdgeFalling()
 .text._ZN25SystemControllerInterfaceC2Ev
                0x00000000000118f4       0x18 build/application/compiled/source/main.cpp.o
                0x00000000000118f4                SystemControllerInterface::SystemControllerInterface()
                0x00000000000118f4                SystemControllerInterface::SystemControllerInterface()
 .text._ZN23Lpc40xxSystemControllerC2Ev
                0x000000000001190c       0x24 build/application/compiled/source/main.cpp.o
                0x000000000001190c                Lpc40xxSystemController::Lpc40xxSystemController()
                0x000000000001190c                Lpc40xxSystemController::Lpc40xxSystemController()
 .text._ZN23Lpc40xxSystemController17SetClockFrequencyEh
                0x0000000000011930       0x90 build/application/compiled/source/main.cpp.o
                0x0000000000011930                Lpc40xxSystemController::SetClockFrequency(unsigned char)
 .text._ZN23Lpc40xxSystemController25SetPeripheralClockDividerEh
                0x00000000000119c0       0x58 build/application/compiled/source/main.cpp.o
                0x00000000000119c0                Lpc40xxSystemController::SetPeripheralClockDivider(unsigned char)
 .text._ZNK23Lpc40xxSystemController25GetPeripheralClockDividerEv
                0x0000000000011a18       0x18 build/application/compiled/source/main.cpp.o
                0x0000000000011a18                Lpc40xxSystemController::GetPeripheralClockDivider() const
 .text._ZNK23Lpc40xxSystemController18GetSystemFrequencyEv
                0x0000000000011a30       0x14 build/application/compiled/source/main.cpp.o
                0x0000000000011a30                Lpc40xxSystemController::GetSystemFrequency() const
 .text._ZNK23Lpc40xxSystemController22GetPeripheralFrequencyEv
                0x0000000000011a44       0x3e build/application/compiled/source/main.cpp.o
                0x0000000000011a44                Lpc40xxSystemController::GetPeripheralFrequency() const
 *fill*         0x0000000000011a82        0x2 ff
 .text._ZN23Lpc40xxSystemController17PowerUpPeripheralERKN25SystemControllerInterface12PeripheralIDE
                0x0000000000011a84       0x30 build/application/compiled/source/main.cpp.o
                0x0000000000011a84                Lpc40xxSystemController::PowerUpPeripheral(SystemControllerInterface::PeripheralID const&)
 .text._ZN23Lpc40xxSystemController19PowerDownPeripheralERKN25SystemControllerInterface12PeripheralIDE
                0x0000000000011ab4       0x30 build/application/compiled/source/main.cpp.o
                0x0000000000011ab4                Lpc40xxSystemController::PowerDownPeripheral(SystemControllerInterface::PeripheralID const&)
 .text._ZN23Lpc40xxSystemController22SelectOscillatorSourceENS_16OscillatorSourceE
                0x0000000000011ae4       0x34 build/application/compiled/source/main.cpp.o
                0x0000000000011ae4                Lpc40xxSystemController::SelectOscillatorSource(Lpc40xxSystemController::OscillatorSource)
 .text._ZN23Lpc40xxSystemController21SelectMainClockSourceENS_15MainClockSourceE
                0x0000000000011b18       0x30 build/application/compiled/source/main.cpp.o
                0x0000000000011b18                Lpc40xxSystemController::SelectMainClockSource(Lpc40xxSystemController::MainClockSource)
 .text._ZN23Lpc40xxSystemController20SelectUsbClockSourceENS_9UsbSourceE
                0x0000000000011b48       0x30 build/application/compiled/source/main.cpp.o
                0x0000000000011b48                Lpc40xxSystemController::SelectUsbClockSource(Lpc40xxSystemController::UsbSource)
 .text._ZN23Lpc40xxSystemController22SelectSpifiClockSourceENS_11SpifiSourceE
                0x0000000000011b78       0x30 build/application/compiled/source/main.cpp.o
                0x0000000000011b78                Lpc40xxSystemController::SelectSpifiClockSource(Lpc40xxSystemController::SpifiSource)
 .text._ZN23Lpc40xxSystemController12CalculatePllENS_8PllInputEt
                0x0000000000011ba8      0x110 build/application/compiled/source/main.cpp.o
                0x0000000000011ba8                Lpc40xxSystemController::CalculatePll(Lpc40xxSystemController::PllInput, unsigned short)
 .text._ZN23Lpc40xxSystemController10SetMainPllENS_8PllInputEt
                0x0000000000011cb8      0x170 build/application/compiled/source/main.cpp.o
                0x0000000000011cb8                Lpc40xxSystemController::SetMainPll(Lpc40xxSystemController::PllInput, unsigned short)
 .text._ZN23Lpc40xxSystemController18SetCpuClockDividerEh
                0x0000000000011e28       0x68 build/application/compiled/source/main.cpp.o
                0x0000000000011e28                Lpc40xxSystemController::SetCpuClockDivider(unsigned char)
 .text._ZN23Lpc40xxSystemController18SetEmcClockDividerENS_10EmcDividerE
                0x0000000000011e90       0x30 build/application/compiled/source/main.cpp.o
                0x0000000000011e90                Lpc40xxSystemController::SetEmcClockDivider(Lpc40xxSystemController::EmcDivider)
 .text._ZN4util5ValueIN3Ssp10PeripheralEiEET0_T_
                0x0000000000011ec0       0x2c build/application/compiled/source/main.cpp.o
                0x0000000000011ec0                int util::Value<Ssp::Peripheral, int>(Ssp::Peripheral)
 .text._ZN12SspInterfaceC2Ev
                0x0000000000011eec       0x34 build/application/compiled/source/main.cpp.o
                0x0000000000011eec                SspInterface::SspInterface()
                0x0000000000011eec                SspInterface::SspInterface()
 .text._ZN12PinInterfaceC2ERKS_
                0x0000000000011f20       0x38 build/application/compiled/source/main.cpp.o
                0x0000000000011f20                PinInterface::PinInterface(PinInterface const&)
                0x0000000000011f20                PinInterface::PinInterface(PinInterface const&)
 .text._ZN3PinC2ERKS_
                0x0000000000011f58       0x54 build/application/compiled/source/main.cpp.o
                0x0000000000011f58                Pin::Pin(Pin const&)
                0x0000000000011f58                Pin::Pin(Pin const&)
 .text._ZN3SspC2ENS_10PeripheralE
                0x0000000000011fac       0xe4 build/application/compiled/source/main.cpp.o
                0x0000000000011fac                Ssp::Ssp(Ssp::Peripheral)
                0x0000000000011fac                Ssp::Ssp(Ssp::Peripheral)
 .text._ZN3Ssp10InitializeEv
                0x0000000000012090       0xe4 build/application/compiled/source/main.cpp.o
                0x0000000000012090                Ssp::Initialize()
 .text._ZN3Ssp17IsTransferRegBusyEv
                0x0000000000012174       0x78 build/application/compiled/source/main.cpp.o
                0x0000000000012174                Ssp::IsTransferRegBusy()
 .text._ZN3Ssp8TransferEt
                0x00000000000121ec       0x6c build/application/compiled/source/main.cpp.o
                0x00000000000121ec                Ssp::Transfer(unsigned short)
 .text._ZN3Ssp19SetSpiMasterDefaultEv
                0x0000000000012258       0x5c build/application/compiled/source/main.cpp.o
                0x0000000000012258                Ssp::SetSpiMasterDefault()
 .text._ZN4util5ValueIN12SspInterface8DataSizeEhEET0_T_
                0x00000000000122b4       0x30 build/application/compiled/source/main.cpp.o
                0x00000000000122b4                unsigned char util::Value<SspInterface::DataSize, unsigned char>(SspInterface::DataSize)
 .text._ZN4util5ValueIN12SspInterface9FrameModeEhEET0_T_
                0x00000000000122e4       0x30 build/application/compiled/source/main.cpp.o
                0x00000000000122e4                unsigned char util::Value<SspInterface::FrameMode, unsigned char>(SspInterface::FrameMode)
 .text._ZN4util5ValueIN12SspInterface15MasterSlaveModeEhEET0_T_
                0x0000000000012314       0x30 build/application/compiled/source/main.cpp.o
                0x0000000000012314                unsigned char util::Value<SspInterface::MasterSlaveMode, unsigned char>(SspInterface::MasterSlaveMode)
 .text._ZN3Ssp17SetPeripheralModeEN12SspInterface15MasterSlaveModeENS0_9FrameModeENS0_8DataSizeE
                0x0000000000012344      0x20c build/application/compiled/source/main.cpp.o
                0x0000000000012344                Ssp::SetPeripheralMode(SspInterface::MasterSlaveMode, SspInterface::FrameMode, SspInterface::DataSize)
 .text._ZN3Ssp17GetPeripheralModeEv
                0x0000000000012550      0x160 build/application/compiled/source/main.cpp.o
                0x0000000000012550                Ssp::GetPeripheralMode()
 .text._ZN3Ssp8SetClockEbbhh
                0x00000000000126b0      0x1ec build/application/compiled/source/main.cpp.o
                0x00000000000126b0                Ssp::SetClock(bool, bool, unsigned char, unsigned char)
 .text._ZN3Ssp8GetClockEv
                0x000000000001289c      0x184 build/application/compiled/source/main.cpp.o
                0x000000000001289c                Ssp::GetClock()
 .text._ZN21PixelDisplayInterface7Color_tC2Ebbbhhb
                0x0000000000012a20       0x94 build/application/compiled/source/main.cpp.o
                0x0000000000012a20                PixelDisplayInterface::Color_t::Color_t(bool, bool, bool, unsigned char, unsigned char, bool)
                0x0000000000012a20                PixelDisplayInterface::Color_t::Color_t(bool, bool, bool, unsigned char, unsigned char, bool)
 .text._ZN21PixelDisplayInterface7Color_tC2Ev
                0x0000000000012ab4       0x68 build/application/compiled/source/main.cpp.o
                0x0000000000012ab4                PixelDisplayInterface::Color_t::Color_t()
                0x0000000000012ab4                PixelDisplayInterface::Color_t::Color_t()
 .text._ZN21PixelDisplayInterface6EnableEv
                0x0000000000012b1c       0x28 build/application/compiled/source/main.cpp.o
                0x0000000000012b1c                PixelDisplayInterface::Enable()
 .text._ZN21PixelDisplayInterface7DisableEv
                0x0000000000012b44       0x28 build/application/compiled/source/main.cpp.o
                0x0000000000012b44                PixelDisplayInterface::Disable()
 .text._ZN21PixelDisplayInterface6UpdateEv
                0x0000000000012b6c       0x28 build/application/compiled/source/main.cpp.o
                0x0000000000012b6c                PixelDisplayInterface::Update()
 .text._ZN21PixelDisplayInterfaceC2Ev
                0x0000000000012b94       0x34 build/application/compiled/source/main.cpp.o
                0x0000000000012b94                PixelDisplayInterface::PixelDisplayInterface()
                0x0000000000012b94                PixelDisplayInterface::PixelDisplayInterface()
 .text._ZN7Ssd1306C2Ev
                0x0000000000012bc8       0x94 build/application/compiled/source/main.cpp.o
                0x0000000000012bc8                Ssd1306::Ssd1306()
                0x0000000000012bc8                Ssd1306::Ssd1306()
 .text._ZN7Ssd13068GetWidthEv
                0x0000000000012c5c       0x2c build/application/compiled/source/main.cpp.o
                0x0000000000012c5c                Ssd1306::GetWidth()
 .text._ZN7Ssd13069GetHeightEv
                0x0000000000012c88       0x2c build/application/compiled/source/main.cpp.o
                0x0000000000012c88                Ssd1306::GetHeight()
 .text._ZN7Ssd130615AvailableColorsEv
                0x0000000000012cb4       0x68 build/application/compiled/source/main.cpp.o
                0x0000000000012cb4                Ssd1306::AvailableColors()
 .text._ZN7Ssd13065WriteEmNS_11TransactionEj
                0x0000000000012d1c       0x90 build/application/compiled/source/main.cpp.o
                0x0000000000012d1c                Ssd1306::Write(unsigned long, Ssd1306::Transaction, unsigned int)
 .text._ZN7Ssd130619InitializationPanelEv
                0x0000000000012dac       0xf0 build/application/compiled/source/main.cpp.o
                0x0000000000012dac                Ssd1306::InitializationPanel()
 .text._ZN7Ssd130610InitializeEv
                0x0000000000012e9c       0x84 build/application/compiled/source/main.cpp.o
                0x0000000000012e9c                Ssd1306::Initialize()
 .text._ZN7Ssd130624SetHorizontalAddressModeEv
                0x0000000000012f20       0x54 build/application/compiled/source/main.cpp.o
                0x0000000000012f20                Ssd1306::SetHorizontalAddressMode()
 .text._ZN7Ssd13065ClearEv
                0x0000000000012f74       0x38 build/application/compiled/source/main.cpp.o
                0x0000000000012f74                Ssd1306::Clear()
 .text._ZN7Ssd13069DrawPixelEllN21PixelDisplayInterface7Color_tE
                0x0000000000012fac       0x94 build/application/compiled/source/main.cpp.o
                0x0000000000012fac                Ssd1306::DrawPixel(long, long, PixelDisplayInterface::Color_t)
 .text._ZN7Ssd13066UpdateEv
                0x0000000000013040       0x74 build/application/compiled/source/main.cpp.o
                0x0000000000013040                Ssd1306::Update()
 .text._ZN8GraphicsC2EP21PixelDisplayInterface
                0x00000000000130b4       0x8c build/application/compiled/source/main.cpp.o
                0x00000000000130b4                Graphics::Graphics(PixelDisplayInterface*)
                0x00000000000130b4                Graphics::Graphics(PixelDisplayInterface*)
 .text._ZN8Graphics10InitializeEv
                0x0000000000013140       0x4c build/application/compiled/source/main.cpp.o
                0x0000000000013140                Graphics::Initialize()
 .text._ZN8Graphics13DrawCharacterEllcb
                0x000000000001318c       0xfc build/application/compiled/source/main.cpp.o
                0x000000000001318c                Graphics::DrawCharacter(long, long, char, bool)
 .text._ZN8Graphics9DrawPixelEmm
                0x0000000000013288       0x58 build/application/compiled/source/main.cpp.o
                0x0000000000013288                Graphics::DrawPixel(unsigned long, unsigned long)
 .text._ZN8Graphics6UpdateEv
                0x00000000000132e0       0x38 build/application/compiled/source/main.cpp.o
                0x00000000000132e0                Graphics::Update()
 .text._ZN8Graphics5ClearEv
                0x0000000000013318       0x38 build/application/compiled/source/main.cpp.o
                0x0000000000013318                Graphics::Clear()
 .text._ZN12OledTerminal10InitializeEv
                0x0000000000013350       0x4c build/application/compiled/source/main.cpp.o
                0x0000000000013350                OledTerminal::Initialize()
 .text._ZN12OledTerminal6printfEPKcz
                0x000000000001339c      0x158 build/application/compiled/source/main.cpp.o
                0x000000000001339c                OledTerminal::printf(char const*, ...)
 .text._ZN12OledTerminal9SetCursorEjj
                0x00000000000134f4       0x48 build/application/compiled/source/main.cpp.o
                0x00000000000134f4                OledTerminal::SetCursor(unsigned int, unsigned int)
 .text._ZN12OledTerminal6UpdateEv
                0x000000000001353c       0x9c build/application/compiled/source/main.cpp.o
                0x000000000001353c                OledTerminal::Update()
 .text._ZN12OledTerminal8ClearRowEj
                0x00000000000135d8       0x50 build/application/compiled/source/main.cpp.o
                0x00000000000135d8                OledTerminal::ClearRow(unsigned int)
 .text._ZN12OledTerminal5ClearEv
                0x0000000000013628       0x58 build/application/compiled/source/main.cpp.o
                0x0000000000013628                OledTerminal::Clear()
 .text._ZN12OledTerminalC2Ev
                0x0000000000013680       0x6c build/application/compiled/source/main.cpp.o
                0x0000000000013680                OledTerminal::OledTerminal()
                0x0000000000013680                OledTerminal::OledTerminal()
 .text.main     0x00000000000136ec       0xd0 build/application/compiled/source/main.cpp.o
                0x00000000000136ec                main
 .text._Z10DemoButtonv
                0x00000000000137bc      0x18c build/application/compiled/source/main.cpp.o
                0x00000000000137bc                DemoButton()
 .text._Z2ECv   0x0000000000013948      0x224 build/application/compiled/source/main.cpp.o
                0x0000000000013948                EC()
 .text._Z15morse_translatev
                0x0000000000013b6c      0xc3c build/application/compiled/source/main.cpp.o
                0x0000000000013b6c                morse_translate()
 .text._Z4WaitIZ4WaityEUlvE_E6StatusyT_
                0x00000000000147a8       0xac build/application/compiled/source/main.cpp.o
                0x00000000000147a8                Status Wait<Wait(unsigned long long)::{lambda()#1}>(unsigned long long, Wait(unsigned long long)::{lambda()#1})
 .text._ZN3bit3SetImEET_S1_m
                0x0000000000014854       0x3c build/application/compiled/source/main.cpp.o
                0x0000000000014854                unsigned long bit::Set<unsigned long>(unsigned long, unsigned long)
 .text._ZN3bit4ReadImEEbT_m
                0x0000000000014890       0x44 build/application/compiled/source/main.cpp.o
                0x0000000000014890                bool bit::Read<unsigned long>(unsigned long, unsigned long)
 .text._ZN3bit6InsertImhEET_S1_T0_mm
                0x00000000000148d4       0x74 build/application/compiled/source/main.cpp.o
                0x00000000000148d4                unsigned long bit::Insert<unsigned long, unsigned char>(unsigned long, unsigned char, unsigned long, unsigned long)
 .text._ZN3bit7ExtractImEET_S1_mm
                0x0000000000014948       0x54 build/application/compiled/source/main.cpp.o
                0x0000000000014948                unsigned long bit::Extract<unsigned long>(unsigned long, unsigned long, unsigned long)
 .text._ZN3bit6InsertImbEET_S1_T0_mm
                0x000000000001499c       0x74 build/application/compiled/source/main.cpp.o
                0x000000000001499c                unsigned long bit::Insert<unsigned long, bool>(unsigned long, bool, unsigned long, unsigned long)
 .text._Z41__static_initialization_and_destruction_0ii
                0x0000000000014a10       0xb4 build/application/compiled/source/main.cpp.o
 .text._GLOBAL__sub_I_button3
                0x0000000000014ac4       0x28 build/application/compiled/source/main.cpp.o
 .text._Z17SetUptimeFunctionPFyvE
                0x0000000000014aec       0x30 build/application/compiled//mnt/c/SJSU_Dev2/SJSU-Dev2/firmware/library/L0_LowLevel/startup.cpp.o
                0x0000000000014aec                SetUptimeFunction(unsigned long long (*)())
 .text._ZN11SystemTimer12DisableTimerEv
                0x0000000000014b1c       0x3c build/application/compiled//mnt/c/SJSU_Dev2/SJSU-Dev2/firmware/library/L0_LowLevel/startup.cpp.o
                0x0000000000014b1c                SystemTimer::DisableTimer()
 .text._ZN11SystemTimer18SystemTimerHandlerEv
                0x0000000000014b58       0x34 build/application/compiled//mnt/c/SJSU_Dev2/SJSU-Dev2/firmware/library/L0_LowLevel/startup.cpp.o
                0x0000000000014b58                SystemTimer::SystemTimerHandler()
 .text._ZN11SystemTimer14SetIsrFunctionEPFvvE
                0x0000000000014b8c       0x34 build/application/compiled//mnt/c/SJSU_Dev2/SJSU-Dev2/firmware/library/L0_LowLevel/startup.cpp.o
                0x0000000000014b8c                SystemTimer::SetIsrFunction(void (*)())
 .text._ZN11SystemTimer10StartTimerEv
                0x0000000000014bc0       0x9c build/application/compiled//mnt/c/SJSU_Dev2/SJSU-Dev2/firmware/library/L0_LowLevel/startup.cpp.o
                0x0000000000014bc0                SystemTimer::StartTimer()
 .text._ZN11SystemTimer16SetTickFrequencyEm
                0x0000000000014c5c       0x94 build/application/compiled//mnt/c/SJSU_Dev2/SJSU-Dev2/firmware/library/L0_LowLevel/startup.cpp.o
                0x0000000000014c5c                SystemTimer::SetTickFrequency(unsigned long)
 .text._ZN4util5ValueIN14TimerInterface9TimerPortEhEET0_T_
                0x0000000000014cf0       0x30 build/application/compiled//mnt/c/SJSU_Dev2/SJSU-Dev2/firmware/library/L0_LowLevel/startup.cpp.o
                0x0000000000014cf0                unsigned char util::Value<TimerInterface::TimerPort, unsigned char>(TimerInterface::TimerPort)
 .text._ZN5Timer12DoNothingIsrEv
                0x0000000000014d20       0x20 build/application/compiled//mnt/c/SJSU_Dev2/SJSU-Dev2/firmware/library/L0_LowLevel/startup.cpp.o
                0x0000000000014d20                Timer::DoNothingIsr()
 .text._ZN5Timer10InitializeEmPFvvEl
                0x0000000000014d40      0x134 build/application/compiled//mnt/c/SJSU_Dev2/SJSU-Dev2/firmware/library/L0_LowLevel/startup.cpp.o
                0x0000000000014d40                Timer::Initialize(unsigned long, void (*)(), long)
 .text._ZN4util5ValueIN14TimerInterface20MatchControlRegisterEhEET0_T_
                0x0000000000014e74       0x30 build/application/compiled//mnt/c/SJSU_Dev2/SJSU-Dev2/firmware/library/L0_LowLevel/startup.cpp.o
                0x0000000000014e74                unsigned char util::Value<TimerInterface::MatchControlRegister, unsigned char>(TimerInterface::MatchControlRegister)
 .text._ZN5Timer8SetTimerEmN14TimerInterface17TimerIsrConditionENS0_20MatchControlRegisterE
                0x0000000000014ea4       0xf8 build/application/compiled//mnt/c/SJSU_Dev2/SJSU-Dev2/firmware/library/L0_LowLevel/startup.cpp.o
                0x0000000000014ea4                Timer::SetTimer(unsigned long, TimerInterface::TimerIsrCondition, TimerInterface::MatchControlRegister)
 .text._ZN5Timer8GetTimerEv
                0x0000000000014f9c       0x3c build/application/compiled//mnt/c/SJSU_Dev2/SJSU-Dev2/firmware/library/L0_LowLevel/startup.cpp.o
                0x0000000000014f9c                Timer::GetTimer()
 .text._ZN4Uart11SetBaudRateEm
                0x0000000000014fd8       0xcc build/application/compiled//mnt/c/SJSU_Dev2/SJSU-Dev2/firmware/library/L0_LowLevel/startup.cpp.o
                0x0000000000014fd8                Uart::SetBaudRate(unsigned long)
 .text._ZN4Uart10InitializeEm
                0x00000000000150a4       0xe4 build/application/compiled//mnt/c/SJSU_Dev2/SJSU-Dev2/firmware/library/L0_LowLevel/startup.cpp.o
                0x00000000000150a4                Uart::Initialize(unsigned long)
 .text._ZZN4Uart4SendEhENKUlvE_clEv
                0x0000000000015188       0x4c build/application/compiled//mnt/c/SJSU_Dev2/SJSU-Dev2/firmware/library/L0_LowLevel/startup.cpp.o
                0x0000000000015188                Uart::Send(unsigned char)::{lambda()#1}::operator()() const
 .text._ZN4Uart4SendEh
                0x00000000000151d4       0xe8 build/application/compiled//mnt/c/SJSU_Dev2/SJSU-Dev2/firmware/library/L0_LowLevel/startup.cpp.o
                0x00000000000151d4                Uart::Send(unsigned char)
 .text._ZZN4Uart7ReceiveEmENKUlvE_clEv
                0x00000000000152bc       0x4c build/application/compiled//mnt/c/SJSU_Dev2/SJSU-Dev2/firmware/library/L0_LowLevel/startup.cpp.o
                0x00000000000152bc                Uart::Receive(unsigned long)::{lambda()#1}::operator()() const
 .text._ZN4Uart7ReceiveEm
                0x0000000000015308       0xf8 build/application/compiled//mnt/c/SJSU_Dev2/SJSU-Dev2/firmware/library/L0_LowLevel/startup.cpp.o
                0x0000000000015308                Uart::Receive(unsigned long)
 .text._ZN4Uart21FindClosestFractionalEf
                0x0000000000015400       0xfc build/application/compiled//mnt/c/SJSU_Dev2/SJSU-Dev2/firmware/library/L0_LowLevel/startup.cpp.o
                0x0000000000015400                Uart::FindClosestFractional(float)
 .text._ZN4Uart15DividerEstimateEff
                0x00000000000154fc       0x74 build/application/compiled//mnt/c/SJSU_Dev2/SJSU-Dev2/firmware/library/L0_LowLevel/startup.cpp.o
                0x00000000000154fc                Uart::DividerEstimate(float, float)
 .text._ZN4Uart18FractionalEstimateEff
                0x0000000000015570       0x74 build/application/compiled//mnt/c/SJSU_Dev2/SJSU-Dev2/firmware/library/L0_LowLevel/startup.cpp.o
                0x0000000000015570                Uart::FractionalEstimate(float, float)
 .text._ZN4Uart9IsDecmialEf
                0x00000000000155e4       0x84 build/application/compiled//mnt/c/SJSU_Dev2/SJSU-Dev2/firmware/library/L0_LowLevel/startup.cpp.o
                0x00000000000155e4                Uart::IsDecmial(float)
 .text._ZN4Uart23GenerateUartCalibrationEf
                0x0000000000015668      0x1f0 build/application/compiled//mnt/c/SJSU_Dev2/SJSU-Dev2/firmware/library/L0_LowLevel/startup.cpp.o
                0x0000000000015668                Uart::GenerateUartCalibration(float)
 .text._ZN12_GLOBAL__N_113Lpc40xxUptimeEv
                0x0000000000015858       0x40 build/application/compiled//mnt/c/SJSU_Dev2/SJSU-Dev2/firmware/library/L0_LowLevel/startup.cpp.o
 .text.UptimeRTOS
                0x0000000000015898       0x40 build/application/compiled//mnt/c/SJSU_Dev2/SJSU-Dev2/firmware/library/L0_LowLevel/startup.cpp.o
                0x0000000000015898                UptimeRTOS
 .text._Z12LowLevelInitv
                0x00000000000158d8       0xbc build/application/compiled//mnt/c/SJSU_Dev2/SJSU-Dev2/firmware/library/L0_LowLevel/startup.cpp.o
                0x00000000000158d8                LowLevelInit()
 .text.SystemInit
                0x0000000000015994       0x1a build/application/compiled//mnt/c/SJSU_Dev2/SJSU-Dev2/firmware/library/L0_LowLevel/startup.cpp.o
                0x0000000000015994                SystemInit
 *fill*         0x00000000000159ae        0x2 ff
 .text.ResetIsr
                0x00000000000159b0       0x30 build/application/compiled//mnt/c/SJSU_Dev2/SJSU-Dev2/firmware/library/L0_LowLevel/startup.cpp.o
                0x00000000000159b0                ResetIsr
 .text._ZN5Timer12TimerHandlerILN14TimerInterface9TimerPortE0EEEvv
                0x00000000000159e0       0x3c build/application/compiled//mnt/c/SJSU_Dev2/SJSU-Dev2/firmware/library/L0_LowLevel/startup.cpp.o
                0x00000000000159e0                void Timer::TimerHandler<(TimerInterface::TimerPort)0>()
 .text._ZN5Timer12TimerHandlerILN14TimerInterface9TimerPortE1EEEvv
                0x0000000000015a1c       0x3c build/application/compiled//mnt/c/SJSU_Dev2/SJSU-Dev2/firmware/library/L0_LowLevel/startup.cpp.o
                0x0000000000015a1c                void Timer::TimerHandler<(TimerInterface::TimerPort)1>()
 .text._ZN5Timer12TimerHandlerILN14TimerInterface9TimerPortE2EEEvv
                0x0000000000015a58       0x3c build/application/compiled//mnt/c/SJSU_Dev2/SJSU-Dev2/firmware/library/L0_LowLevel/startup.cpp.o
                0x0000000000015a58                void Timer::TimerHandler<(TimerInterface::TimerPort)2>()
 .text._ZN5Timer12TimerHandlerILN14TimerInterface9TimerPortE3EEEvv
                0x0000000000015a94       0x3c build/application/compiled//mnt/c/SJSU_Dev2/SJSU-Dev2/firmware/library/L0_LowLevel/startup.cpp.o
                0x0000000000015a94                void Timer::TimerHandler<(TimerInterface::TimerPort)3>()
 .text._Z4WaitIZN4Uart4SendEhEUlvE_E6StatusyT_
                0x0000000000015ad0       0xa8 build/application/compiled//mnt/c/SJSU_Dev2/SJSU-Dev2/firmware/library/L0_LowLevel/startup.cpp.o
                0x0000000000015ad0                Status Wait<Uart::Send(unsigned char)::{lambda()#1}>(unsigned long long, Uart::Send(unsigned char)::{lambda()#1})
 .text._Z4WaitIZN4Uart7ReceiveEmEUlvE_E6StatusyT_
                0x0000000000015b78       0xa8 build/application/compiled//mnt/c/SJSU_Dev2/SJSU-Dev2/firmware/library/L0_LowLevel/startup.cpp.o
                0x0000000000015b78                Status Wait<Uart::Receive(unsigned long)::{lambda()#1}>(unsigned long long, Uart::Receive(unsigned long)::{lambda()#1})
 .text._ZN5Timer15ClearInterruptsILN14TimerInterface9TimerPortE0EEEvv
                0x0000000000015c20       0xa0 build/application/compiled//mnt/c/SJSU_Dev2/SJSU-Dev2/firmware/library/L0_LowLevel/startup.cpp.o
                0x0000000000015c20                void Timer::ClearInterrupts<(TimerInterface::TimerPort)0>()
 .text._ZN5Timer15ClearInterruptsILN14TimerInterface9TimerPortE1EEEvv
                0x0000000000015cc0       0xa0 build/application/compiled//mnt/c/SJSU_Dev2/SJSU-Dev2/firmware/library/L0_LowLevel/startup.cpp.o
                0x0000000000015cc0                void Timer::ClearInterrupts<(TimerInterface::TimerPort)1>()
 .text._ZN5Timer15ClearInterruptsILN14TimerInterface9TimerPortE2EEEvv
                0x0000000000015d60       0xa0 build/application/compiled//mnt/c/SJSU_Dev2/SJSU-Dev2/firmware/library/L0_LowLevel/startup.cpp.o
                0x0000000000015d60                void Timer::ClearInterrupts<(TimerInterface::TimerPort)2>()
 .text._ZN5Timer15ClearInterruptsILN14TimerInterface9TimerPortE3EEEvv
                0x0000000000015e00       0xa0 build/application/compiled//mnt/c/SJSU_Dev2/SJSU-Dev2/firmware/library/L0_LowLevel/startup.cpp.o
                0x0000000000015e00                void Timer::ClearInterrupts<(TimerInterface::TimerPort)3>()
 .text._Z41__static_initialization_and_destruction_0ii
                0x0000000000015ea0       0xdc build/application/compiled//mnt/c/SJSU_Dev2/SJSU-Dev2/firmware/library/L0_LowLevel/startup.cpp.o
 .text._GLOBAL__sub_I_UptimeRTOS
                0x0000000000015f7c        0xe build/application/compiled//mnt/c/SJSU_Dev2/SJSU-Dev2/firmware/library/L0_LowLevel/startup.cpp.o
 *fill*         0x0000000000015f8a        0x2 ff
 .text.NVIC_EnableIRQ
                0x0000000000015f8c       0x2c build/application/compiled//mnt/c/SJSU_Dev2/SJSU-Dev2/firmware/library/L0_LowLevel/interrupt.cpp.o
 .text.NVIC_SetPriority
                0x0000000000015fb8       0x54 build/application/compiled//mnt/c/SJSU_Dev2/SJSU-Dev2/firmware/library/L0_LowLevel/interrupt.cpp.o
 .text.InterruptLookupHandler
                0x000000000001600c       0x6c build/application/compiled//mnt/c/SJSU_Dev2/SJSU-Dev2/firmware/library/L0_LowLevel/interrupt.cpp.o
                0x000000000001600c                Pwm0IrqHandler
                0x000000000001600c                EepromIrqHandler
                0x000000000001600c                Timer2IrqHandler
                0x000000000001600c                I2c1IrqHandler
                0x000000000001600c                BusFaultHandler
                0x000000000001600c                LcdIrqHandler
                0x000000000001600c                I2c2IrqHandler
                0x000000000001600c                CanIrqHandler
                0x000000000001600c                RitIrqHandler
                0x000000000001600c                Uart2IrqHandler
                0x000000000001600c                I2sIrqHandler
                0x000000000001600c                PendSVHandler
                0x000000000001600c                UsageFaultHandler
                0x000000000001600c                Uart4IrqHandler
                0x000000000001600c                InterruptLookupHandler
                0x000000000001600c                BodIrqHandler
                0x000000000001600c                SysTickHandler
                0x000000000001600c                RtcIrqHandler
                0x000000000001600c                Uart0IrqHandler
                0x000000000001600c                UsbIrqHandler
                0x000000000001600c                AdcIrqHandler
                0x000000000001600c                EnetIrqHandler
                0x000000000001600c                DmaIrqHandler
                0x000000000001600c                Eint1IrqHandler
                0x000000000001600c                SvcHandler
                0x000000000001600c                GpioIrqHandler
                0x000000000001600c                SdioIrqHandler
                0x000000000001600c                Pll1IrqHandler
                0x000000000001600c                MemManageHandler
                0x000000000001600c                Pwm1IrqHandler
                0x000000000001600c                Timer0IrqHandler
                0x000000000001600c                Uart3IrqHandler
                0x000000000001600c                Timer1IrqHandler
                0x000000000001600c                Uart1IrqHandler
                0x000000000001600c                QeiIrqHandler
                0x000000000001600c                Ssp2IrqHandler
                0x000000000001600c                Ssp1IrqHandler
                0x000000000001600c                Ssp0IrqHandler
                0x000000000001600c                UsbactivityIrqHandler
                0x000000000001600c                Pll0IrqHandler
                0x000000000001600c                CanactivityIrqHandler
                0x000000000001600c                NmiHandler
                0x000000000001600c                McpwmIrqHandler
                0x000000000001600c                WdtIrqHandler
                0x000000000001600c                DebugMonHandler
                0x000000000001600c                Eint2IrqHandler
                0x000000000001600c                Timer3IrqHandler
                0x000000000001600c                Eint3IrqHandler
                0x000000000001600c                I2c0IrqHandler
                0x000000000001600c                Eint0IrqHandler
                0x000000000001600c                SpiIrqHandler
 .text._Z11RegisterIsr4IRQnPFvvEbl
                0x0000000000016078       0x5c build/application/compiled//mnt/c/SJSU_Dev2/SJSU-Dev2/firmware/library/L0_LowLevel/interrupt.cpp.o
                0x0000000000016078                RegisterIsr(IRQn, void (*)(), bool, long)
 .text.GetRegistersFromStack
                0x00000000000160d4       0x78 build/application/compiled//mnt/c/SJSU_Dev2/SJSU-Dev2/firmware/library/L0_LowLevel/interrupt.cpp.o
                0x00000000000160d4                GetRegistersFromStack
 .text._Z14FirmwareStdOuti
                0x000000000001614c       0x3c build/application/compiled//mnt/c/SJSU_Dev2/SJSU-Dev2/firmware/library/newlib/newlib.cpp.o
                0x000000000001614c                FirmwareStdOut(int)
 .text._exit    0x0000000000016188       0x18 build/application/compiled//mnt/c/SJSU_Dev2/SJSU-Dev2/firmware/library/newlib/newlib.cpp.o
                0x0000000000016188                _exit
 .text._getpid  0x00000000000161a0       0x24 build/application/compiled//mnt/c/SJSU_Dev2/SJSU-Dev2/firmware/library/newlib/newlib.cpp.o
                0x00000000000161a0                _getpid
 .text._kill    0x00000000000161c4       0x30 build/application/compiled//mnt/c/SJSU_Dev2/SJSU-Dev2/firmware/library/newlib/newlib.cpp.o
                0x00000000000161c4                _kill
 .text._putchar
                0x00000000000161f4       0x3c build/application/compiled//mnt/c/SJSU_Dev2/SJSU-Dev2/firmware/library/newlib/newlib.cpp.o
                0x00000000000161f4                _putchar
 .text.putchar  0x0000000000016230       0x38 build/application/compiled//mnt/c/SJSU_Dev2/SJSU-Dev2/firmware/library/newlib/newlib.cpp.o
                0x0000000000016230                putchar
 .text.puts     0x0000000000016268       0x60 build/application/compiled//mnt/c/SJSU_Dev2/SJSU-Dev2/firmware/library/newlib/newlib.cpp.o
                0x0000000000016268                puts
 .text.__cyg_profile_func_enter
                0x00000000000162c8       0x28 build/application/compiled//mnt/c/SJSU_Dev2/SJSU-Dev2/firmware/library/newlib/newlib.cpp.o
                0x00000000000162c8                __cyg_profile_func_enter
 .text.__cyg_profile_func_exit
                0x00000000000162f0       0x1c build/application/compiled//mnt/c/SJSU_Dev2/SJSU-Dev2/firmware/library/newlib/newlib.cpp.o
                0x00000000000162f0                __cyg_profile_func_exit
 .text._Z13GetStackTracev
                0x000000000001630c       0x28 build/application/compiled//mnt/c/SJSU_Dev2/SJSU-Dev2/firmware/library/newlib/newlib.cpp.o
                0x000000000001630c                GetStackTrace()
 .text._Z13GetStackDepthv
                0x0000000000016334       0x2c build/application/compiled//mnt/c/SJSU_Dev2/SJSU-Dev2/firmware/library/newlib/newlib.cpp.o
                0x0000000000016334                GetStackDepth()
 .text.vTaskSwitchContext
                0x0000000000016360       0xc8 build/application/compiled//mnt/c/SJSU_Dev2/SJSU-Dev2/firmware/library/third_party/FreeRTOS/Source/tasks.c.o
                0x0000000000016360                vTaskSwitchContext
 *fill*         0x0000000000016428        0x8 ff
 .text.vPortSVCHandler
                0x0000000000016430       0x28 build/application/compiled//mnt/c/SJSU_Dev2/SJSU-Dev2/firmware/library/third_party/FreeRTOS/Source/portable/GCC/ARM_CM4F/port.c.o
                0x0000000000016430                vPortSVCHandler
 *fill*         0x0000000000016458        0x8 ff
 .text.xPortPendSVHandler
                0x0000000000016460       0x68 build/application/compiled//mnt/c/SJSU_Dev2/SJSU-Dev2/firmware/library/third_party/FreeRTOS/Source/portable/GCC/ARM_CM4F/port.c.o
                0x0000000000016460                xPortPendSVHandler
 .text._ZL11_out_buffercPvjj
                0x00000000000164c8       0x44 build/application/compiled//mnt/c/SJSU_Dev2/SJSU-Dev2/firmware/library/third_party/printf/printf.cpp.o
 .text._ZL9_out_nullcPvjj
                0x000000000001650c       0x30 build/application/compiled//mnt/c/SJSU_Dev2/SJSU-Dev2/firmware/library/third_party/printf/printf.cpp.o
 .text._ZL9_out_charcPvjj
                0x000000000001653c       0x44 build/application/compiled//mnt/c/SJSU_Dev2/SJSU-Dev2/firmware/library/third_party/printf/printf.cpp.o
 .text._ZL7_strlenPKc
                0x0000000000016580       0x44 build/application/compiled//mnt/c/SJSU_Dev2/SJSU-Dev2/firmware/library/third_party/printf/printf.cpp.o
 .text._ZL9_is_digitc
                0x00000000000165c4       0x44 build/application/compiled//mnt/c/SJSU_Dev2/SJSU-Dev2/firmware/library/third_party/printf/printf.cpp.o
 .text._ZL5_atoiPPKc
                0x0000000000016608       0x60 build/application/compiled//mnt/c/SJSU_Dev2/SJSU-Dev2/firmware/library/third_party/printf/printf.cpp.o
 .text._ZL12_ntoa_formatPFvcPvjjEPcjjS2_jbjjjj
                0x0000000000016668      0x25c build/application/compiled//mnt/c/SJSU_Dev2/SJSU-Dev2/firmware/library/third_party/printf/printf.cpp.o
 .text._ZL10_ntoa_longPFvcPvjjEPcjjmbmjjj
                0x00000000000168c4       0xe4 build/application/compiled//mnt/c/SJSU_Dev2/SJSU-Dev2/firmware/library/third_party/printf/printf.cpp.o
 .text._ZL15_ntoa_long_longPFvcPvjjEPcjjybyjjj
                0x00000000000169a8       0xf4 build/application/compiled//mnt/c/SJSU_Dev2/SJSU-Dev2/firmware/library/third_party/printf/printf.cpp.o
 .text._ZL5_ftoaPFvcPvjjEPcjjdjjj
                0x0000000000016a9c      0x438 build/application/compiled//mnt/c/SJSU_Dev2/SJSU-Dev2/firmware/library/third_party/printf/printf.cpp.o
 .text._ZL10_vsnprintfPFvcPvjjEPcjPKcSt9__va_list
                0x0000000000016ed4      0x8f4 build/application/compiled//mnt/c/SJSU_Dev2/SJSU-Dev2/firmware/library/third_party/printf/printf.cpp.o
 .text.printf   0x00000000000177c8       0x4c build/application/compiled//mnt/c/SJSU_Dev2/SJSU-Dev2/firmware/library/third_party/printf/printf.cpp.o
                0x00000000000177c8                printf
 .text.vsnprintf
                0x0000000000017814       0x44 build/application/compiled//mnt/c/SJSU_Dev2/SJSU-Dev2/firmware/library/third_party/printf/printf.cpp.o
                0x0000000000017814                vsnprintf
 .text._ZN11SdInterfaceC2Ev
                0x0000000000017858       0x34 build/application/compiled//mnt/c/SJSU_Dev2/SJSU-Dev2/firmware/library/third_party/fatfs/source/diskio.cpp.o
                0x0000000000017858                SdInterface::SdInterface()
                0x0000000000017858                SdInterface::SdInterface()
 .text._ZN2SdC2ENS_13DebugSdCard_tEhhhh
                0x000000000001788c       0xa0 build/application/compiled//mnt/c/SJSU_Dev2/SJSU-Dev2/firmware/library/third_party/fatfs/source/diskio.cpp.o
                0x000000000001788c                Sd::Sd(Sd::DebugSdCard_t, unsigned char, unsigned char, unsigned char, unsigned char)
                0x000000000001788c                Sd::Sd(Sd::DebugSdCard_t, unsigned char, unsigned char, unsigned char, unsigned char)
 .text._ZN2Sd10InitializeEv
                0x000000000001792c       0xb0 build/application/compiled//mnt/c/SJSU_Dev2/SJSU-Dev2/firmware/library/third_party/fatfs/source/diskio.cpp.o
                0x000000000001792c                Sd::Initialize()
 .text._ZN2Sd5MountEPN11SdInterface10CardInfo_tE
                0x00000000000179dc      0x31c build/application/compiled//mnt/c/SJSU_Dev2/SJSU-Dev2/firmware/library/third_party/fatfs/source/diskio.cpp.o
                0x00000000000179dc                Sd::Mount(SdInterface::CardInfo_t*)
 .text._ZN2Sd6ToBoolEb
                0x0000000000017cf8       0x44 build/application/compiled//mnt/c/SJSU_Dev2/SJSU-Dev2/firmware/library/third_party/fatfs/source/diskio.cpp.o
                0x0000000000017cf8                Sd::ToBool(bool)
 .text._ZN2Sd15WaitToReadBlockEv
                0x0000000000017d3c       0x64 build/application/compiled//mnt/c/SJSU_Dev2/SJSU-Dev2/firmware/library/third_party/fatfs/source/diskio.cpp.o
                0x0000000000017d3c                Sd::WaitToReadBlock()
 .text._ZN2Sd13WaitWhileBusyEv
                0x0000000000017da0       0x50 build/application/compiled//mnt/c/SJSU_Dev2/SJSU-Dev2/firmware/library/third_party/fatfs/source/diskio.cpp.o
                0x0000000000017da0                Sd::WaitWhileBusy()
 .text._ZN2Sd9ReadBlockEmPhm
                0x0000000000017df0      0x418 build/application/compiled//mnt/c/SJSU_Dev2/SJSU-Dev2/firmware/library/third_party/fatfs/source/diskio.cpp.o
                0x0000000000017df0                Sd::ReadBlock(unsigned long, unsigned char*, unsigned long)
 .text._ZN2Sd10WriteBlockEmPKhm
                0x0000000000018208      0x1ac build/application/compiled//mnt/c/SJSU_Dev2/SJSU-Dev2/firmware/library/third_party/fatfs/source/diskio.cpp.o
                0x0000000000018208                Sd::WriteBlock(unsigned long, unsigned char const*, unsigned long)
 .text._ZN2Sd11DeleteBlockEmm
                0x00000000000183b4      0x120 build/application/compiled//mnt/c/SJSU_Dev2/SJSU-Dev2/firmware/library/third_party/fatfs/source/diskio.cpp.o
                0x00000000000183b4                Sd::DeleteBlock(unsigned long, unsigned long)
 .text._ZN2Sd7SendCmdEN11SdInterface7CommandEmPhmNS0_9KeepAliveE
                0x00000000000184d4      0x4a0 build/application/compiled//mnt/c/SJSU_Dev2/SJSU-Dev2/firmware/library/third_party/fatfs/source/diskio.cpp.o
                0x00000000000184d4                Sd::SendCmd(SdInterface::Command, unsigned long, unsigned char*, unsigned long, SdInterface::KeepAlive)
 .text._ZN2Sd7Crc7AddEhh
                0x0000000000018974       0x48 build/application/compiled//mnt/c/SJSU_Dev2/SJSU-Dev2/firmware/library/third_party/fatfs/source/diskio.cpp.o
                0x0000000000018974                Sd::Crc7Add(unsigned char, unsigned char)
 .text._ZN2Sd7GetCrc7EPhh
                0x00000000000189bc       0x70 build/application/compiled//mnt/c/SJSU_Dev2/SJSU-Dev2/firmware/library/third_party/fatfs/source/diskio.cpp.o
                0x00000000000189bc                Sd::GetCrc7(unsigned char*, unsigned char)
 .text._ZN2Sd8GetCrc16EPht
                0x0000000000018a2c       0xfc build/application/compiled//mnt/c/SJSU_Dev2/SJSU-Dev2/firmware/library/third_party/fatfs/source/diskio.cpp.o
                0x0000000000018a2c                Sd::GetCrc16(unsigned char*, unsigned short)
 .text._Z41__static_initialization_and_destruction_0ii
                0x0000000000018b28       0x50 build/application/compiled//mnt/c/SJSU_Dev2/SJSU-Dev2/firmware/library/third_party/fatfs/source/diskio.cpp.o
 .text._GLOBAL__sub_I_disk_status
                0x0000000000018b78       0x28 build/application/compiled//mnt/c/SJSU_Dev2/SJSU-Dev2/firmware/library/third_party/fatfs/source/diskio.cpp.o
 .text.__cxa_pure_virtual
                0x0000000000018ba0        0x6 /mnt/c/SJSU_Dev2/SJSU-Dev2/tools/gcc-arm-none-eabi-7-2017-q4-major/bin/../lib/gcc/arm-none-eabi/7.2.1/../../../../arm-none-eabi/lib/thumb/v7e-m/fpv4-sp/hard/libstdc++_nano.a(pure.o)
                0x0000000000018ba0                __cxa_pure_virtual
 .text._ZN10__cxxabiv111__terminateEPFvvE
                0x0000000000018ba6        0x8 /mnt/c/SJSU_Dev2/SJSU-Dev2/tools/gcc-arm-none-eabi-7-2017-q4-major/bin/../lib/gcc/arm-none-eabi/7.2.1/../../../../arm-none-eabi/lib/thumb/v7e-m/fpv4-sp/hard/libstdc++_nano.a(eh_terminate.o)
                0x0000000000018ba6                __cxxabiv1::__terminate(void (*)())
 *fill*         0x0000000000018bae        0x2 ff
 .text._ZSt13get_terminatev
                0x0000000000018bb0       0x10 /mnt/c/SJSU_Dev2/SJSU-Dev2/tools/gcc-arm-none-eabi-7-2017-q4-major/bin/../lib/gcc/arm-none-eabi/7.2.1/../../../../arm-none-eabi/lib/thumb/v7e-m/fpv4-sp/hard/libstdc++_nano.a(eh_terminate.o)
                0x0000000000018bb0                std::get_terminate()
 .text._ZSt9terminatev
                0x0000000000018bc0        0xa /mnt/c/SJSU_Dev2/SJSU-Dev2/tools/gcc-arm-none-eabi-7-2017-q4-major/bin/../lib/gcc/arm-none-eabi/7.2.1/../../../../arm-none-eabi/lib/thumb/v7e-m/fpv4-sp/hard/libstdc++_nano.a(eh_terminate.o)
                0x0000000000018bc0                std::terminate()
 *fill*         0x0000000000018bca        0x2 ff
 .text.roundf   0x0000000000018bcc       0x60 /mnt/c/SJSU_Dev2/SJSU-Dev2/tools/gcc-arm-none-eabi-7-2017-q4-major/bin/../lib/gcc/arm-none-eabi/7.2.1/../../../../arm-none-eabi/lib/thumb/v7e-m/fpv4-sp/hard/libm.a(lib_a-sf_round.o)
                0x0000000000018bcc                roundf
 .text          0x0000000000018c2c       0xa0 /mnt/c/SJSU_Dev2/SJSU-Dev2/tools/gcc-arm-none-eabi-7-2017-q4-major/bin/../lib/gcc/arm-none-eabi/7.2.1/thumb/v7e-m/fpv4-sp/hard/libgcc.a(_arm_truncdfsf2.o)
                0x0000000000018c2c                __aeabi_d2f
                0x0000000000018c2c                __truncdfsf2
 .text          0x0000000000018ccc       0x30 /mnt/c/SJSU_Dev2/SJSU-Dev2/tools/gcc-arm-none-eabi-7-2017-q4-major/bin/../lib/gcc/arm-none-eabi/7.2.1/thumb/v7e-m/fpv4-sp/hard/libgcc.a(_aeabi_uldivmod.o)
                0x0000000000018ccc                __aeabi_uldivmod
 .text          0x0000000000018cfc      0x2cc /mnt/c/SJSU_Dev2/SJSU-Dev2/tools/gcc-arm-none-eabi-7-2017-q4-major/bin/../lib/gcc/arm-none-eabi/7.2.1/thumb/v7e-m/fpv4-sp/hard/libgcc.a(_udivmoddi4.o)
                0x0000000000018cfc                __udivmoddi4
 .text          0x0000000000018fc8        0x4 /mnt/c/SJSU_Dev2/SJSU-Dev2/tools/gcc-arm-none-eabi-7-2017-q4-major/bin/../lib/gcc/arm-none-eabi/7.2.1/thumb/v7e-m/fpv4-sp/hard/libgcc.a(_dvmd_tls.o)
                0x0000000000018fc8                __aeabi_ldiv0
                0x0000000000018fc8                __aeabi_idiv0
 .text.abort    0x0000000000018fcc        0xe /mnt/c/SJSU_Dev2/SJSU-Dev2/tools/gcc-arm-none-eabi-7-2017-q4-major/bin/../lib/gcc/arm-none-eabi/7.2.1/../../../../arm-none-eabi/lib/thumb/v7e-m/fpv4-sp/hard/libg_nano.a(lib_a-abort.o)
                0x0000000000018fcc                abort
 *fill*         0x0000000000018fda        0x2 ff
 .text.__libc_init_array
                0x0000000000018fdc       0x48 /mnt/c/SJSU_Dev2/SJSU-Dev2/tools/gcc-arm-none-eabi-7-2017-q4-major/bin/../lib/gcc/arm-none-eabi/7.2.1/../../../../arm-none-eabi/lib/thumb/v7e-m/fpv4-sp/hard/libg_nano.a(lib_a-init.o)
                0x0000000000018fdc                __libc_init_array
 .text.memset   0x0000000000019024       0x10 /mnt/c/SJSU_Dev2/SJSU-Dev2/tools/gcc-arm-none-eabi-7-2017-q4-major/bin/../lib/gcc/arm-none-eabi/7.2.1/../../../../arm-none-eabi/lib/thumb/v7e-m/fpv4-sp/hard/libg_nano.a(lib_a-memset.o)
                0x0000000000019024                memset
 .text._raise_r
                0x0000000000019034       0x50 /mnt/c/SJSU_Dev2/SJSU-Dev2/tools/gcc-arm-none-eabi-7-2017-q4-major/bin/../lib/gcc/arm-none-eabi/7.2.1/../../../../arm-none-eabi/lib/thumb/v7e-m/fpv4-sp/hard/libg_nano.a(lib_a-signal.o)
                0x0000000000019034                _raise_r
 .text.raise    0x0000000000019084       0x10 /mnt/c/SJSU_Dev2/SJSU-Dev2/tools/gcc-arm-none-eabi-7-2017-q4-major/bin/../lib/gcc/arm-none-eabi/7.2.1/../../../../arm-none-eabi/lib/thumb/v7e-m/fpv4-sp/hard/libg_nano.a(lib_a-signal.o)
                0x0000000000019084                raise
 .text._kill_r  0x0000000000019094       0x24 /mnt/c/SJSU_Dev2/SJSU-Dev2/tools/gcc-arm-none-eabi-7-2017-q4-major/bin/../lib/gcc/arm-none-eabi/7.2.1/../../../../arm-none-eabi/lib/thumb/v7e-m/fpv4-sp/hard/libg_nano.a(lib_a-signalr.o)
                0x0000000000019094                _kill_r
 .text._getpid_r
                0x00000000000190b8        0x4 /mnt/c/SJSU_Dev2/SJSU-Dev2/tools/gcc-arm-none-eabi-7-2017-q4-major/bin/../lib/gcc/arm-none-eabi/7.2.1/../../../../arm-none-eabi/lib/thumb/v7e-m/fpv4-sp/hard/libg_nano.a(lib_a-signalr.o)
                0x00000000000190b8                _getpid_r
 *(.rodata .rodata.* .constdata .constdata.*)
 .rodata        0x00000000000190bc      0x7d6 build/application/compiled/source/main.cpp.o
 *fill*         0x0000000000019892        0x2 ff
 .rodata._ZZN4Gpio14ValidPortCheckEvE4file
                0x0000000000019894        0x9 build/application/compiled/source/main.cpp.o
                0x0000000000019894                Gpio::ValidPortCheck()::file
 *fill*         0x000000000001989d        0x3 ff
 .rodata._ZZN4Gpio16SetInterruptEdgeEN13GpioInterface4EdgeEE4file
                0x00000000000198a0        0x9 build/application/compiled/source/main.cpp.o
                0x00000000000198a0                Gpio::SetInterruptEdge(GpioInterface::Edge)::file
 *fill*         0x00000000000198a9        0x3 ff
 .rodata._ZZN4Gpio18ClearInterruptEdgeEN13GpioInterface4EdgeEE4file
                0x00000000000198ac        0x9 build/application/compiled/source/main.cpp.o
                0x00000000000198ac                Gpio::ClearInterruptEdge(GpioInterface::Edge)::file
 *fill*         0x00000000000198b5        0x3 ff
 .rodata._ZZN23Lpc40xxSystemController25SetPeripheralClockDividerEhE4file
                0x00000000000198b8       0x16 build/application/compiled/source/main.cpp.o
                0x00000000000198b8                Lpc40xxSystemController::SetPeripheralClockDivider(unsigned char)::file
 *fill*         0x00000000000198ce        0x2 ff
 .rodata._ZZN23Lpc40xxSystemController12CalculatePllENS_8PllInputEtE4file
                0x00000000000198d0       0x16 build/application/compiled/source/main.cpp.o
                0x00000000000198d0                Lpc40xxSystemController::CalculatePll(Lpc40xxSystemController::PllInput, unsigned short)::file
 *fill*         0x00000000000198e6        0x2 ff
 .rodata._ZZN23Lpc40xxSystemController12CalculatePllENS_8PllInputEtE4file_0
                0x00000000000198e8       0x16 build/application/compiled/source/main.cpp.o
                0x00000000000198e8                Lpc40xxSystemController::CalculatePll(Lpc40xxSystemController::PllInput, unsigned short)::file
 *fill*         0x00000000000198fe        0x2 ff
 .rodata._ZZN23Lpc40xxSystemController10SetMainPllENS_8PllInputEtE4file
                0x0000000000019900       0x16 build/application/compiled/source/main.cpp.o
                0x0000000000019900                Lpc40xxSystemController::SetMainPll(Lpc40xxSystemController::PllInput, unsigned short)::file
 *fill*         0x0000000000019916        0x2 ff
 .rodata._ZZN23Lpc40xxSystemController18SetCpuClockDividerEhE4file
                0x0000000000019918       0x16 build/application/compiled/source/main.cpp.o
                0x0000000000019918                Lpc40xxSystemController::SetCpuClockDivider(unsigned char)::file
 *fill*         0x000000000001992e        0x2 ff
 .rodata._ZN3Ssp10kPinSelectE
                0x0000000000019930        0x3 build/application/compiled/source/main.cpp.o
                0x0000000000019930                Ssp::kPinSelect
 *fill*         0x0000000000019933        0x1 ff
 .rodata._ZN3Ssp13kSspPinMatrixE
                0x0000000000019934       0x48 build/application/compiled/source/main.cpp.o
                0x0000000000019934                Ssp::kSspPinMatrix
 .rodata._ZN3Ssp9kPowerBitE
                0x000000000001997c        0xc build/application/compiled/source/main.cpp.o
                0x000000000001997c                Ssp::kPowerBit
 .rodata._ZZ4mainE4file
                0x0000000000019988        0x9 build/application/compiled/source/main.cpp.o
 *fill*         0x0000000000019991        0x3 ff
 .rodata._ZZ10DemoButtonvE4file
                0x0000000000019994        0x9 build/application/compiled/source/main.cpp.o
 *fill*         0x000000000001999d        0x3 ff
 .rodata._ZZ10DemoButtonvE4file_0
                0x00000000000199a0        0x9 build/application/compiled/source/main.cpp.o
 *fill*         0x00000000000199a9        0x3 ff
 .rodata._ZZ10DemoButtonvE4file_1
                0x00000000000199ac        0x9 build/application/compiled/source/main.cpp.o
 *fill*         0x00000000000199b5        0x3 ff
 .rodata._ZZ10DemoButtonvE4file_2
                0x00000000000199b8        0x9 build/application/compiled/source/main.cpp.o
 *fill*         0x00000000000199c1        0x3 ff
 .rodata._ZTV7Ssd1306
                0x00000000000199c4       0x2c build/application/compiled/source/main.cpp.o
                0x00000000000199c4                vtable for Ssd1306
 .rodata._ZTV21PixelDisplayInterface
                0x00000000000199f0       0x2c build/application/compiled/source/main.cpp.o
                0x00000000000199f0                vtable for PixelDisplayInterface
 .rodata._ZTV3Ssp
                0x0000000000019a1c       0x4c build/application/compiled/source/main.cpp.o
                0x0000000000019a1c                vtable for Ssp
 .rodata._ZTV12SspInterface
                0x0000000000019a68       0x28 build/application/compiled/source/main.cpp.o
                0x0000000000019a68                vtable for SspInterface
 .rodata._ZTV23Lpc40xxSystemController
                0x0000000000019a90       0x24 build/application/compiled/source/main.cpp.o
                0x0000000000019a90                vtable for Lpc40xxSystemController
 .rodata._ZTV25SystemControllerInterface
                0x0000000000019ab4       0x24 build/application/compiled/source/main.cpp.o
                0x0000000000019ab4                vtable for SystemControllerInterface
 .rodata._ZTV4Gpio
                0x0000000000019ad8       0x48 build/application/compiled/source/main.cpp.o
                0x0000000000019ad8                vtable for Gpio
 .rodata._ZTV13GpioInterface
                0x0000000000019b20       0x48 build/application/compiled/source/main.cpp.o
                0x0000000000019b20                vtable for GpioInterface
 .rodata._ZTV3Pin
                0x0000000000019b68       0x3c build/application/compiled/source/main.cpp.o
                0x0000000000019b68                vtable for Pin
 .rodata._ZTV12PinInterface
                0x0000000000019ba4       0x3c build/application/compiled/source/main.cpp.o
                0x0000000000019ba4                vtable for PinInterface
 .rodata._ZZ4mainE19__PRETTY_FUNCTION__
                0x0000000000019be0        0xb build/application/compiled/source/main.cpp.o
 *fill*         0x0000000000019beb        0x1 ff
 .rodata._ZZ10DemoButtonvE19__PRETTY_FUNCTION__
                0x0000000000019bec       0x12 build/application/compiled/source/main.cpp.o
 *fill*         0x0000000000019bfe        0x2 ff
 .rodata._ZZN23Lpc40xxSystemController25SetPeripheralClockDividerEhE19__PRETTY_FUNCTION__
                0x0000000000019c00       0x49 build/application/compiled/source/main.cpp.o
 *fill*         0x0000000000019c49        0x3 ff
 .rodata._ZZN23Lpc40xxSystemController10SetMainPllENS_8PllInputEtE19__PRETTY_FUNCTION__
                0x0000000000019c4c       0x5a build/application/compiled/source/main.cpp.o
 *fill*         0x0000000000019ca6        0x2 ff
 .rodata._ZZN23Lpc40xxSystemController12CalculatePllENS_8PllInputEtE19__PRETTY_FUNCTION__
                0x0000000000019ca8       0x5c build/application/compiled/source/main.cpp.o
 .rodata._ZZN23Lpc40xxSystemController18SetCpuClockDividerEhE19__PRETTY_FUNCTION__
                0x0000000000019d04       0x3a build/application/compiled/source/main.cpp.o
 *fill*         0x0000000000019d3e        0x2 ff
 .rodata._ZZN4Gpio18ClearInterruptEdgeEN13GpioInterface4EdgeEE19__PRETTY_FUNCTION__
                0x0000000000019d40       0x3b build/application/compiled/source/main.cpp.o
 *fill*         0x0000000000019d7b        0x1 ff
 .rodata._ZZN4Gpio14ValidPortCheckEvE19__PRETTY_FUNCTION__
                0x0000000000019d7c       0x1c build/application/compiled/source/main.cpp.o
 .rodata._ZZN4Gpio16SetInterruptEdgeEN13GpioInterface4EdgeEE19__PRETTY_FUNCTION__
                0x0000000000019d98       0x39 build/application/compiled/source/main.cpp.o
 *fill*         0x0000000000019dd1        0x3 ff
 .rodata        0x0000000000019dd4      0x5af build/application/compiled//mnt/c/SJSU_Dev2/SJSU-Dev2/firmware/library/L0_LowLevel/startup.cpp.o
 *fill*         0x000000000001a383        0x1 ff
 .rodata._ZN5Timer9kPowerbitE
                0x000000000001a384       0x10 build/application/compiled//mnt/c/SJSU_Dev2/SJSU-Dev2/firmware/library/L0_LowLevel/startup.cpp.o
                0x000000000001a384                Timer::kPowerbit
 .rodata._ZN5Timer9kTimerIrqE
                0x000000000001a394        0x4 build/application/compiled//mnt/c/SJSU_Dev2/SJSU-Dev2/firmware/library/L0_LowLevel/startup.cpp.o
                0x000000000001a394                Timer::kTimerIrq
 .rodata._ZN5Timer9kTimerIsrE
                0x000000000001a398       0x10 build/application/compiled//mnt/c/SJSU_Dev2/SJSU-Dev2/firmware/library/L0_LowLevel/startup.cpp.o
                0x000000000001a398                Timer::kTimerIsr
 .rodata._ZZN5Timer10InitializeEmPFvvElE4file
                0x000000000001a3a8        0xa build/application/compiled//mnt/c/SJSU_Dev2/SJSU-Dev2/firmware/library/L0_LowLevel/startup.cpp.o
                0x000000000001a3a8                Timer::Initialize(unsigned long, void (*)(), long)::file
 *fill*         0x000000000001a3b2        0x2 ff
 .rodata._ZN4Uart19kTxUartPortFunctionE
                0x000000000001a3b4        0x4 build/application/compiled//mnt/c/SJSU_Dev2/SJSU-Dev2/firmware/library/L0_LowLevel/startup.cpp.o
                0x000000000001a3b4                Uart::kTxUartPortFunction
 .rodata._ZN4Uart19kRxUartPortFunctionE
                0x000000000001a3b8        0x4 build/application/compiled//mnt/c/SJSU_Dev2/SJSU-Dev2/firmware/library/L0_LowLevel/startup.cpp.o
                0x000000000001a3b8                Uart::kRxUartPortFunction
 .rodata._ZN4Uart9kPowerbitE
                0x000000000001a3bc       0x10 build/application/compiled//mnt/c/SJSU_Dev2/SJSU-Dev2/firmware/library/L0_LowLevel/startup.cpp.o
                0x000000000001a3bc                Uart::kPowerbit
 .rodata._ZZ12LowLevelInitvE4file
                0x000000000001a3cc        0xc build/application/compiled//mnt/c/SJSU_Dev2/SJSU-Dev2/firmware/library/L0_LowLevel/startup.cpp.o
 .rodata._ZTV4Uart
                0x000000000001a3d8       0x3c build/application/compiled//mnt/c/SJSU_Dev2/SJSU-Dev2/firmware/library/L0_LowLevel/startup.cpp.o
                0x000000000001a3d8                vtable for Uart
 .rodata._ZTV5Timer
                0x000000000001a414       0x38 build/application/compiled//mnt/c/SJSU_Dev2/SJSU-Dev2/firmware/library/L0_LowLevel/startup.cpp.o
                0x000000000001a414                vtable for Timer
 .rodata._ZTV11SystemTimer
                0x000000000001a44c       0x38 build/application/compiled//mnt/c/SJSU_Dev2/SJSU-Dev2/firmware/library/L0_LowLevel/startup.cpp.o
                0x000000000001a44c                vtable for SystemTimer
 .rodata._ZZN5Timer10InitializeEmPFvvElE19__PRETTY_FUNCTION__
                0x000000000001a484       0x3e build/application/compiled//mnt/c/SJSU_Dev2/SJSU-Dev2/firmware/library/L0_LowLevel/startup.cpp.o
 *fill*         0x000000000001a4c2        0x2 ff
 .rodata._ZZ12LowLevelInitvE19__PRETTY_FUNCTION__
                0x000000000001a4c4       0x14 build/application/compiled//mnt/c/SJSU_Dev2/SJSU-Dev2/firmware/library/L0_LowLevel/startup.cpp.o
 .rodata        0x000000000001a4d8      0x256 build/application/compiled//mnt/c/SJSU_Dev2/SJSU-Dev2/firmware/library/L0_LowLevel/interrupt.cpp.o
 *fill*         0x000000000001a72e        0x2 ff
 .rodata._ZZ22InterruptLookupHandlerE4file
                0x000000000001a730        0xe build/application/compiled//mnt/c/SJSU_Dev2/SJSU-Dev2/firmware/library/L0_LowLevel/interrupt.cpp.o
 *fill*         0x000000000001a73e        0x2 ff
 .rodata._ZZ22InterruptLookupHandlerE19__PRETTY_FUNCTION__
                0x000000000001a740       0x1e build/application/compiled//mnt/c/SJSU_Dev2/SJSU-Dev2/firmware/library/L0_LowLevel/interrupt.cpp.o
 *fill*         0x000000000001a75e        0x2 ff
 .rodata._ZZL5_ftoaPFvcPvjjEPcjjdjjjE5pow10
                0x000000000001a760       0x28 build/application/compiled//mnt/c/SJSU_Dev2/SJSU-Dev2/firmware/library/third_party/printf/printf.cpp.o
 .rodata        0x000000000001a788      0xc29 build/application/compiled//mnt/c/SJSU_Dev2/SJSU-Dev2/firmware/library/third_party/fatfs/source/diskio.cpp.o
 *fill*         0x000000000001b3b1        0x3 ff
 .rodata._ZN2Sd10kCrcTable8E
                0x000000000001b3b4      0x100 build/application/compiled//mnt/c/SJSU_Dev2/SJSU-Dev2/firmware/library/third_party/fatfs/source/diskio.cpp.o
                0x000000000001b3b4                Sd::kCrcTable8
 .rodata._ZN2Sd11kCrcTable16E
                0x000000000001b4b4      0x200 build/application/compiled//mnt/c/SJSU_Dev2/SJSU-Dev2/firmware/library/third_party/fatfs/source/diskio.cpp.o
                0x000000000001b4b4                Sd::kCrcTable16
 .rodata._ZZN2Sd5MountEPN11SdInterface10CardInfo_tEE4file
                0x000000000001b6b4        0x7 build/application/compiled//mnt/c/SJSU_Dev2/SJSU-Dev2/firmware/library/third_party/fatfs/source/diskio.cpp.o
                0x000000000001b6b4                Sd::Mount(SdInterface::CardInfo_t*)::file
 *fill*         0x000000000001b6bb        0x1 ff
 .rodata._ZZN2Sd5MountEPN11SdInterface10CardInfo_tEE4file_0
                0x000000000001b6bc        0x7 build/application/compiled//mnt/c/SJSU_Dev2/SJSU-Dev2/firmware/library/third_party/fatfs/source/diskio.cpp.o
                0x000000000001b6bc                Sd::Mount(SdInterface::CardInfo_t*)::file
 *fill*         0x000000000001b6c3        0x1 ff
 .rodata._ZZN2Sd5MountEPN11SdInterface10CardInfo_tEE4file_1
                0x000000000001b6c4        0x7 build/application/compiled//mnt/c/SJSU_Dev2/SJSU-Dev2/firmware/library/third_party/fatfs/source/diskio.cpp.o
                0x000000000001b6c4                Sd::Mount(SdInterface::CardInfo_t*)::file
 *fill*         0x000000000001b6cb        0x1 ff
 .rodata._ZZN2Sd5MountEPN11SdInterface10CardInfo_tEE4file_2
                0x000000000001b6cc        0x7 build/application/compiled//mnt/c/SJSU_Dev2/SJSU-Dev2/firmware/library/third_party/fatfs/source/diskio.cpp.o
                0x000000000001b6cc                Sd::Mount(SdInterface::CardInfo_t*)::file
 *fill*         0x000000000001b6d3        0x1 ff
 .rodata._ZZN2Sd9ReadBlockEmPhmE4file
                0x000000000001b6d4        0x7 build/application/compiled//mnt/c/SJSU_Dev2/SJSU-Dev2/firmware/library/third_party/fatfs/source/diskio.cpp.o
                0x000000000001b6d4                Sd::ReadBlock(unsigned long, unsigned char*, unsigned long)::file
 *fill*         0x000000000001b6db        0x1 ff
 .rodata._ZZN2Sd9ReadBlockEmPhmE4file_0
                0x000000000001b6dc        0x7 build/application/compiled//mnt/c/SJSU_Dev2/SJSU-Dev2/firmware/library/third_party/fatfs/source/diskio.cpp.o
                0x000000000001b6dc                Sd::ReadBlock(unsigned long, unsigned char*, unsigned long)::file
 *fill*         0x000000000001b6e3        0x1 ff
 .rodata._ZZN2Sd9ReadBlockEmPhmE4file_1
                0x000000000001b6e4        0x7 build/application/compiled//mnt/c/SJSU_Dev2/SJSU-Dev2/firmware/library/third_party/fatfs/source/diskio.cpp.o
                0x000000000001b6e4                Sd::ReadBlock(unsigned long, unsigned char*, unsigned long)::file
 *fill*         0x000000000001b6eb        0x1 ff
 .rodata._ZZN2Sd9ReadBlockEmPhmE4file_2
                0x000000000001b6ec        0x7 build/application/compiled//mnt/c/SJSU_Dev2/SJSU-Dev2/firmware/library/third_party/fatfs/source/diskio.cpp.o
                0x000000000001b6ec                Sd::ReadBlock(unsigned long, unsigned char*, unsigned long)::file
 *fill*         0x000000000001b6f3        0x1 ff
 .rodata._ZZN2Sd9ReadBlockEmPhmE4file_3
                0x000000000001b6f4        0x7 build/application/compiled//mnt/c/SJSU_Dev2/SJSU-Dev2/firmware/library/third_party/fatfs/source/diskio.cpp.o
                0x000000000001b6f4                Sd::ReadBlock(unsigned long, unsigned char*, unsigned long)::file
 *fill*         0x000000000001b6fb        0x1 ff
 .rodata._ZZN2Sd9ReadBlockEmPhmE4file_4
                0x000000000001b6fc        0x7 build/application/compiled//mnt/c/SJSU_Dev2/SJSU-Dev2/firmware/library/third_party/fatfs/source/diskio.cpp.o
                0x000000000001b6fc                Sd::ReadBlock(unsigned long, unsigned char*, unsigned long)::file
 *fill*         0x000000000001b703        0x1 ff
 .rodata._ZZN2Sd9ReadBlockEmPhmE4file_5
                0x000000000001b704        0x7 build/application/compiled//mnt/c/SJSU_Dev2/SJSU-Dev2/firmware/library/third_party/fatfs/source/diskio.cpp.o
                0x000000000001b704                Sd::ReadBlock(unsigned long, unsigned char*, unsigned long)::file
 *fill*         0x000000000001b70b        0x1 ff
 .rodata._ZZN2Sd9ReadBlockEmPhmE4file_6
                0x000000000001b70c        0x7 build/application/compiled//mnt/c/SJSU_Dev2/SJSU-Dev2/firmware/library/third_party/fatfs/source/diskio.cpp.o
                0x000000000001b70c                Sd::ReadBlock(unsigned long, unsigned char*, unsigned long)::file
 *fill*         0x000000000001b713        0x1 ff
 .rodata._ZZN2Sd9ReadBlockEmPhmE4file_7
                0x000000000001b714        0x7 build/application/compiled//mnt/c/SJSU_Dev2/SJSU-Dev2/firmware/library/third_party/fatfs/source/diskio.cpp.o
                0x000000000001b714                Sd::ReadBlock(unsigned long, unsigned char*, unsigned long)::file
 *fill*         0x000000000001b71b        0x1 ff
 .rodata._ZZN2Sd9ReadBlockEmPhmE4file_8
                0x000000000001b71c        0x7 build/application/compiled//mnt/c/SJSU_Dev2/SJSU-Dev2/firmware/library/third_party/fatfs/source/diskio.cpp.o
                0x000000000001b71c                Sd::ReadBlock(unsigned long, unsigned char*, unsigned long)::file
 *fill*         0x000000000001b723        0x1 ff
 .rodata._ZZN2Sd9ReadBlockEmPhmE4file_9
                0x000000000001b724        0x7 build/application/compiled//mnt/c/SJSU_Dev2/SJSU-Dev2/firmware/library/third_party/fatfs/source/diskio.cpp.o
                0x000000000001b724                Sd::ReadBlock(unsigned long, unsigned char*, unsigned long)::file
 *fill*         0x000000000001b72b        0x1 ff
 .rodata._ZZN2Sd11DeleteBlockEmmE4file
                0x000000000001b72c        0x7 build/application/compiled//mnt/c/SJSU_Dev2/SJSU-Dev2/firmware/library/third_party/fatfs/source/diskio.cpp.o
                0x000000000001b72c                Sd::DeleteBlock(unsigned long, unsigned long)::file
 *fill*         0x000000000001b733        0x1 ff
 .rodata._ZZN2Sd11DeleteBlockEmmE4file_0
                0x000000000001b734        0x7 build/application/compiled//mnt/c/SJSU_Dev2/SJSU-Dev2/firmware/library/third_party/fatfs/source/diskio.cpp.o
                0x000000000001b734                Sd::DeleteBlock(unsigned long, unsigned long)::file
 *fill*         0x000000000001b73b        0x1 ff
 .rodata._ZZN2Sd7SendCmdEN11SdInterface7CommandEmPhmNS0_9KeepAliveEE4file
                0x000000000001b73c        0x7 build/application/compiled//mnt/c/SJSU_Dev2/SJSU-Dev2/firmware/library/third_party/fatfs/source/diskio.cpp.o
                0x000000000001b73c                Sd::SendCmd(SdInterface::Command, unsigned long, unsigned char*, unsigned long, SdInterface::KeepAlive)::file
 *fill*         0x000000000001b743        0x1 ff
 .rodata._ZZN2Sd7SendCmdEN11SdInterface7CommandEmPhmNS0_9KeepAliveEE4file_0
                0x000000000001b744        0x7 build/application/compiled//mnt/c/SJSU_Dev2/SJSU-Dev2/firmware/library/third_party/fatfs/source/diskio.cpp.o
                0x000000000001b744                Sd::SendCmd(SdInterface::Command, unsigned long, unsigned char*, unsigned long, SdInterface::KeepAlive)::file
 *fill*         0x000000000001b74b        0x1 ff
 .rodata._ZTV2Sd
                0x000000000001b74c       0x2c build/application/compiled//mnt/c/SJSU_Dev2/SJSU-Dev2/firmware/library/third_party/fatfs/source/diskio.cpp.o
                0x000000000001b74c                vtable for Sd
 .rodata._ZTV11SdInterface
                0x000000000001b778       0x2c build/application/compiled//mnt/c/SJSU_Dev2/SJSU-Dev2/firmware/library/third_party/fatfs/source/diskio.cpp.o
                0x000000000001b778                vtable for SdInterface
 .rodata._ZZN2Sd5MountEPN11SdInterface10CardInfo_tEE19__PRETTY_FUNCTION__
                0x000000000001b7a4       0x31 build/application/compiled//mnt/c/SJSU_Dev2/SJSU-Dev2/firmware/library/third_party/fatfs/source/diskio.cpp.o
 *fill*         0x000000000001b7d5        0x3 ff
 .rodata._ZZN2Sd9ReadBlockEmPhmE19__PRETTY_FUNCTION__
                0x000000000001b7d8       0x3c build/application/compiled//mnt/c/SJSU_Dev2/SJSU-Dev2/firmware/library/third_party/fatfs/source/diskio.cpp.o
 .rodata._ZZN2Sd11DeleteBlockEmmE19__PRETTY_FUNCTION__
                0x000000000001b814       0x34 build/application/compiled//mnt/c/SJSU_Dev2/SJSU-Dev2/firmware/library/third_party/fatfs/source/diskio.cpp.o
 .rodata._ZZN2Sd7SendCmdEN11SdInterface7CommandEmPhmNS0_9KeepAliveEE19__PRETTY_FUNCTION__
                0x000000000001b848       0x69 build/application/compiled//mnt/c/SJSU_Dev2/SJSU-Dev2/firmware/library/third_party/fatfs/source/diskio.cpp.o
 *fill*         0x000000000001b8b1        0x3 ff
 .rodata.__sf_fake_stderr
                0x000000000001b8b4       0x20 /mnt/c/SJSU_Dev2/SJSU-Dev2/tools/gcc-arm-none-eabi-7-2017-q4-major/bin/../lib/gcc/arm-none-eabi/7.2.1/../../../../arm-none-eabi/lib/thumb/v7e-m/fpv4-sp/hard/libg_nano.a(lib_a-findfp.o)
                0x000000000001b8b4                __sf_fake_stderr
 .rodata.__sf_fake_stdin
                0x000000000001b8d4       0x20 /mnt/c/SJSU_Dev2/SJSU-Dev2/tools/gcc-arm-none-eabi-7-2017-q4-major/bin/../lib/gcc/arm-none-eabi/7.2.1/../../../../arm-none-eabi/lib/thumb/v7e-m/fpv4-sp/hard/libg_nano.a(lib_a-findfp.o)
                0x000000000001b8d4                __sf_fake_stdin
 .rodata.__sf_fake_stdout
                0x000000000001b8f4       0x20 /mnt/c/SJSU_Dev2/SJSU-Dev2/tools/gcc-arm-none-eabi-7-2017-q4-major/bin/../lib/gcc/arm-none-eabi/7.2.1/../../../../arm-none-eabi/lib/thumb/v7e-m/fpv4-sp/hard/libg_nano.a(lib_a-findfp.o)
                0x000000000001b8f4                __sf_fake_stdout
                0x000000000001b914                . = ALIGN (0x4)

.glue_7         0x000000000001b914        0x0
 .glue_7        0x000000000001b914        0x0 linker stubs

.glue_7t        0x000000000001b914        0x0
 .glue_7t       0x000000000001b914        0x0 linker stubs

.vfp11_veneer   0x000000000001b914        0x0
 .vfp11_veneer  0x000000000001b914        0x0 linker stubs

.v4_bx          0x000000000001b914        0x0
 .v4_bx         0x000000000001b914        0x0 linker stubs

.iplt           0x000000000001b914        0x0
 .iplt          0x000000000001b914        0x0 /mnt/c/SJSU_Dev2/SJSU-Dev2/tools/gcc-arm-none-eabi-7-2017-q4-major/bin/../lib/gcc/arm-none-eabi/7.2.1/thumb/v7e-m/fpv4-sp/hard/crtbegin.o

.ARM.extab
 *(.ARM.extab* .gnu.linkonce.armextab.*)
                0x000000000001b914                __exidx_start = .

.ARM.exidx      0x000000000001b914        0x8
 *(.ARM.exidx* .gnu.linkonce.armexidx.*)