Archive member included to satisfy reference by file (symbol)

/mnt/c/SJSU_Dev2/SJSU-Dev2/tools/gcc-arm-none-eabi-7-2017-q4-major/bin/../lib/gcc/arm-none-eabi/7.2.1/../../../../arm-none-eabi/lib/thumb/v7e-m/fpv4-sp/hard/libstdc++_nano.a(guard.o)
                              build/application/compiled//mnt/c/SJSU_Dev2/SJSU-Dev2/firmware/library/L3_Application/task_scheduler.cpp.o (__cxa_guard_acquire)
/mnt/c/SJSU_Dev2/SJSU-Dev2/tools/gcc-arm-none-eabi-7-2017-q4-major/bin/../lib/gcc/arm-none-eabi/7.2.1/../../../../arm-none-eabi/lib/thumb/v7e-m/fpv4-sp/hard/libstdc++_nano.a(pure.o)
                              build/application/compiled/source/main.cpp.o (__cxa_pure_virtual)
/mnt/c/SJSU_Dev2/SJSU-Dev2/tools/gcc-arm-none-eabi-7-2017-q4-major/bin/../lib/gcc/arm-none-eabi/7.2.1/../../../../arm-none-eabi/lib/thumb/v7e-m/fpv4-sp/hard/libstdc++_nano.a(eh_terminate.o)
                              /mnt/c/SJSU_Dev2/SJSU-Dev2/tools/gcc-arm-none-eabi-7-2017-q4-major/bin/../lib/gcc/arm-none-eabi/7.2.1/../../../../arm-none-eabi/lib/thumb/v7e-m/fpv4-sp/hard/libstdc++_nano.a(pure.o) (std::terminate())
/mnt/c/SJSU_Dev2/SJSU-Dev2/tools/gcc-arm-none-eabi-7-2017-q4-major/bin/../lib/gcc/arm-none-eabi/7.2.1/../../../../arm-none-eabi/lib/thumb/v7e-m/fpv4-sp/hard/libstdc++_nano.a(eh_term_handler.o)
                              /mnt/c/SJSU_Dev2/SJSU-Dev2/tools/gcc-arm-none-eabi-7-2017-q4-major/bin/../lib/gcc/arm-none-eabi/7.2.1/../../../../arm-none-eabi/lib/thumb/v7e-m/fpv4-sp/hard/libstdc++_nano.a(eh_terminate.o) (__cxxabiv1::__terminate_handler)
/mnt/c/SJSU_Dev2/SJSU-Dev2/tools/gcc-arm-none-eabi-7-2017-q4-major/bin/../lib/gcc/arm-none-eabi/7.2.1/../../../../arm-none-eabi/lib/thumb/v7e-m/fpv4-sp/hard/libstdc++_nano.a(eh_unex_handler.o)
                              /mnt/c/SJSU_Dev2/SJSU-Dev2/tools/gcc-arm-none-eabi-7-2017-q4-major/bin/../lib/gcc/arm-none-eabi/7.2.1/../../../../arm-none-eabi/lib/thumb/v7e-m/fpv4-sp/hard/libstdc++_nano.a(eh_terminate.o) (__cxxabiv1::__unexpected_handler)
/mnt/c/SJSU_Dev2/SJSU-Dev2/tools/gcc-arm-none-eabi-7-2017-q4-major/bin/../lib/gcc/arm-none-eabi/7.2.1/../../../../arm-none-eabi/lib/thumb/v7e-m/fpv4-sp/hard/libm.a(lib_a-sf_round.o)
                              build/application/compiled//mnt/c/SJSU_Dev2/SJSU-Dev2/firmware/library/L0_LowLevel/startup.cpp.o (roundf)
/mnt/c/SJSU_Dev2/SJSU-Dev2/tools/gcc-arm-none-eabi-7-2017-q4-major/bin/../lib/gcc/arm-none-eabi/7.2.1/thumb/v7e-m/fpv4-sp/hard/libgcc.a(_arm_truncdfsf2.o)
                              build/application/compiled//mnt/c/SJSU_Dev2/SJSU-Dev2/firmware/library/third_party/printf/printf.cpp.o (__aeabi_d2f)
/mnt/c/SJSU_Dev2/SJSU-Dev2/tools/gcc-arm-none-eabi-7-2017-q4-major/bin/../lib/gcc/arm-none-eabi/7.2.1/thumb/v7e-m/fpv4-sp/hard/libgcc.a(_aeabi_uldivmod.o)
                              build/application/compiled/source/main.cpp.o (__aeabi_uldivmod)
/mnt/c/SJSU_Dev2/SJSU-Dev2/tools/gcc-arm-none-eabi-7-2017-q4-major/bin/../lib/gcc/arm-none-eabi/7.2.1/thumb/v7e-m/fpv4-sp/hard/libgcc.a(_udivmoddi4.o)
                              /mnt/c/SJSU_Dev2/SJSU-Dev2/tools/gcc-arm-none-eabi-7-2017-q4-major/bin/../lib/gcc/arm-none-eabi/7.2.1/thumb/v7e-m/fpv4-sp/hard/libgcc.a(_aeabi_uldivmod.o) (__udivmoddi4)
/mnt/c/SJSU_Dev2/SJSU-Dev2/tools/gcc-arm-none-eabi-7-2017-q4-major/bin/../lib/gcc/arm-none-eabi/7.2.1/thumb/v7e-m/fpv4-sp/hard/libgcc.a(_dvmd_tls.o)
                              /mnt/c/SJSU_Dev2/SJSU-Dev2/tools/gcc-arm-none-eabi-7-2017-q4-major/bin/../lib/gcc/arm-none-eabi/7.2.1/thumb/v7e-m/fpv4-sp/hard/libgcc.a(_aeabi_uldivmod.o) (__aeabi_ldiv0)
/mnt/c/SJSU_Dev2/SJSU-Dev2/tools/gcc-arm-none-eabi-7-2017-q4-major/bin/../lib/gcc/arm-none-eabi/7.2.1/../../../../arm-none-eabi/lib/thumb/v7e-m/fpv4-sp/hard/libg_nano.a(lib_a-abort.o)
                              /mnt/c/SJSU_Dev2/SJSU-Dev2/tools/gcc-arm-none-eabi-7-2017-q4-major/bin/../lib/gcc/arm-none-eabi/7.2.1/../../../../arm-none-eabi/lib/thumb/v7e-m/fpv4-sp/hard/libstdc++_nano.a(eh_terminate.o) (abort)
/mnt/c/SJSU_Dev2/SJSU-Dev2/tools/gcc-arm-none-eabi-7-2017-q4-major/bin/../lib/gcc/arm-none-eabi/7.2.1/../../../../arm-none-eabi/lib/thumb/v7e-m/fpv4-sp/hard/libg_nano.a(lib_a-exit.o)
                              /mnt/c/SJSU_Dev2/SJSU-Dev2/tools/gcc-arm-none-eabi-7-2017-q4-major/bin/../lib/gcc/arm-none-eabi/7.2.1/../../../../arm-none-eabi/lib/thumb/v7e-m/fpv4-sp/hard/crt0.o (exit)
/mnt/c/SJSU_Dev2/SJSU-Dev2/tools/gcc-arm-none-eabi-7-2017-q4-major/bin/../lib/gcc/arm-none-eabi/7.2.1/../../../../arm-none-eabi/lib/thumb/v7e-m/fpv4-sp/hard/libg_nano.a(lib_a-impure.o)
                              /mnt/c/SJSU_Dev2/SJSU-Dev2/tools/gcc-arm-none-eabi-7-2017-q4-major/bin/../lib/gcc/arm-none-eabi/7.2.1/../../../../arm-none-eabi/lib/thumb/v7e-m/fpv4-sp/hard/libg_nano.a(lib_a-exit.o) (_global_impure_ptr)
/mnt/c/SJSU_Dev2/SJSU-Dev2/tools/gcc-arm-none-eabi-7-2017-q4-major/bin/../lib/gcc/arm-none-eabi/7.2.1/../../../../arm-none-eabi/lib/thumb/v7e-m/fpv4-sp/hard/libg_nano.a(lib_a-init.o)
[...]
Memory Configuration

Name             Origin             Length             Attributes
MFlash512        0x0000000000010000 0x0000000000070000 xr
RamLoc64         0x0000000010000000 0x0000000000010000 xrw
RamPeriph32      0x0000000020000000 0x0000000000008000 xrw
*default*        0x0000000000000000 0xffffffffffffffff

Linker script and memory map

LOAD /mnt/c/SJSU_Dev2/SJSU-Dev2/tools/gcc-arm-none-eabi-7-2017-q4-major/bin/../lib/gcc/arm-none-eabi/7.2.1/thumb/v7e-m/fpv4-sp/hard/crti.o
LOAD /mnt/c/SJSU_Dev2/SJSU-Dev2/tools/gcc-arm-none-eabi-7-2017-q4-major/bin/../lib/gcc/arm-none-eabi/7.2.1/thumb/v7e-m/fpv4-sp/hard/crtbegin.o
LOAD /mnt/c/SJSU_Dev2/SJSU-Dev2/tools/gcc-arm-none-eabi-7-2017-q4-major/bin/../lib/gcc/arm-none-eabi/7.2.1/../../../../arm-none-eabi/lib/thumb/v7e-m/fpv4-sp/hard/crt0.o
LOAD build/application/compiled/source/LabGPIO.cpp.o
LOAD build/application/compiled/source/main.cpp.o
LOAD build/application/compiled/source/pinconn.cpp.o
LOAD build/application/compiled//mnt/c/SJSU_Dev2/SJSU-Dev2/firmware/library/L0_LowLevel/startup.cpp.o
LOAD build/application/compiled//mnt/c/SJSU_Dev2/SJSU-Dev2/firmware/library/L0_LowLevel/interrupt.cpp.o
LOAD build/application/compiled//mnt/c/SJSU_Dev2/SJSU-Dev2/firmware/library/L3_Application/task_scheduler.cpp.o
LOAD build/application/compiled//mnt/c/SJSU_Dev2/SJSU-Dev2/firmware/library/newlib/newlib.cpp.o
LOAD build/application/compiled//mnt/c/SJSU_Dev2/SJSU-Dev2/firmware/library/newlib/scanf.cpp.o
LOAD build/application/compiled//mnt/c/SJSU_Dev2/SJSU-Dev2/firmware/library/third_party/FreeRTOS/Source/timers.c.o
LOAD build/application/compiled//mnt/c/SJSU_Dev2/SJSU-Dev2/firmware/library/third_party/FreeRTOS/Source/event_groups.c.o
LOAD build/application/compiled//mnt/c/SJSU_Dev2/SJSU-Dev2/firmware/library/third_party/FreeRTOS/Source/stream_buffer.c.o
LOAD build/application/compiled//mnt/c/SJSU_Dev2/SJSU-Dev2/firmware/library/third_party/FreeRTOS/Source/list.c.o
LOAD build/application/compiled//mnt/c/SJSU_Dev2/SJSU-Dev2/firmware/library/third_party/FreeRTOS/Source/croutine.c.o
LOAD build/application/compiled//mnt/c/SJSU_Dev2/SJSU-Dev2/firmware/library/third_party/FreeRTOS/Source/tasks.c.o
LOAD build/application/compiled//mnt/c/SJSU_Dev2/SJSU-Dev2/firmware/library/third_party/FreeRTOS/Source/queue.c.o
LOAD build/application/compiled//mnt/c/SJSU_Dev2/SJSU-Dev2/firmware/library/third_party/FreeRTOS/Source/portable/GCC/ARM_CM4F/port.c.o
LOAD build/application/compiled//mnt/c/SJSU_Dev2/SJSU-Dev2/firmware/library/third_party/FreeRTOS/Source/portable/MemMang/heap_3.c.o
LOAD build/application/compiled//mnt/c/SJSU_Dev2/SJSU-Dev2/firmware/library/third_party/microrl/microrl.cpp.o
LOAD build/application/compiled//mnt/c/SJSU_Dev2/SJSU-Dev2/firmware/library/third_party/printf/printf.cpp.o
LOAD build/application/compiled//mnt/c/SJSU_Dev2/SJSU-Dev2/firmware/library/third_party/fatfs/source/diskio.cpp.o
LOAD build/application/compiled//mnt/c/SJSU_Dev2/SJSU-Dev2/firmware/library/third_party/fatfs/source/ff.c.o
LOAD build/application/compiled//mnt/c/SJSU_Dev2/SJSU-Dev2/firmware/library/third_party/fatfs/source/ffsystem.c.o
LOAD build/application/compiled//mnt/c/SJSU_Dev2/SJSU-Dev2/firmware/library/third_party/fatfs/source/ffunicode.c.o
LOAD /mnt/c/SJSU_Dev2/SJSU-Dev2/tools/gcc-arm-none-eabi-7-2017-q4-major/bin/../lib/gcc/arm-none-eabi/7.2.1/../../../../arm-none-eabi/lib/thumb/v7e-m/fpv4-sp/hard/libstdc++_nano.a
LOAD /mnt/c/SJSU_Dev2/SJSU-Dev2/tools/gcc-arm-none-eabi-7-2017-q4-major/bin/../lib/gcc/arm-none-eabi/7.2.1/../../../../arm-none-eabi/lib/thumb/v7e-m/fpv4-sp/hard/libm.a
START GROUP
LOAD /mnt/c/SJSU_Dev2/SJSU-Dev2/tools/gcc-arm-none-eabi-7-2017-q4-major/bin/../lib/gcc/arm-none-eabi/7.2.1/thumb/v7e-m/fpv4-sp/hard/libgcc.a
LOAD /mnt/c/SJSU_Dev2/SJSU-Dev2/tools/gcc-arm-none-eabi-7-2017-q4-major/bin/../lib/gcc/arm-none-eabi/7.2.1/../../../../arm-none-eabi/lib/thumb/v7e-m/fpv4-sp/hard/libg_nano.a
LOAD /mnt/c/SJSU_Dev2/SJSU-Dev2/tools/gcc-arm-none-eabi-7-2017-q4-major/bin/../lib/gcc/arm-none-eabi/7.2.1/../../../../arm-none-eabi/lib/thumb/v7e-m/fpv4-sp/hard/libc_nano.a
END GROUP
START GROUP
LOAD /mnt/c/SJSU_Dev2/SJSU-Dev2/tools/gcc-arm-none-eabi-7-2017-q4-major/bin/../lib/gcc/arm-none-eabi/7.2.1/thumb/v7e-m/fpv4-sp/hard/libgcc.a
LOAD /mnt/c/SJSU_Dev2/SJSU-Dev2/tools/gcc-arm-none-eabi-7-2017-q4-major/bin/../lib/gcc/arm-none-eabi/7.2.1/../../../../arm-none-eabi/lib/thumb/v7e-m/fpv4-sp/hard/libc_nano.a
END GROUP
LOAD /mnt/c/SJSU_Dev2/SJSU-Dev2/tools/gcc-arm-none-eabi-7-2017-q4-major/bin/../lib/gcc/arm-none-eabi/7.2.1/thumb/v7e-m/fpv4-sp/hard/crtend.o
LOAD /mnt/c/SJSU_Dev2/SJSU-Dev2/tools/gcc-arm-none-eabi-7-2017-q4-major/bin/../lib/gcc/arm-none-eabi/7.2.1/thumb/v7e-m/fpv4-sp/hard/crtn.o
                0x0000000000000000                __base_MFlash512 = 0x0
                0x0000000000000000                __base_Flash = 0x0
                0x0000000000080000                __top_MFlash512 = 0x80000
                0x0000000000080000                __top_Flash = 0x80000
                0x0000000010000000                __base_RamLoc64 = 0x10000000
                0x0000000010000000                __base_RAM = 0x10000000
                0x0000000010010000                __top_RamLoc64 = 0x10010000
                0x0000000010010000                __top_RAM = 0x10010000
                0x0000000020000000                __base_RamPeriph32 = 0x20000000
                0x0000000020000000                __base_RAM2 = 0x20000000
                0x0000000020008000                __top_RamPeriph32 = 0x20008000
                0x0000000020008000                __top_RAM2 = 0x20008000
                0x0000000020000000                __user_heap_base = __base_RAM2

.text           0x0000000000010000     0xbac4
 FILL mask 0xff
                0x0000000000010000                __vectors_start__ = ABSOLUTE (.)
 *(.isr_vector)
 .isr_vector    0x0000000000010000       0xe4 build/application/compiled//mnt/c/SJSU_Dev2/SJSU-Dev2/firmware/library/L0_LowLevel/interrupt.cpp.o
                0x00000000000100e4                . = ALIGN (0x4)
                0x00000000000100e4                section_table_start = .
                0x00000000000100e4                data_section_table = .
                0x00000000000100e4        0x4 LONG 0x1bacc LOADADDR (.data)
                0x00000000000100e8        0x4 LONG 0x10000000 ADDR (.data)
                0x00000000000100ec        0x4 LONG 0x644 SIZEOF (.data)
                0x00000000000100f0        0x4 LONG 0x1bacc LOADADDR (.data_RAM2)
                0x00000000000100f4        0x4 LONG 0x20000000 ADDR (.data_RAM2)
                0x00000000000100f8        0x4 LONG 0x0 SIZEOF (.data_RAM2)
                0x00000000000100fc                data_section_table_end = .
                0x00000000000100fc                bss_section_table = .
                0x00000000000100fc        0x4 LONG 0x10000648 ADDR (.bss)
                0x0000000000010100        0x4 LONG 0xfb8 SIZEOF (.bss)
                0x0000000000010104        0x4 LONG 0x20000000 ADDR (.bss_RAM2)
                0x0000000000010108        0x4 LONG 0x0 SIZEOF (.bss_RAM2)
                0x000000000001010c                bss_section_table_end = .
                0x000000000001010c                section_table_end = .
 *(.after_vectors*)
 .after_vectors
                0x000000000001010c      0x10c build/application/compiled//mnt/c/SJSU_Dev2/SJSU-Dev2/firmware/library/L0_LowLevel/startup.cpp.o
                0x000000000001010c                InitDataSection()
                0x000000000001019c                InitBssSection()
                0x00000000000101fc                InitFpu()
 .after_vectors
                0x0000000000010218       0x1c build/application/compiled//mnt/c/SJSU_Dev2/SJSU-Dev2/firmware/library/L0_LowLevel/interrupt.cpp.o
                0x0000000000010218                HardFaultHandler
                0x00000000000002fc                . = 0x2fc
 *fill*         0x0000000000010234       0xc8 ff
                0x00000000000102fc                PROVIDE (__CRP_WORD_START__, .)
 *(.crp)
 .crp           0x00000000000102fc        0x4 build/application/compiled//mnt/c/SJSU_Dev2/SJSU-Dev2/firmware/library/L0_LowLevel/startup.cpp.o
                0x0000000000010300                PROVIDE (__CRP_WORD_END__, .)
                0x0000000000000001                ASSERT (! ((__CRP_WORD_START__ == __CRP_WORD_END__)), Linker CRP Enabled, but no CRP_WORD provided within application)
                0x0000000000010300                . = ALIGN (0x4)
 *(.init)
 .init          0x0000000000010300        0x4 /mnt/c/SJSU_Dev2/SJSU-Dev2/tools/gcc-arm-none-eabi-7-2017-q4-major/bin/../lib/gcc/arm-none-eabi/7.2.1/thumb/v7e-m/fpv4-sp/hard/crti.o
                0x0000000000010300                _init
 .init          0x0000000000010304        0x8 /mnt/c/SJSU_Dev2/SJSU-Dev2/tools/gcc-arm-none-eabi-7-2017-q4-major/bin/../lib/gcc/arm-none-eabi/7.2.1/thumb/v7e-m/fpv4-sp/hard/crtn.o
                0x000000000001030c                . = ALIGN (0x4)
                0x000000000001030c                __preinit_array_start = .
 *(.preinit_array)
                0x000000000001030c                __preinit_array_end = .
                0x000000000001030c                . = ALIGN (0x4)
                0x000000000001030c                __init_array_start = .
 *(SORT_BY_NAME(.init_array.*))
 *(.init_array)
 .init_array    0x000000000001030c        0x4 /mnt/c/SJSU_Dev2/SJSU-Dev2/tools/gcc-arm-none-eabi-7-2017-q4-major/bin/../lib/gcc/arm-none-eabi/7.2.1/thumb/v7e-m/fpv4-sp/hard/crtbegin.o
 .init_array    0x0000000000010310        0x4 build/application/compiled/source/main.cpp.o
 .init_array    0x0000000000010314        0x4 build/application/compiled//mnt/c/SJSU_Dev2/SJSU-Dev2/firmware/library/L0_LowLevel/startup.cpp.o
 .init_array    0x0000000000010318        0x4 build/application/compiled//mnt/c/SJSU_Dev2/SJSU-Dev2/firmware/library/third_party/fatfs/source/diskio.cpp.o
                0x000000000001031c                __init_array_end = .
 *(.fini)
 .fini          0x000000000001031c        0x4 /mnt/c/SJSU_Dev2/SJSU-Dev2/tools/gcc-arm-none-eabi-7-2017-q4-major/bin/../lib/gcc/arm-none-eabi/7.2.1/thumb/v7e-m/fpv4-sp/hard/crti.o
                0x000000000001031c                _fini
 .fini          0x0000000000010320        0x8 /mnt/c/SJSU_Dev2/SJSU-Dev2/tools/gcc-arm-none-eabi-7-2017-q4-major/bin/../lib/gcc/arm-none-eabi/7.2.1/thumb/v7e-m/fpv4-sp/hard/crtn.o
                0x0000000000010328                . = ALIGN (0x4)
 *crtbegin.o(.ctors)
 *(EXCLUDE_FILE(*crtend.o) .ctors)
 *(SORT_BY_NAME(.ctors.*))
 *crtend.o(.ctors)
                0x0000000000010328                . = ALIGN (0x4)
 *crtbegin.o(.dtors)
 *(EXCLUDE_FILE(*crtend.o) .dtors)
 *(SORT_BY_NAME(.dtors.*))
 *crtend.o(.dtors)
 *(.text*)
 .text          0x0000000000010328       0x40 /mnt/c/SJSU_Dev2/SJSU-Dev2/tools/gcc-arm-none-eabi-7-2017-q4-major/bin/../lib/gcc/arm-none-eabi/7.2.1/thumb/v7e-m/fpv4-sp/hard/crtbegin.o
 .text._ZN7LabGPIOC2Ehh
                0x0000000000010368       0x48 build/application/compiled/source/LabGPIO.cpp.o
                0x0000000000010368                LabGPIO::LabGPIO(unsigned char, unsigned char)
                0x0000000000010368                LabGPIO::LabGPIO(unsigned char, unsigned char)
 .text._ZN7LabGPIO7SetHighEv
                0x00000000000103b0       0xd0 build/application/compiled/source/LabGPIO.cpp.o
                0x00000000000103b0                LabGPIO::SetHigh()
 .text._ZN7LabGPIO6SetLowEv
                0x0000000000010480       0xd0 build/application/compiled/source/LabGPIO.cpp.o
                0x0000000000010480                LabGPIO::SetLow()
 .text._ZN7LabGPIO8ReadBoolEv
                0x0000000000010550      0x124 build/application/compiled/source/LabGPIO.cpp.o
                0x0000000000010550                LabGPIO::ReadBool()
 .text._ZN7LabGPIO6toggleEv
                0x0000000000010674      0x118 build/application/compiled/source/LabGPIO.cpp.o
                0x0000000000010674                LabGPIO::toggle()
 .text._ZN7LabGPIO11setPulldownEv
                0x000000000001078c       0xcc build/application/compiled/source/LabGPIO.cpp.o
                0x000000000001078c                LabGPIO::setPulldown()
 .text._ZN12PinInterfaceC2Ev
                0x0000000000010858       0x34 build/application/compiled/source/main.cpp.o
                0x0000000000010858                PinInterface::PinInterface()
                0x0000000000010858                PinInterface::PinInterface()
 .text._ZN3PinC2Ehh
                0x000000000001088c       0x58 build/application/compiled/source/main.cpp.o
                0x000000000001088c                Pin::Pin(unsigned char, unsigned char)
                0x000000000001088c                Pin::Pin(unsigned char, unsigned char)
 .text._ZN3Pin14SetPinFunctionEh
                0x00000000000108e4       0x78 build/application/compiled/source/main.cpp.o
                0x00000000000108e4                Pin::SetPinFunction(unsigned char)
 .text._ZN3Pin7SetModeEN12PinInterface4ModeE
                0x000000000001095c       0x80 build/application/compiled/source/main.cpp.o
                0x000000000001095c                Pin::SetMode(PinInterface::Mode)
 .text._ZN3Pin16EnableHysteresisEb
                0x00000000000109dc       0x74 build/application/compiled/source/main.cpp.o
                0x00000000000109dc                Pin::EnableHysteresis(bool)
 .text._ZN3Pin14SetAsActiveLowEb
                0x0000000000010a50       0x74 build/application/compiled/source/main.cpp.o
                0x0000000000010a50                Pin::SetAsActiveLow(bool)
 .text._ZN3Pin15SetAsAnalogModeEb
                0x0000000000010ac4       0x7c build/application/compiled/source/main.cpp.o
                0x0000000000010ac4                Pin::SetAsAnalogMode(bool)
 .text._ZN3Pin19EnableDigitalFilterEb
                0x0000000000010b40       0x7c build/application/compiled/source/main.cpp.o
                0x0000000000010b40                Pin::EnableDigitalFilter(bool)
 .text._ZN3Pin14EnableFastModeEb
                0x0000000000010bbc       0x74 build/application/compiled/source/main.cpp.o
                0x0000000000010bbc                Pin::EnableFastMode(bool)
 .text._ZN3Pin22EnableI2cHighSpeedModeEb
                0x0000000000010c30       0x7c build/application/compiled/source/main.cpp.o
                0x0000000000010c30                Pin::EnableI2cHighSpeedMode(bool)
 .text._ZN3Pin25EnableI2cHighCurrentDriveEb
                0x0000000000010cac       0x74 build/application/compiled/source/main.cpp.o
                0x0000000000010cac                Pin::EnableI2cHighCurrentDrive(bool)
 .text._ZN3Pin14SetAsOpenDrainEb
                0x0000000000010d20       0x74 build/application/compiled/source/main.cpp.o
                0x0000000000010d20                Pin::SetAsOpenDrain(bool)
 .text._ZN3Pin9EnableDacEb
                0x0000000000010d94       0x74 build/application/compiled/source/main.cpp.o
                0x0000000000010d94                Pin::EnableDac(bool)
 .text._ZN3Pin8BitPlaceEmmmm
                0x0000000000010e08       0x64 build/application/compiled/source/main.cpp.o
                0x0000000000010e08                Pin::BitPlace(unsigned long, unsigned long, unsigned long, unsigned long)
 .text._ZNK3Pin7GetPortEv
                0x0000000000010e6c       0x2c build/application/compiled/source/main.cpp.o
                0x0000000000010e6c                Pin::GetPort() const
 .text._ZNK3Pin6GetPinEv
                0x0000000000010e98       0x2c build/application/compiled/source/main.cpp.o
                0x0000000000010e98                Pin::GetPin() const
 .text._ZN5debug14PrintBacktraceEbPv
                0x0000000000010ec4      0x100 build/application/compiled/source/main.cpp.o
                0x0000000000010ec4                debug::PrintBacktrace(bool, void*)
 .text._ZN12_GLOBAL__N_113DefaultUptimeEv
                0x0000000000010fc4       0x30 build/application/compiled/source/main.cpp.o
 .text._Z12Millisecondsv
                0x0000000000010ff4       0x44 build/application/compiled/source/main.cpp.o
                0x0000000000010ff4                Milliseconds()
 .text._ZZ4WaityENKUlvE_clEv
                0x0000000000011038       0x2c build/application/compiled/source/main.cpp.o
                0x0000000000011038                Wait(unsigned long long)::{lambda()#1}::operator()() const
 .text._ZZ4WaityENUlvE_4_FUNEv
                0x0000000000011064       0x2c build/application/compiled/source/main.cpp.o
                0x0000000000011064                Wait(unsigned long long)::{lambda()#1}::_FUN()
 .text._Z4Waity
                0x0000000000011090       0xc4 build/application/compiled/source/main.cpp.o
                0x0000000000011090                Wait(unsigned long long)
 .text._Z5Delayy
                0x0000000000011154       0x30 build/application/compiled/source/main.cpp.o
                0x0000000000011154                Delay(unsigned long long)
 .text._ZN13GpioInterfaceC2Ev
                0x0000000000011184       0x34 build/application/compiled/source/main.cpp.o
                0x0000000000011184                GpioInterface::GpioInterface()
                0x0000000000011184                GpioInterface::GpioInterface()
 .text._ZN4GpioC2Ehh
                0x00000000000111b8       0x7c build/application/compiled/source/main.cpp.o
                0x00000000000111b8                Gpio::Gpio(unsigned char, unsigned char)
                0x00000000000111b8                Gpio::Gpio(unsigned char, unsigned char)
 .text._ZN4Gpio10SetAsInputEv
                0x0000000000011234       0x7c build/application/compiled/source/main.cpp.o
                0x0000000000011234                Gpio::SetAsInput()
 .text._ZN4Gpio11SetAsOutputEv
                0x00000000000112b0       0x7c build/application/compiled/source/main.cpp.o
                0x00000000000112b0                Gpio::SetAsOutput()
 .text._ZN4Gpio12SetDirectionEN13GpioInterface9DirectionE
                0x000000000001132c       0x44 build/application/compiled/source/main.cpp.o
                0x000000000001132c                Gpio::SetDirection(GpioInterface::Direction)
 .text._ZN4Gpio7SetHighEv
                0x0000000000011370       0x64 build/application/compiled/source/main.cpp.o
                0x0000000000011370                Gpio::SetHigh()
 .text._ZN4Gpio6SetLowEv
                0x00000000000113d4       0x64 build/application/compiled/source/main.cpp.o
                0x00000000000113d4                Gpio::SetLow()
 .text._ZN4Gpio3SetEN13GpioInterface5StateE
                0x0000000000011438       0x44 build/application/compiled/source/main.cpp.o
                0x0000000000011438                Gpio::Set(GpioInterface::State)
 .text._ZN4Gpio6ToggleEv
                0x000000000001147c       0x6c build/application/compiled/source/main.cpp.o
                0x000000000001147c                Gpio::Toggle()
 .text._ZN4Gpio9ReadStateEv
                0x00000000000114e8       0x78 build/application/compiled/source/main.cpp.o
                0x00000000000114e8                Gpio::ReadState()
 .text._ZN4Gpio4ReadEv
                0x0000000000011560       0x70 build/application/compiled/source/main.cpp.o
                0x0000000000011560                Gpio::Read()
 .text._ZN4Gpio6GetPinEv
                0x00000000000115d0       0x2c build/application/compiled/source/main.cpp.o
                0x00000000000115d0                Gpio::GetPin()
 .text._ZN4Gpio14ValidPortCheckEv
                0x00000000000115fc       0x7c build/application/compiled/source/main.cpp.o
                0x00000000000115fc                Gpio::ValidPortCheck()
 .text._ZN4Gpio19SetInterruptRoutineEPFvvE
                0x0000000000011678       0x5c build/application/compiled/source/main.cpp.o
                0x0000000000011678                Gpio::SetInterruptRoutine(void (*)())
 .text._ZN4Gpio21ClearInterruptRoutineEv
                0x00000000000116d4       0x54 build/application/compiled/source/main.cpp.o
                0x00000000000116d4                Gpio::ClearInterruptRoutine()
 .text._ZN4util5ValueIN13GpioInterface4EdgeEhEET0_T_
                0x0000000000011728       0x30 build/application/compiled/source/main.cpp.o
                0x0000000000011728                unsigned char util::Value<GpioInterface::Edge, unsigned char>(GpioInterface::Edge)
 .text._ZN4Gpio16SetInterruptEdgeEN13GpioInterface4EdgeE
                0x0000000000011758       0x88 build/application/compiled/source/main.cpp.o
                0x0000000000011758                Gpio::SetInterruptEdge(GpioInterface::Edge)
 .text._ZN4Gpio18ClearInterruptEdgeEN13GpioInterface4EdgeE
                0x00000000000117e0       0x88 build/application/compiled/source/main.cpp.o
                0x00000000000117e0                Gpio::ClearInterruptEdge(GpioInterface::Edge)
 .text._ZN4Gpio15AttachInterruptEPFvvEN13GpioInterface4EdgeE
                0x0000000000011868       0x48 build/application/compiled/source/main.cpp.o
                0x0000000000011868                Gpio::AttachInterrupt(void (*)(), GpioInterface::Edge)
 .text._ZN4Gpio15DetachInterruptEv
                0x00000000000118b0       0x40 build/application/compiled/source/main.cpp.o
                0x00000000000118b0                Gpio::DetachInterrupt()
 .text._ZN4Gpio13SetEdgeRisingEv
                0x00000000000118f0       0x7c build/application/compiled/source/main.cpp.o
                0x00000000000118f0                Gpio::SetEdgeRising()
 .text._ZN4Gpio14SetEdgeFallingEv
                0x000000000001196c       0x7c build/application/compiled/source/main.cpp.o
                0x000000000001196c                Gpio::SetEdgeFalling()
 .text._ZN4Gpio15ClearEdgeRisingEv
                0x00000000000119e8       0x7c build/application/compiled/source/main.cpp.o
                0x00000000000119e8                Gpio::ClearEdgeRising()
 .text._ZN4Gpio16ClearEdgeFallingEv
                0x0000000000011a64       0x7c build/application/compiled/source/main.cpp.o
                0x0000000000011a64                Gpio::ClearEdgeFalling()
 .text._ZN25SystemControllerInterfaceC2Ev
                0x0000000000011ae0       0x18 build/application/compiled/source/main.cpp.o
                0x0000000000011ae0                SystemControllerInterface::SystemControllerInterface()
                0x0000000000011ae0                SystemControllerInterface::SystemControllerInterface()
 .text._ZN23Lpc40xxSystemControllerC2Ev
                0x0000000000011af8       0x24 build/application/compiled/source/main.cpp.o
                0x0000000000011af8                Lpc40xxSystemController::Lpc40xxSystemController()
                0x0000000000011af8                Lpc40xxSystemController::Lpc40xxSystemController()
 .text._ZN23Lpc40xxSystemController17SetClockFrequencyEh
                0x0000000000011b1c       0x90 build/application/compiled/source/main.cpp.o
                0x0000000000011b1c                Lpc40xxSystemController::SetClockFrequency(unsigned char)
 .text._ZN23Lpc40xxSystemController25SetPeripheralClockDividerEh
                0x0000000000011bac       0x58 build/application/compiled/source/main.cpp.o
                0x0000000000011bac                Lpc40xxSystemController::SetPeripheralClockDivider(unsigned char)
 .text._ZNK23Lpc40xxSystemController25GetPeripheralClockDividerEv
                0x0000000000011c04       0x18 build/application/compiled/source/main.cpp.o
                0x0000000000011c04                Lpc40xxSystemController::GetPeripheralClockDivider() const
 .text._ZNK23Lpc40xxSystemController18GetSystemFrequencyEv
                0x0000000000011c1c       0x14 build/application/compiled/source/main.cpp.o
                0x0000000000011c1c                Lpc40xxSystemController::GetSystemFrequency() const
 .text._ZNK23Lpc40xxSystemController22GetPeripheralFrequencyEv
                0x0000000000011c30       0x3e build/application/compiled/source/main.cpp.o
                0x0000000000011c30                Lpc40xxSystemController::GetPeripheralFrequency() const
 *fill*         0x0000000000011c6e        0x2 ff
 .text._ZN23Lpc40xxSystemController17PowerUpPeripheralERKN25SystemControllerInterface12PeripheralIDE
                0x0000000000011c70       0x30 build/application/compiled/source/main.cpp.o
                0x0000000000011c70                Lpc40xxSystemController::PowerUpPeripheral(SystemControllerInterface::PeripheralID const&)
 .text._ZN23Lpc40xxSystemController19PowerDownPeripheralERKN25SystemControllerInterface12PeripheralIDE
                0x0000000000011ca0       0x30 build/application/compiled/source/main.cpp.o
                0x0000000000011ca0                Lpc40xxSystemController::PowerDownPeripheral(SystemControllerInterface::PeripheralID const&)
 .text._ZN23Lpc40xxSystemController22SelectOscillatorSourceENS_16OscillatorSourceE
                0x0000000000011cd0       0x34 build/application/compiled/source/main.cpp.o
                0x0000000000011cd0                Lpc40xxSystemController::SelectOscillatorSource(Lpc40xxSystemController::OscillatorSource)
 .text._ZN23Lpc40xxSystemController21SelectMainClockSourceENS_15MainClockSourceE
                0x0000000000011d04       0x30 build/application/compiled/source/main.cpp.o
                0x0000000000011d04                Lpc40xxSystemController::SelectMainClockSource(Lpc40xxSystemController::MainClockSource)
 .text._ZN23Lpc40xxSystemController20SelectUsbClockSourceENS_9UsbSourceE
                0x0000000000011d34       0x30 build/application/compiled/source/main.cpp.o
                0x0000000000011d34                Lpc40xxSystemController::SelectUsbClockSource(Lpc40xxSystemController::UsbSource)
 .text._ZN23Lpc40xxSystemController22SelectSpifiClockSourceENS_11SpifiSourceE
                0x0000000000011d64       0x30 build/application/compiled/source/main.cpp.o
                0x0000000000011d64                Lpc40xxSystemController::SelectSpifiClockSource(Lpc40xxSystemController::SpifiSource)
 .text._ZN23Lpc40xxSystemController12CalculatePllENS_8PllInputEt
                0x0000000000011d94      0x110 build/application/compiled/source/main.cpp.o
                0x0000000000011d94                Lpc40xxSystemController::CalculatePll(Lpc40xxSystemController::PllInput, unsigned short)
 .text._ZN23Lpc40xxSystemController10SetMainPllENS_8PllInputEt
                0x0000000000011ea4      0x170 build/application/compiled/source/main.cpp.o
                0x0000000000011ea4                Lpc40xxSystemController::SetMainPll(Lpc40xxSystemController::PllInput, unsigned short)
 .text._ZN23Lpc40xxSystemController18SetCpuClockDividerEh
                0x0000000000012014       0x68 build/application/compiled/source/main.cpp.o
                0x0000000000012014                Lpc40xxSystemController::SetCpuClockDivider(unsigned char)
 .text._ZN23Lpc40xxSystemController18SetEmcClockDividerENS_10EmcDividerE
                0x000000000001207c       0x30 build/application/compiled/source/main.cpp.o
                0x000000000001207c                Lpc40xxSystemController::SetEmcClockDivider(Lpc40xxSystemController::EmcDivider)
 .text._ZN4util5ValueIN3Ssp10PeripheralEiEET0_T_
                0x00000000000120ac       0x2c build/application/compiled/source/main.cpp.o
                0x00000000000120ac                int util::Value<Ssp::Peripheral, int>(Ssp::Peripheral)
 .text._ZN12SspInterfaceC2Ev
                0x00000000000120d8       0x34 build/application/compiled/source/main.cpp.o
                0x00000000000120d8                SspInterface::SspInterface()
                0x00000000000120d8                SspInterface::SspInterface()
 .text._ZN12PinInterfaceC2ERKS_
                0x000000000001210c       0x38 build/application/compiled/source/main.cpp.o
                0x000000000001210c                PinInterface::PinInterface(PinInterface const&)
                0x000000000001210c                PinInterface::PinInterface(PinInterface const&)
 .text._ZN3PinC2ERKS_
                0x0000000000012144       0x54 build/application/compiled/source/main.cpp.o
                0x0000000000012144                Pin::Pin(Pin const&)
                0x0000000000012144                Pin::Pin(Pin const&)
 .text._ZN3SspC2ENS_10PeripheralE
                0x0000000000012198       0xe4 build/application/compiled/source/main.cpp.o
                0x0000000000012198                Ssp::Ssp(Ssp::Peripheral)
                0x0000000000012198                Ssp::Ssp(Ssp::Peripheral)
 .text._ZN3Ssp10InitializeEv
                0x000000000001227c       0xe4 build/application/compiled/source/main.cpp.o
                0x000000000001227c                Ssp::Initialize()
 .text._ZN3Ssp17IsTransferRegBusyEv
                0x0000000000012360       0x78 build/application/compiled/source/main.cpp.o
                0x0000000000012360                Ssp::IsTransferRegBusy()
 .text._ZN3Ssp8TransferEt
                0x00000000000123d8       0x6c build/application/compiled/source/main.cpp.o
                0x00000000000123d8                Ssp::Transfer(unsigned short)
 .text._ZN3Ssp19SetSpiMasterDefaultEv
                0x0000000000012444       0x5c build/application/compiled/source/main.cpp.o
                0x0000000000012444                Ssp::SetSpiMasterDefault()
 .text._ZN4util5ValueIN12SspInterface8DataSizeEhEET0_T_
                0x00000000000124a0       0x30 build/application/compiled/source/main.cpp.o
                0x00000000000124a0                unsigned char util::Value<SspInterface::DataSize, unsigned char>(SspInterface::DataSize)
 .text._ZN4util5ValueIN12SspInterface9FrameModeEhEET0_T_
                0x00000000000124d0       0x30 build/application/compiled/source/main.cpp.o
                0x00000000000124d0                unsigned char util::Value<SspInterface::FrameMode, unsigned char>(SspInterface::FrameMode)
 .text._ZN4util5ValueIN12SspInterface15MasterSlaveModeEhEET0_T_
                0x0000000000012500       0x30 build/application/compiled/source/main.cpp.o
                0x0000000000012500                unsigned char util::Value<SspInterface::MasterSlaveMode, unsigned char>(SspInterface::MasterSlaveMode)
 .text._ZN3Ssp17SetPeripheralModeEN12SspInterface15MasterSlaveModeENS0_9FrameModeENS0_8DataSizeE
                0x0000000000012530      0x20c build/application/compiled/source/main.cpp.o
                0x0000000000012530                Ssp::SetPeripheralMode(SspInterface::MasterSlaveMode, SspInterface::FrameMode, SspInterface::DataSize)
 .text._ZN3Ssp17GetPeripheralModeEv
                0x000000000001273c      0x160 build/application/compiled/source/main.cpp.o
                0x000000000001273c                Ssp::GetPeripheralMode()
 .text._ZN3Ssp8SetClockEbbhh
                0x000000000001289c      0x1ec build/application/compiled/source/main.cpp.o
                0x000000000001289c                Ssp::SetClock(bool, bool, unsigned char, unsigned char)
 .text._ZN3Ssp8GetClockEv
                0x0000000000012a88      0x184 build/application/compiled/source/main.cpp.o
                0x0000000000012a88                Ssp::GetClock()
 .text._ZN21PixelDisplayInterface7Color_tC2Ebbbhhb
                0x0000000000012c0c       0x94 build/application/compiled/source/main.cpp.o
                0x0000000000012c0c                PixelDisplayInterface::Color_t::Color_t(bool, bool, bool, unsigned char, unsigned char, bool)
                0x0000000000012c0c                PixelDisplayInterface::Color_t::Color_t(bool, bool, bool, unsigned char, unsigned char, bool)
 .text._ZN21PixelDisplayInterface7Color_tC2Ev
                0x0000000000012ca0       0x68 build/application/compiled/source/main.cpp.o
                0x0000000000012ca0                PixelDisplayInterface::Color_t::Color_t()
                0x0000000000012ca0                PixelDisplayInterface::Color_t::Color_t()
 .text._ZN21PixelDisplayInterface6EnableEv
                0x0000000000012d08       0x28 build/application/compiled/source/main.cpp.o
                0x0000000000012d08                PixelDisplayInterface::Enable()
 .text._ZN21PixelDisplayInterface7DisableEv
                0x0000000000012d30       0x28 build/application/compiled/source/main.cpp.o
                0x0000000000012d30                PixelDisplayInterface::Disable()
 .text._ZN21PixelDisplayInterface6UpdateEv
                0x0000000000012d58       0x28 build/application/compiled/source/main.cpp.o
                0x0000000000012d58                PixelDisplayInterface::Update()
 .text._ZN21PixelDisplayInterfaceC2Ev
                0x0000000000012d80       0x34 build/application/compiled/source/main.cpp.o
                0x0000000000012d80                PixelDisplayInterface::PixelDisplayInterface()
                0x0000000000012d80                PixelDisplayInterface::PixelDisplayInterface()
 .text._ZN7Ssd1306C2Ev
                0x0000000000012db4       0x94 build/application/compiled/source/main.cpp.o
                0x0000000000012db4                Ssd1306::Ssd1306()
                0x0000000000012db4                Ssd1306::Ssd1306()
 .text._ZN7Ssd13068GetWidthEv
                0x0000000000012e48       0x2c build/application/compiled/source/main.cpp.o
                0x0000000000012e48                Ssd1306::GetWidth()
 .text._ZN7Ssd13069GetHeightEv
                0x0000000000012e74       0x2c build/application/compiled/source/main.cpp.o
                0x0000000000012e74                Ssd1306::GetHeight()
 .text._ZN7Ssd130615AvailableColorsEv
                0x0000000000012ea0       0x68 build/application/compiled/source/main.cpp.o
                0x0000000000012ea0                Ssd1306::AvailableColors()
 .text._ZN7Ssd13065WriteEmNS_11TransactionEj
                0x0000000000012f08       0x90 build/application/compiled/source/main.cpp.o
                0x0000000000012f08                Ssd1306::Write(unsigned long, Ssd1306::Transaction, unsigned int)
 .text._ZN7Ssd130619InitializationPanelEv
                0x0000000000012f98       0xf0 build/application/compiled/source/main.cpp.o
                0x0000000000012f98                Ssd1306::InitializationPanel()
 .text._ZN7Ssd130610InitializeEv
                0x0000000000013088       0x84 build/application/compiled/source/main.cpp.o
                0x0000000000013088                Ssd1306::Initialize()
 .text._ZN7Ssd130624SetHorizontalAddressModeEv
                0x000000000001310c       0x54 build/application/compiled/source/main.cpp.o
                0x000000000001310c                Ssd1306::SetHorizontalAddressMode()
 .text._ZN7Ssd13065ClearEv
                0x0000000000013160       0x38 build/application/compiled/source/main.cpp.o
                0x0000000000013160                Ssd1306::Clear()
 .text._ZN7Ssd13069DrawPixelEllN21PixelDisplayInterface7Color_tE
                0x0000000000013198       0x94 build/application/compiled/source/main.cpp.o
                0x0000000000013198                Ssd1306::DrawPixel(long, long, PixelDisplayInterface::Color_t)
 .text._ZN7Ssd13066UpdateEv
                0x000000000001322c       0x74 build/application/compiled/source/main.cpp.o
                0x000000000001322c                Ssd1306::Update()
 .text._ZN8GraphicsC2EP21PixelDisplayInterface
                0x00000000000132a0       0x8c build/application/compiled/source/main.cpp.o
                0x00000000000132a0                Graphics::Graphics(PixelDisplayInterface*)
                0x00000000000132a0                Graphics::Graphics(PixelDisplayInterface*)
 .text._ZN8Graphics10InitializeEv
                0x000000000001332c       0x4c build/application/compiled/source/main.cpp.o
                0x000000000001332c                Graphics::Initialize()
 .text._ZN8Graphics13DrawCharacterEllcb
                0x0000000000013378       0xfc build/application/compiled/source/main.cpp.o
                0x0000000000013378                Graphics::DrawCharacter(long, long, char, bool)
 .text._ZN8Graphics9DrawPixelEmm
                0x0000000000013474       0x58 build/application/compiled/source/main.cpp.o
                0x0000000000013474                Graphics::DrawPixel(unsigned long, unsigned long)
 .text._ZN8Graphics6UpdateEv
                0x00000000000134cc       0x38 build/application/compiled/source/main.cpp.o
                0x00000000000134cc                Graphics::Update()
 .text._ZN8Graphics5ClearEv
                0x0000000000013504       0x38 build/application/compiled/source/main.cpp.o
                0x0000000000013504                Graphics::Clear()
 .text._ZN12OledTerminal10InitializeEv
                0x000000000001353c       0x4c build/application/compiled/source/main.cpp.o
                0x000000000001353c                OledTerminal::Initialize()
 .text._ZN12OledTerminal6printfEPKcz
                0x0000000000013588      0x158 build/application/compiled/source/main.cpp.o
                0x0000000000013588                OledTerminal::printf(char const*, ...)
 .text._ZN12OledTerminal9SetCursorEjj
                0x00000000000136e0       0x48 build/application/compiled/source/main.cpp.o
                0x00000000000136e0                OledTerminal::SetCursor(unsigned int, unsigned int)
 .text._ZN12OledTerminal6UpdateEv
                0x0000000000013728       0x9c build/application/compiled/source/main.cpp.o
                0x0000000000013728                OledTerminal::Update()
 .text._ZN12OledTerminal8ClearRowEj
                0x00000000000137c4       0x50 build/application/compiled/source/main.cpp.o
                0x00000000000137c4                OledTerminal::ClearRow(unsigned int)
 .text._ZN12OledTerminal5ClearEv
                0x0000000000013814       0x58 build/application/compiled/source/main.cpp.o
                0x0000000000013814                OledTerminal::Clear()
 .text._ZN12OledTerminalC2Ev
                0x000000000001386c       0x6c build/application/compiled/source/main.cpp.o
                0x000000000001386c                OledTerminal::OledTerminal()
                0x000000000001386c                OledTerminal::OledTerminal()
 .text.main     0x00000000000138d8       0x9c build/application/compiled/source/main.cpp.o
                0x00000000000138d8                main
 .text._Z10DemoButtonv
                0x0000000000013974      0x18c build/application/compiled/source/main.cpp.o
                0x0000000000013974                DemoButton()
 .text._Z2ECv   0x0000000000013b00      0x224 build/application/compiled/source/main.cpp.o
                0x0000000000013b00                EC()
 .text._Z15morse_translatev
                0x0000000000013d24      0xc3c build/application/compiled/source/main.cpp.o
                0x0000000000013d24                morse_translate()
 .text._Z4WaitIZ4WaityEUlvE_E6StatusyT_
                0x0000000000014960       0xac build/application/compiled/source/main.cpp.o
                0x0000000000014960                Status Wait<Wait(unsigned long long)::{lambda()#1}>(unsigned long long, Wait(unsigned long long)::{lambda()#1})
 .text._ZN3bit3SetImEET_S1_m
                0x0000000000014a0c       0x3c build/application/compiled/source/main.cpp.o
                0x0000000000014a0c                unsigned long bit::Set<unsigned long>(unsigned long, unsigned long)
 .text._ZN3bit4ReadImEEbT_m
                0x0000000000014a48       0x44 build/application/compiled/source/main.cpp.o
                0x0000000000014a48                bool bit::Read<unsigned long>(unsigned long, unsigned long)
 .text._ZN3bit6InsertImhEET_S1_T0_mm
                0x0000000000014a8c       0x74 build/application/compiled/source/main.cpp.o
                0x0000000000014a8c                unsigned long bit::Insert<unsigned long, unsigned char>(unsigned long, unsigned char, unsigned long, unsigned long)
 .text._ZN3bit7ExtractImEET_S1_mm
                0x0000000000014b00       0x54 build/application/compiled/source/main.cpp.o
                0x0000000000014b00                unsigned long bit::Extract<unsigned long>(unsigned long, unsigned long, unsigned long)
 .text._ZN3bit6InsertImbEET_S1_T0_mm
                0x0000000000014b54       0x74 build/application/compiled/source/main.cpp.o
                0x0000000000014b54                unsigned long bit::Insert<unsigned long, bool>(unsigned long, bool, unsigned long, unsigned long)
 .text._Z41__static_initialization_and_destruction_0ii
                0x0000000000014bc8       0xb4 build/application/compiled/source/main.cpp.o
 .text._GLOBAL__sub_I_button3
                0x0000000000014c7c       0x28 build/application/compiled/source/main.cpp.o
 .text._Z17SetUptimeFunctionPFyvE
                0x0000000000014ca4       0x30 build/application/compiled//mnt/c/SJSU_Dev2/SJSU-Dev2/firmware/library/L0_LowLevel/startup.cpp.o
                0x0000000000014ca4                SetUptimeFunction(unsigned long long (*)())
 .text._ZN11SystemTimer12DisableTimerEv
                0x0000000000014cd4       0x3c build/application/compiled//mnt/c/SJSU_Dev2/SJSU-Dev2/firmware/library/L0_LowLevel/startup.cpp.o
                0x0000000000014cd4                SystemTimer::DisableTimer()
 .text._ZN11SystemTimer18SystemTimerHandlerEv
                0x0000000000014d10       0x34 build/application/compiled//mnt/c/SJSU_Dev2/SJSU-Dev2/firmware/library/L0_LowLevel/startup.cpp.o
                0x0000000000014d10                SystemTimer::SystemTimerHandler()
 .text._ZN11SystemTimer14SetIsrFunctionEPFvvE
                0x0000000000014d44       0x34 build/application/compiled//mnt/c/SJSU_Dev2/SJSU-Dev2/firmware/library/L0_LowLevel/startup.cpp.o
                0x0000000000014d44                SystemTimer::SetIsrFunction(void (*)())
 .text._ZN11SystemTimer10StartTimerEv
                0x0000000000014d78       0x9c build/application/compiled//mnt/c/SJSU_Dev2/SJSU-Dev2/firmware/library/L0_LowLevel/startup.cpp.o
                0x0000000000014d78                SystemTimer::StartTimer()
 .text._ZN11SystemTimer16SetTickFrequencyEm
                0x0000000000014e14       0x94 build/application/compiled//mnt/c/SJSU_Dev2/SJSU-Dev2/firmware/library/L0_LowLevel/startup.cpp.o
                0x0000000000014e14                SystemTimer::SetTickFrequency(unsigned long)
 .text._ZN4util5ValueIN14TimerInterface9TimerPortEhEET0_T_
                0x0000000000014ea8       0x30 build/application/compiled//mnt/c/SJSU_Dev2/SJSU-Dev2/firmware/library/L0_LowLevel/startup.cpp.o
                0x0000000000014ea8                unsigned char util::Value<TimerInterface::TimerPort, unsigned char>(TimerInterface::TimerPort)
 .text._ZN5Timer12DoNothingIsrEv
                0x0000000000014ed8       0x20 build/application/compiled//mnt/c/SJSU_Dev2/SJSU-Dev2/firmware/library/L0_LowLevel/startup.cpp.o
                0x0000000000014ed8                Timer::DoNothingIsr()
 .text._ZN5Timer10InitializeEmPFvvEl
                0x0000000000014ef8      0x134 build/application/compiled//mnt/c/SJSU_Dev2/SJSU-Dev2/firmware/library/L0_LowLevel/startup.cpp.o
                0x0000000000014ef8                Timer::Initialize(unsigned long, void (*)(), long)
 .text._ZN4util5ValueIN14TimerInterface20MatchControlRegisterEhEET0_T_
                0x000000000001502c       0x30 build/application/compiled//mnt/c/SJSU_Dev2/SJSU-Dev2/firmware/library/L0_LowLevel/startup.cpp.o
                0x000000000001502c                unsigned char util::Value<TimerInterface::MatchControlRegister, unsigned char>(TimerInterface::MatchControlRegister)
 .text._ZN5Timer8SetTimerEmN14TimerInterface17TimerIsrConditionENS0_20MatchControlRegisterE
                0x000000000001505c       0xf8 build/application/compiled//mnt/c/SJSU_Dev2/SJSU-Dev2/firmware/library/L0_LowLevel/startup.cpp.o
                0x000000000001505c                Timer::SetTimer(unsigned long, TimerInterface::TimerIsrCondition, TimerInterface::MatchControlRegister)
 .text._ZN5Timer8GetTimerEv
                0x0000000000015154       0x3c build/application/compiled//mnt/c/SJSU_Dev2/SJSU-Dev2/firmware/library/L0_LowLevel/startup.cpp.o
                0x0000000000015154                Timer::GetTimer()
 .text._ZN4Uart11SetBaudRateEm
                0x0000000000015190       0xcc build/application/compiled//mnt/c/SJSU_Dev2/SJSU-Dev2/firmware/library/L0_LowLevel/startup.cpp.o
                0x0000000000015190                Uart::SetBaudRate(unsigned long)
 .text._ZN4Uart10InitializeEm
                0x000000000001525c       0xe4 build/application/compiled//mnt/c/SJSU_Dev2/SJSU-Dev2/firmware/library/L0_LowLevel/startup.cpp.o
                0x000000000001525c                Uart::Initialize(unsigned long)
 .text._ZZN4Uart4SendEhENKUlvE_clEv
                0x0000000000015340       0x4c build/application/compiled//mnt/c/SJSU_Dev2/SJSU-Dev2/firmware/library/L0_LowLevel/startup.cpp.o
                0x0000000000015340                Uart::Send(unsigned char)::{lambda()#1}::operator()() const
 .text._ZN4Uart4SendEh
                0x000000000001538c       0xe8 build/application/compiled//mnt/c/SJSU_Dev2/SJSU-Dev2/firmware/library/L0_LowLevel/startup.cpp.o
                0x000000000001538c                Uart::Send(unsigned char)
 .text._ZZN4Uart7ReceiveEmENKUlvE_clEv
                0x0000000000015474       0x4c build/application/compiled//mnt/c/SJSU_Dev2/SJSU-Dev2/firmware/library/L0_LowLevel/startup.cpp.o
                0x0000000000015474                Uart::Receive(unsigned long)::{lambda()#1}::operator()() const
 .text._ZN4Uart7ReceiveEm
                0x00000000000154c0       0xf8 build/application/compiled//mnt/c/SJSU_Dev2/SJSU-Dev2/firmware/library/L0_LowLevel/startup.cpp.o
                0x00000000000154c0                Uart::Receive(unsigned long)
 .text._ZN4Uart21FindClosestFractionalEf
                0x00000000000155b8       0xfc build/application/compiled//mnt/c/SJSU_Dev2/SJSU-Dev2/firmware/library/L0_LowLevel/startup.cpp.o
                0x00000000000155b8                Uart::FindClosestFractional(float)
 .text._ZN4Uart15DividerEstimateEff
                0x00000000000156b4       0x74 build/application/compiled//mnt/c/SJSU_Dev2/SJSU-Dev2/firmware/library/L0_LowLevel/startup.cpp.o
                0x00000000000156b4                Uart::DividerEstimate(float, float)
 .text._ZN4Uart18FractionalEstimateEff
                0x0000000000015728       0x74 build/application/compiled//mnt/c/SJSU_Dev2/SJSU-Dev2/firmware/library/L0_LowLevel/startup.cpp.o
                0x0000000000015728                Uart::FractionalEstimate(float, float)
 .text._ZN4Uart9IsDecmialEf
                0x000000000001579c       0x84 build/application/compiled//mnt/c/SJSU_Dev2/SJSU-Dev2/firmware/library/L0_LowLevel/startup.cpp.o
                0x000000000001579c                Uart::IsDecmial(float)
 .text._ZN4Uart23GenerateUartCalibrationEf
                0x0000000000015820      0x1f0 build/application/compiled//mnt/c/SJSU_Dev2/SJSU-Dev2/firmware/library/L0_LowLevel/startup.cpp.o
                0x0000000000015820                Uart::GenerateUartCalibration(float)
 .text._ZN12_GLOBAL__N_113Lpc40xxUptimeEv
                0x0000000000015a10       0x40 build/application/compiled//mnt/c/SJSU_Dev2/SJSU-Dev2/firmware/library/L0_LowLevel/startup.cpp.o
 .text.UptimeRTOS
                0x0000000000015a50       0x40 build/application/compiled//mnt/c/SJSU_Dev2/SJSU-Dev2/firmware/library/L0_LowLevel/startup.cpp.o
                0x0000000000015a50                UptimeRTOS
 .text._Z12LowLevelInitv
                0x0000000000015a90       0xbc build/application/compiled//mnt/c/SJSU_Dev2/SJSU-Dev2/firmware/library/L0_LowLevel/startup.cpp.o
                0x0000000000015a90                LowLevelInit()
 .text.SystemInit
                0x0000000000015b4c       0x1a build/application/compiled//mnt/c/SJSU_Dev2/SJSU-Dev2/firmware/library/L0_LowLevel/startup.cpp.o
                0x0000000000015b4c                SystemInit
 *fill*         0x0000000000015b66        0x2 ff
 .text.ResetIsr
                0x0000000000015b68       0x30 build/application/compiled//mnt/c/SJSU_Dev2/SJSU-Dev2/firmware/library/L0_LowLevel/startup.cpp.o
                0x0000000000015b68                ResetIsr
 .text._ZN5Timer12TimerHandlerILN14TimerInterface9TimerPortE0EEEvv
                0x0000000000015b98       0x3c build/application/compiled//mnt/c/SJSU_Dev2/SJSU-Dev2/firmware/library/L0_LowLevel/startup.cpp.o
                0x0000000000015b98                void Timer::TimerHandler<(TimerInterface::TimerPort)0>()
 .text._ZN5Timer12TimerHandlerILN14TimerInterface9TimerPortE1EEEvv
                0x0000000000015bd4       0x3c build/application/compiled//mnt/c/SJSU_Dev2/SJSU-Dev2/firmware/library/L0_LowLevel/startup.cpp.o
                0x0000000000015bd4                void Timer::TimerHandler<(TimerInterface::TimerPort)1>()
 .text._ZN5Timer12TimerHandlerILN14TimerInterface9TimerPortE2EEEvv
                0x0000000000015c10       0x3c build/application/compiled//mnt/c/SJSU_Dev2/SJSU-Dev2/firmware/library/L0_LowLevel/startup.cpp.o
                0x0000000000015c10                void Timer::TimerHandler<(TimerInterface::TimerPort)2>()
 .text._ZN5Timer12TimerHandlerILN14TimerInterface9TimerPortE3EEEvv
                0x0000000000015c4c       0x3c build/application/compiled//mnt/c/SJSU_Dev2/SJSU-Dev2/firmware/library/L0_LowLevel/startup.cpp.o
                0x0000000000015c4c                void Timer::TimerHandler<(TimerInterface::TimerPort)3>()
 .text._Z4WaitIZN4Uart4SendEhEUlvE_E6StatusyT_
                0x0000000000015c88       0xa8 build/application/compiled//mnt/c/SJSU_Dev2/SJSU-Dev2/firmware/library/L0_LowLevel/startup.cpp.o
                0x0000000000015c88                Status Wait<Uart::Send(unsigned char)::{lambda()#1}>(unsigned long long, Uart::Send(unsigned char)::{lambda()#1})
 .text._Z4WaitIZN4Uart7ReceiveEmEUlvE_E6StatusyT_
                0x0000000000015d30       0xa8 build/application/compiled//mnt/c/SJSU_Dev2/SJSU-Dev2/firmware/library/L0_LowLevel/startup.cpp.o
                0x0000000000015d30                Status Wait<Uart::Receive(unsigned long)::{lambda()#1}>(unsigned long long, Uart::Receive(unsigned long)::{lambda()#1})
 .text._ZN5Timer15ClearInterruptsILN14TimerInterface9TimerPortE0EEEvv
                0x0000000000015dd8       0xa0 build/application/compiled//mnt/c/SJSU_Dev2/SJSU-Dev2/firmware/library/L0_LowLevel/startup.cpp.o
                0x0000000000015dd8                void Timer::ClearInterrupts<(TimerInterface::TimerPort)0>()
 .text._ZN5Timer15ClearInterruptsILN14TimerInterface9TimerPortE1EEEvv
                0x0000000000015e78       0xa0 build/application/compiled//mnt/c/SJSU_Dev2/SJSU-Dev2/firmware/library/L0_LowLevel/startup.cpp.o
                0x0000000000015e78                void Timer::ClearInterrupts<(TimerInterface::TimerPort)1>()
 .text._ZN5Timer15ClearInterruptsILN14TimerInterface9TimerPortE2EEEvv
                0x0000000000015f18       0xa0 build/application/compiled//mnt/c/SJSU_Dev2/SJSU-Dev2/firmware/library/L0_LowLevel/startup.cpp.o
                0x0000000000015f18                void Timer::ClearInterrupts<(TimerInterface::TimerPort)2>()
 .text._ZN5Timer15ClearInterruptsILN14TimerInterface9TimerPortE3EEEvv
                0x0000000000015fb8       0xa0 build/application/compiled//mnt/c/SJSU_Dev2/SJSU-Dev2/firmware/library/L0_LowLevel/startup.cpp.o
                0x0000000000015fb8                void Timer::ClearInterrupts<(TimerInterface::TimerPort)3>()
 .text._Z41__static_initialization_and_destruction_0ii
                0x0000000000016058       0xdc build/application/compiled//mnt/c/SJSU_Dev2/SJSU-Dev2/firmware/library/L0_LowLevel/startup.cpp.o
 .text._GLOBAL__sub_I_UptimeRTOS
                0x0000000000016134        0xe build/application/compiled//mnt/c/SJSU_Dev2/SJSU-Dev2/firmware/library/L0_LowLevel/startup.cpp.o
 *fill*         0x0000000000016142        0x2 ff
 .text.NVIC_EnableIRQ
                0x0000000000016144       0x2c build/application/compiled//mnt/c/SJSU_Dev2/SJSU-Dev2/firmware/library/L0_LowLevel/interrupt.cpp.o
 .text.NVIC_SetPriority
                0x0000000000016170       0x54 build/application/compiled//mnt/c/SJSU_Dev2/SJSU-Dev2/firmware/library/L0_LowLevel/interrupt.cpp.o
 .text.InterruptLookupHandler
                0x00000000000161c4       0x6c build/application/compiled//mnt/c/SJSU_Dev2/SJSU-Dev2/firmware/library/L0_LowLevel/interrupt.cpp.o
                0x00000000000161c4                Pwm0IrqHandler
                0x00000000000161c4                EepromIrqHandler
                0x00000000000161c4                Timer2IrqHandler
                0x00000000000161c4                I2c1IrqHandler
                0x00000000000161c4                BusFaultHandler
                0x00000000000161c4                LcdIrqHandler
                0x00000000000161c4                I2c2IrqHandler
                0x00000000000161c4                CanIrqHandler
                0x00000000000161c4                RitIrqHandler
                0x00000000000161c4                Uart2IrqHandler
                0x00000000000161c4                I2sIrqHandler
                0x00000000000161c4                PendSVHandler
                0x00000000000161c4                UsageFaultHandler
                0x00000000000161c4                Uart4IrqHandler
                0x00000000000161c4                InterruptLookupHandler
                0x00000000000161c4                BodIrqHandler
                0x00000000000161c4                SysTickHandler
                0x00000000000161c4                RtcIrqHandler
                0x00000000000161c4                Uart0IrqHandler
                0x00000000000161c4                UsbIrqHandler
                0x00000000000161c4                AdcIrqHandler
                0x00000000000161c4                EnetIrqHandler
                0x00000000000161c4                DmaIrqHandler
                0x00000000000161c4                Eint1IrqHandler
                0x00000000000161c4                SvcHandler
                0x00000000000161c4                GpioIrqHandler
                0x00000000000161c4                SdioIrqHandler
                0x00000000000161c4                Pll1IrqHandler
                0x00000000000161c4                MemManageHandler
                0x00000000000161c4                Pwm1IrqHandler
                0x00000000000161c4                Timer0IrqHandler
                0x00000000000161c4                Uart3IrqHandler
                0x00000000000161c4                Timer1IrqHandler
                0x00000000000161c4                Uart1IrqHandler
                0x00000000000161c4                QeiIrqHandler
                0x00000000000161c4                Ssp2IrqHandler
                0x00000000000161c4                Ssp1IrqHandler
                0x00000000000161c4                Ssp0IrqHandler
                0x00000000000161c4                UsbactivityIrqHandler
                0x00000000000161c4                Pll0IrqHandler
                0x00000000000161c4                CanactivityIrqHandler
                0x00000000000161c4                NmiHandler
                0x00000000000161c4                McpwmIrqHandler
                0x00000000000161c4                WdtIrqHandler
                0x00000000000161c4                DebugMonHandler
                0x00000000000161c4                Eint2IrqHandler
                0x00000000000161c4                Timer3IrqHandler
                0x00000000000161c4                Eint3IrqHandler
                0x00000000000161c4                I2c0IrqHandler
                0x00000000000161c4                Eint0IrqHandler
                0x00000000000161c4                SpiIrqHandler
 .text._Z11RegisterIsr4IRQnPFvvEbl
                0x0000000000016230       0x5c build/application/compiled//mnt/c/SJSU_Dev2/SJSU-Dev2/firmware/library/L0_LowLevel/interrupt.cpp.o
                0x0000000000016230                RegisterIsr(IRQn, void (*)(), bool, long)
 .text.GetRegistersFromStack
                0x000000000001628c       0x78 build/application/compiled//mnt/c/SJSU_Dev2/SJSU-Dev2/firmware/library/L0_LowLevel/interrupt.cpp.o
                0x000000000001628c                GetRegistersFromStack
 .text._Z14FirmwareStdOuti
                0x0000000000016304       0x3c build/application/compiled//mnt/c/SJSU_Dev2/SJSU-Dev2/firmware/library/newlib/newlib.cpp.o
                0x0000000000016304                FirmwareStdOut(int)
 .text._exit    0x0000000000016340       0x18 build/application/compiled//mnt/c/SJSU_Dev2/SJSU-Dev2/firmware/library/newlib/newlib.cpp.o
                0x0000000000016340                _exit
 .text._getpid  0x0000000000016358       0x24 build/application/compiled//mnt/c/SJSU_Dev2/SJSU-Dev2/firmware/library/newlib/newlib.cpp.o
                0x0000000000016358                _getpid
 .text._kill    0x000000000001637c       0x30 build/application/compiled//mnt/c/SJSU_Dev2/SJSU-Dev2/firmware/library/newlib/newlib.cpp.o
                0x000000000001637c                _kill
 .text._putchar
                0x00000000000163ac       0x3c build/application/compiled//mnt/c/SJSU_Dev2/SJSU-Dev2/firmware/library/newlib/newlib.cpp.o
                0x00000000000163ac                _putchar
 .text.putchar  0x00000000000163e8       0x38 build/application/compiled//mnt/c/SJSU_Dev2/SJSU-Dev2/firmware/library/newlib/newlib.cpp.o
                0x00000000000163e8                putchar
 .text.puts     0x0000000000016420       0x60 build/application/compiled//mnt/c/SJSU_Dev2/SJSU-Dev2/firmware/library/newlib/newlib.cpp.o
                0x0000000000016420                puts
 .text.__cyg_profile_func_enter
                0x0000000000016480       0x28 build/application/compiled//mnt/c/SJSU_Dev2/SJSU-Dev2/firmware/library/newlib/newlib.cpp.o
                0x0000000000016480                __cyg_profile_func_enter
 .text.__cyg_profile_func_exit
                0x00000000000164a8       0x1c build/application/compiled//mnt/c/SJSU_Dev2/SJSU-Dev2/firmware/library/newlib/newlib.cpp.o
                0x00000000000164a8                __cyg_profile_func_exit
 .text._Z13GetStackTracev
                0x00000000000164c4       0x28 build/application/compiled//mnt/c/SJSU_Dev2/SJSU-Dev2/firmware/library/newlib/newlib.cpp.o
                0x00000000000164c4                GetStackTrace()
 .text._Z13GetStackDepthv
                0x00000000000164ec       0x2c build/application/compiled//mnt/c/SJSU_Dev2/SJSU-Dev2/firmware/library/newlib/newlib.cpp.o
                0x00000000000164ec                GetStackDepth()
 .text.vTaskSwitchContext
                0x0000000000016518       0xc8 build/application/compiled//mnt/c/SJSU_Dev2/SJSU-Dev2/firmware/library/third_party/FreeRTOS/Source/tasks.c.o
                0x0000000000016518                vTaskSwitchContext
 .text.vPortSVCHandler
                0x00000000000165e0       0x28 build/application/compiled//mnt/c/SJSU_Dev2/SJSU-Dev2/firmware/library/third_party/FreeRTOS/Source/portable/GCC/ARM_CM4F/port.c.o
                0x00000000000165e0                vPortSVCHandler
 *fill*         0x0000000000016608        0x8 ff
 .text.xPortPendSVHandler
                0x0000000000016610       0x68 build/application/compiled//mnt/c/SJSU_Dev2/SJSU-Dev2/firmware/library/third_party/FreeRTOS/Source/portable/GCC/ARM_CM4F/port.c.o
                0x0000000000016610                xPortPendSVHandler
 .text._ZL11_out_buffercPvjj
                0x0000000000016678       0x44 build/application/compiled//mnt/c/SJSU_Dev2/SJSU-Dev2/firmware/library/third_party/printf/printf.cpp.o
 .text._ZL9_out_nullcPvjj
                0x00000000000166bc       0x30 build/application/compiled//mnt/c/SJSU_Dev2/SJSU-Dev2/firmware/library/third_party/printf/printf.cpp.o
 .text._ZL9_out_charcPvjj
                0x00000000000166ec       0x44 build/application/compiled//mnt/c/SJSU_Dev2/SJSU-Dev2/firmware/library/third_party/printf/printf.cpp.o
 .text._ZL7_strlenPKc
                0x0000000000016730       0x44 build/application/compiled//mnt/c/SJSU_Dev2/SJSU-Dev2/firmware/library/third_party/printf/printf.cpp.o
 .text._ZL9_is_digitc
                0x0000000000016774       0x44 build/application/compiled//mnt/c/SJSU_Dev2/SJSU-Dev2/firmware/library/third_party/printf/printf.cpp.o
 .text._ZL5_atoiPPKc
                0x00000000000167b8       0x60 build/application/compiled//mnt/c/SJSU_Dev2/SJSU-Dev2/firmware/library/third_party/printf/printf.cpp.o
 .text._ZL12_ntoa_formatPFvcPvjjEPcjjS2_jbjjjj
                0x0000000000016818      0x25c build/application/compiled//mnt/c/SJSU_Dev2/SJSU-Dev2/firmware/library/third_party/printf/printf.cpp.o
 .text._ZL10_ntoa_longPFvcPvjjEPcjjmbmjjj
                0x0000000000016a74       0xe4 build/application/compiled//mnt/c/SJSU_Dev2/SJSU-Dev2/firmware/library/third_party/printf/printf.cpp.o
 .text._ZL15_ntoa_long_longPFvcPvjjEPcjjybyjjj
                0x0000000000016b58       0xf4 build/application/compiled//mnt/c/SJSU_Dev2/SJSU-Dev2/firmware/library/third_party/printf/printf.cpp.o
 .text._ZL5_ftoaPFvcPvjjEPcjjdjjj
                0x0000000000016c4c      0x438 build/application/compiled//mnt/c/SJSU_Dev2/SJSU-Dev2/firmware/library/third_party/printf/printf.cpp.o
 .text._ZL10_vsnprintfPFvcPvjjEPcjPKcSt9__va_list
                0x0000000000017084      0x8f4 build/application/compiled//mnt/c/SJSU_Dev2/SJSU-Dev2/firmware/library/third_party/printf/printf.cpp.o
 .text.printf   0x0000000000017978       0x4c build/application/compiled//mnt/c/SJSU_Dev2/SJSU-Dev2/firmware/library/third_party/printf/printf.cpp.o
                0x0000000000017978                printf
 .text.vsnprintf
                0x00000000000179c4       0x44 build/application/compiled//mnt/c/SJSU_Dev2/SJSU-Dev2/firmware/library/third_party/printf/printf.cpp.o
                0x00000000000179c4                vsnprintf
 .text._ZN11SdInterfaceC2Ev
                0x0000000000017a08       0x34 build/application/compiled//mnt/c/SJSU_Dev2/SJSU-Dev2/firmware/library/third_party/fatfs/source/diskio.cpp.o
                0x0000000000017a08                SdInterface::SdInterface()
                0x0000000000017a08                SdInterface::SdInterface()
 .text._ZN2SdC2ENS_13DebugSdCard_tEhhhh
                0x0000000000017a3c       0xa0 build/application/compiled//mnt/c/SJSU_Dev2/SJSU-Dev2/firmware/library/third_party/fatfs/source/diskio.cpp.o
                0x0000000000017a3c                Sd::Sd(Sd::DebugSdCard_t, unsigned char, unsigned char, unsigned char, unsigned char)
                0x0000000000017a3c                Sd::Sd(Sd::DebugSdCard_t, unsigned char, unsigned char, unsigned char, unsigned char)
 .text._ZN2Sd10InitializeEv
                0x0000000000017adc       0xb0 build/application/compiled//mnt/c/SJSU_Dev2/SJSU-Dev2/firmware/library/third_party/fatfs/source/diskio.cpp.o
                0x0000000000017adc                Sd::Initialize()
 .text._ZN2Sd5MountEPN11SdInterface10CardInfo_tE
                0x0000000000017b8c      0x31c build/application/compiled//mnt/c/SJSU_Dev2/SJSU-Dev2/firmware/library/third_party/fatfs/source/diskio.cpp.o
                0x0000000000017b8c                Sd::Mount(SdInterface::CardInfo_t*)
 .text._ZN2Sd6ToBoolEb
                0x0000000000017ea8       0x44 build/application/compiled//mnt/c/SJSU_Dev2/SJSU-Dev2/firmware/library/third_party/fatfs/source/diskio.cpp.o
                0x0000000000017ea8                Sd::ToBool(bool)
 .text._ZN2Sd15WaitToReadBlockEv
                0x0000000000017eec       0x64 build/application/compiled//mnt/c/SJSU_Dev2/SJSU-Dev2/firmware/library/third_party/fatfs/source/diskio.cpp.o
                0x0000000000017eec                Sd::WaitToReadBlock()
 .text._ZN2Sd13WaitWhileBusyEv
                0x0000000000017f50       0x50 build/application/compiled//mnt/c/SJSU_Dev2/SJSU-Dev2/firmware/library/third_party/fatfs/source/diskio.cpp.o
                0x0000000000017f50                Sd::WaitWhileBusy()
 .text._ZN2Sd9ReadBlockEmPhm
                0x0000000000017fa0      0x418 build/application/compiled//mnt/c/SJSU_Dev2/SJSU-Dev2/firmware/library/third_party/fatfs/source/diskio.cpp.o
                0x0000000000017fa0                Sd::ReadBlock(unsigned long, unsigned char*, unsigned long)
 .text._ZN2Sd10WriteBlockEmPKhm
                0x00000000000183b8      0x1ac build/application/compiled//mnt/c/SJSU_Dev2/SJSU-Dev2/firmware/library/third_party/fatfs/source/diskio.cpp.o
                0x00000000000183b8                Sd::WriteBlock(unsigned long, unsigned char const*, unsigned long)
 .text._ZN2Sd11DeleteBlockEmm
                0x0000000000018564      0x120 build/application/compiled//mnt/c/SJSU_Dev2/SJSU-Dev2/firmware/library/third_party/fatfs/source/diskio.cpp.o
                0x0000000000018564                Sd::DeleteBlock(unsigned long, unsigned long)
 .text._ZN2Sd7SendCmdEN11SdInterface7CommandEmPhmNS0_9KeepAliveE
                0x0000000000018684      0x4a0 build/application/compiled//mnt/c/SJSU_Dev2/SJSU-Dev2/firmware/library/third_party/fatfs/source/diskio.cpp.o
                0x0000000000018684                Sd::SendCmd(SdInterface::Command, unsigned long, unsigned char*, unsigned long, SdInterface::KeepAlive)
 .text._ZN2Sd7Crc7AddEhh
                0x0000000000018b24       0x48 build/application/compiled//mnt/c/SJSU_Dev2/SJSU-Dev2/firmware/library/third_party/fatfs/source/diskio.cpp.o
                0x0000000000018b24                Sd::Crc7Add(unsigned char, unsigned char)
 .text._ZN2Sd7GetCrc7EPhh
                0x0000000000018b6c       0x70 build/application/compiled//mnt/c/SJSU_Dev2/SJSU-Dev2/firmware/library/third_party/fatfs/source/diskio.cpp.o
                0x0000000000018b6c                Sd::GetCrc7(unsigned char*, unsigned char)
 .text._ZN2Sd8GetCrc16EPht
                0x0000000000018bdc       0xfc build/application/compiled//mnt/c/SJSU_Dev2/SJSU-Dev2/firmware/library/third_party/fatfs/source/diskio.cpp.o
                0x0000000000018bdc                Sd::GetCrc16(unsigned char*, unsigned short)
 .text._Z41__static_initialization_and_destruction_0ii
                0x0000000000018cd8       0x50 build/application/compiled//mnt/c/SJSU_Dev2/SJSU-Dev2/firmware/library/third_party/fatfs/source/diskio.cpp.o
 .text._GLOBAL__sub_I_disk_status
                0x0000000000018d28       0x28 build/application/compiled//mnt/c/SJSU_Dev2/SJSU-Dev2/firmware/library/third_party/fatfs/source/diskio.cpp.o
 .text.__cxa_pure_virtual
                0x0000000000018d50        0x6 /mnt/c/SJSU_Dev2/SJSU-Dev2/tools/gcc-arm-none-eabi-7-2017-q4-major/bin/../lib/gcc/arm-none-eabi/7.2.1/../../../../arm-none-eabi/lib/thumb/v7e-m/fpv4-sp/hard/libstdc++_nano.a(pure.o)
                0x0000000000018d50                __cxa_pure_virtual
 .text._ZN10__cxxabiv111__terminateEPFvvE
                0x0000000000018d56        0x8 /mnt/c/SJSU_Dev2/SJSU-Dev2/tools/gcc-arm-none-eabi-7-2017-q4-major/bin/../lib/gcc/arm-none-eabi/7.2.1/../../../../arm-none-eabi/lib/thumb/v7e-m/fpv4-sp/hard/libstdc++_nano.a(eh_terminate.o)
                0x0000000000018d56                __cxxabiv1::__terminate(void (*)())
 *fill*         0x0000000000018d5e        0x2 ff
 .text._ZSt13get_terminatev
                0x0000000000018d60       0x10 /mnt/c/SJSU_Dev2/SJSU-Dev2/tools/gcc-arm-none-eabi-7-2017-q4-major/bin/../lib/gcc/arm-none-eabi/7.2.1/../../../../arm-none-eabi/lib/thumb/v7e-m/fpv4-sp/hard/libstdc++_nano.a(eh_terminate.o)
                0x0000000000018d60                std::get_terminate()
 .text._ZSt9terminatev
                0x0000000000018d70        0xa /mnt/c/SJSU_Dev2/SJSU-Dev2/tools/gcc-arm-none-eabi-7-2017-q4-major/bin/../lib/gcc/arm-none-eabi/7.2.1/../../../../arm-none-eabi/lib/thumb/v7e-m/fpv4-sp/hard/libstdc++_nano.a(eh_terminate.o)
                0x0000000000018d70                std::terminate()
 *fill*         0x0000000000018d7a        0x2 ff
 .text.roundf   0x0000000000018d7c       0x60 /mnt/c/SJSU_Dev2/SJSU-Dev2/tools/gcc-arm-none-eabi-7-2017-q4-major/bin/../lib/gcc/arm-none-eabi/7.2.1/../../../../arm-none-eabi/lib/thumb/v7e-m/fpv4-sp/hard/libm.a(lib_a-sf_round.o)
                0x0000000000018d7c                roundf
 .text          0x0000000000018ddc       0xa0 /mnt/c/SJSU_Dev2/SJSU-Dev2/tools/gcc-arm-none-eabi-7-2017-q4-major/bin/../lib/gcc/arm-none-eabi/7.2.1/thumb/v7e-m/fpv4-sp/hard/libgcc.a(_arm_truncdfsf2.o)
                0x0000000000018ddc                __aeabi_d2f
                0x0000000000018ddc                __truncdfsf2
 .text          0x0000000000018e7c       0x30 /mnt/c/SJSU_Dev2/SJSU-Dev2/tools/gcc-arm-none-eabi-7-2017-q4-major/bin/../lib/gcc/arm-none-eabi/7.2.1/thumb/v7e-m/fpv4-sp/hard/libgcc.a(_aeabi_uldivmod.o)
                0x0000000000018e7c                __aeabi_uldivmod
 .text          0x0000000000018eac      0x2cc /mnt/c/SJSU_Dev2/SJSU-Dev2/tools/gcc-arm-none-eabi-7-2017-q4-major/bin/../lib/gcc/arm-none-eabi/7.2.1/thumb/v7e-m/fpv4-sp/hard/libgcc.a(_udivmoddi4.o)
                0x0000000000018eac                __udivmoddi4
 .text          0x0000000000019178        0x4 /mnt/c/SJSU_Dev2/SJSU-Dev2/tools/gcc-arm-none-eabi-7-2017-q4-major/bin/../lib/gcc/arm-none-eabi/7.2.1/thumb/v7e-m/fpv4-sp/hard/libgcc.a(_dvmd_tls.o)
                0x0000000000019178                __aeabi_ldiv0
                0x0000000000019178                __aeabi_idiv0
 .text.abort    0x000000000001917c        0xe /mnt/c/SJSU_Dev2/SJSU-Dev2/tools/gcc-arm-none-eabi-7-2017-q4-major/bin/../lib/gcc/arm-none-eabi/7.2.1/../../../../arm-none-eabi/lib/thumb/v7e-m/fpv4-sp/hard/libg_nano.a(lib_a-abort.o)
                0x000000000001917c                abort
 *fill*         0x000000000001918a        0x2 ff
 .text.__libc_init_array
                0x000000000001918c       0x48 /mnt/c/SJSU_Dev2/SJSU-Dev2/tools/gcc-arm-none-eabi-7-2017-q4-major/bin/../lib/gcc/arm-none-eabi/7.2.1/../../../../arm-none-eabi/lib/thumb/v7e-m/fpv4-sp/hard/libg_nano.a(lib_a-init.o)
                0x000000000001918c                __libc_init_array
 .text.memset   0x00000000000191d4       0x10 /mnt/c/SJSU_Dev2/SJSU-Dev2/tools/gcc-arm-none-eabi-7-2017-q4-major/bin/../lib/gcc/arm-none-eabi/7.2.1/../../../../arm-none-eabi/lib/thumb/v7e-m/fpv4-sp/hard/libg_nano.a(lib_a-memset.o)
                0x00000000000191d4                memset
 .text._raise_r
                0x00000000000191e4       0x50 /mnt/c/SJSU_Dev2/SJSU-Dev2/tools/gcc-arm-none-eabi-7-2017-q4-major/bin/../lib/gcc/arm-none-eabi/7.2.1/../../../../arm-none-eabi/lib/thumb/v7e-m/fpv4-sp/hard/libg_nano.a(lib_a-signal.o)
                0x00000000000191e4                _raise_r
 .text.raise    0x0000000000019234       0x10 /mnt/c/SJSU_Dev2/SJSU-Dev2/tools/gcc-arm-none-eabi-7-2017-q4-major/bin/../lib/gcc/arm-none-eabi/7.2.1/../../../../arm-none-eabi/lib/thumb/v7e-m/fpv4-sp/hard/libg_nano.a(lib_a-signal.o)
                0x0000000000019234                raise
 .text._kill_r  0x0000000000019244       0x24 /mnt/c/SJSU_Dev2/SJSU-Dev2/tools/gcc-arm-none-eabi-7-2017-q4-major/bin/../lib/gcc/arm-none-eabi/7.2.1/../../../../arm-none-eabi/lib/thumb/v7e-m/fpv4-sp/hard/libg_nano.a(lib_a-signalr.o)
                0x0000000000019244                _kill_r
 .text._getpid_r
                0x0000000000019268        0x4 /mnt/c/SJSU_Dev2/SJSU-Dev2/tools/gcc-arm-none-eabi-7-2017-q4-major/bin/../lib/gcc/arm-none-eabi/7.2.1/../../../../arm-none-eabi/lib/thumb/v7e-m/fpv4-sp/hard/libg_nano.a(lib_a-signalr.o)
                0x0000000000019268                _getpid_r
 *(.rodata .rodata.* .constdata .constdata.*)
 .rodata        0x000000000001926c      0x7d6 build/application/compiled/source/main.cpp.o
 *fill*         0x0000000000019a42        0x2 ff
 .rodata._ZZN4Gpio14ValidPortCheckEvE4file
                0x0000000000019a44        0x9 build/application/compiled/source/main.cpp.o
                0x0000000000019a44                Gpio::ValidPortCheck()::file
 *fill*         0x0000000000019a4d        0x3 ff
 .rodata._ZZN4Gpio16SetInterruptEdgeEN13GpioInterface4EdgeEE4file
                0x0000000000019a50        0x9 build/application/compiled/source/main.cpp.o
                0x0000000000019a50                Gpio::SetInterruptEdge(GpioInterface::Edge)::file
 *fill*         0x0000000000019a59        0x3 ff
 .rodata._ZZN4Gpio18ClearInterruptEdgeEN13GpioInterface4EdgeEE4file
                0x0000000000019a5c        0x9 build/application/compiled/source/main.cpp.o
                0x0000000000019a5c                Gpio::ClearInterruptEdge(GpioInterface::Edge)::file
 *fill*         0x0000000000019a65        0x3 ff
 .rodata._ZZN23Lpc40xxSystemController25SetPeripheralClockDividerEhE4file
                0x0000000000019a68       0x16 build/application/compiled/source/main.cpp.o
                0x0000000000019a68                Lpc40xxSystemController::SetPeripheralClockDivider(unsigned char)::file
 *fill*         0x0000000000019a7e        0x2 ff
 .rodata._ZZN23Lpc40xxSystemController12CalculatePllENS_8PllInputEtE4file
                0x0000000000019a80       0x16 build/application/compiled/source/main.cpp.o
                0x0000000000019a80                Lpc40xxSystemController::CalculatePll(Lpc40xxSystemController::PllInput, unsigned short)::file
 *fill*         0x0000000000019a96        0x2 ff
 .rodata._ZZN23Lpc40xxSystemController12CalculatePllENS_8PllInputEtE4file_0
                0x0000000000019a98       0x16 build/application/compiled/source/main.cpp.o
                0x0000000000019a98                Lpc40xxSystemController::CalculatePll(Lpc40xxSystemController::PllInput, unsigned short)::file
 *fill*         0x0000000000019aae        0x2 ff
 .rodata._ZZN23Lpc40xxSystemController10SetMainPllENS_8PllInputEtE4file
                0x0000000000019ab0       0x16 build/application/compiled/source/main.cpp.o
                0x0000000000019ab0                Lpc40xxSystemController::SetMainPll(Lpc40xxSystemController::PllInput, unsigned short)::file
 *fill*         0x0000000000019ac6        0x2 ff
 .rodata._ZZN23Lpc40xxSystemController18SetCpuClockDividerEhE4file
                0x0000000000019ac8       0x16 build/application/compiled/source/main.cpp.o
                0x0000000000019ac8                Lpc40xxSystemController::SetCpuClockDivider(unsigned char)::file
 *fill*         0x0000000000019ade        0x2 ff
 .rodata._ZN3Ssp10kPinSelectE
                0x0000000000019ae0        0x3 build/application/compiled/source/main.cpp.o
                0x0000000000019ae0                Ssp::kPinSelect
 *fill*         0x0000000000019ae3        0x1 ff
 .rodata._ZN3Ssp13kSspPinMatrixE
                0x0000000000019ae4       0x48 build/application/compiled/source/main.cpp.o
                0x0000000000019ae4                Ssp::kSspPinMatrix
 .rodata._ZN3Ssp9kPowerBitE
                0x0000000000019b2c        0xc build/application/compiled/source/main.cpp.o
                0x0000000000019b2c                Ssp::kPowerBit
 .rodata._ZZ4mainE4file
                0x0000000000019b38        0x9 build/application/compiled/source/main.cpp.o
 *fill*         0x0000000000019b41        0x3 ff
 .rodata._ZZ10DemoButtonvE4file
                0x0000000000019b44        0x9 build/application/compiled/source/main.cpp.o
 *fill*         0x0000000000019b4d        0x3 ff
 .rodata._ZZ10DemoButtonvE4file_0
                0x0000000000019b50        0x9 build/application/compiled/source/main.cpp.o
 *fill*         0x0000000000019b59        0x3 ff
 .rodata._ZZ10DemoButtonvE4file_1
                0x0000000000019b5c        0x9 build/application/compiled/source/main.cpp.o
 *fill*         0x0000000000019b65        0x3 ff
 .rodata._ZZ10DemoButtonvE4file_2
                0x0000000000019b68        0x9 build/application/compiled/source/main.cpp.o
 *fill*         0x0000000000019b71        0x3 ff
 .rodata._ZTV7Ssd1306
                0x0000000000019b74       0x2c build/application/compiled/source/main.cpp.o
                0x0000000000019b74                vtable for Ssd1306
 .rodata._ZTV21PixelDisplayInterface
                0x0000000000019ba0       0x2c build/application/compiled/source/main.cpp.o
                0x0000000000019ba0                vtable for PixelDisplayInterface
 .rodata._ZTV3Ssp
                0x0000000000019bcc       0x4c build/application/compiled/source/main.cpp.o
                0x0000000000019bcc                vtable for Ssp
 .rodata._ZTV12SspInterface
                0x0000000000019c18       0x28 build/application/compiled/source/main.cpp.o
                0x0000000000019c18                vtable for SspInterface
 .rodata._ZTV23Lpc40xxSystemController
                0x0000000000019c40       0x24 build/application/compiled/source/main.cpp.o
                0x0000000000019c40                vtable for Lpc40xxSystemController
 .rodata._ZTV25SystemControllerInterface
                0x0000000000019c64       0x24 build/application/compiled/source/main.cpp.o
                0x0000000000019c64                vtable for SystemControllerInterface
 .rodata._ZTV4Gpio
                0x0000000000019c88       0x48 build/application/compiled/source/main.cpp.o
                0x0000000000019c88                vtable for Gpio
 .rodata._ZTV13GpioInterface
                0x0000000000019cd0       0x48 build/application/compiled/source/main.cpp.o
                0x0000000000019cd0                vtable for GpioInterface
 .rodata._ZTV3Pin
                0x0000000000019d18       0x3c build/application/compiled/source/main.cpp.o
                0x0000000000019d18                vtable for Pin
 .rodata._ZTV12PinInterface
                0x0000000000019d54       0x3c build/application/compiled/source/main.cpp.o
                0x0000000000019d54                vtable for PinInterface
 .rodata._ZZ4mainE19__PRETTY_FUNCTION__
                0x0000000000019d90        0xb build/application/compiled/source/main.cpp.o
 *fill*         0x0000000000019d9b        0x1 ff
 .rodata._ZZ10DemoButtonvE19__PRETTY_FUNCTION__
                0x0000000000019d9c       0x12 build/application/compiled/source/main.cpp.o
 *fill*         0x0000000000019dae        0x2 ff
 .rodata._ZZN23Lpc40xxSystemController25SetPeripheralClockDividerEhE19__PRETTY_FUNCTION__
                0x0000000000019db0       0x49 build/application/compiled/source/main.cpp.o
 *fill*         0x0000000000019df9        0x3 ff
 .rodata._ZZN23Lpc40xxSystemController10SetMainPllENS_8PllInputEtE19__PRETTY_FUNCTION__
                0x0000000000019dfc       0x5a build/application/compiled/source/main.cpp.o
 *fill*         0x0000000000019e56        0x2 ff
 .rodata._ZZN23Lpc40xxSystemController12CalculatePllENS_8PllInputEtE19__PRETTY_FUNCTION__
                0x0000000000019e58       0x5c build/application/compiled/source/main.cpp.o
 .rodata._ZZN23Lpc40xxSystemController18SetCpuClockDividerEhE19__PRETTY_FUNCTION__
                0x0000000000019eb4       0x3a build/application/compiled/source/main.cpp.o
 *fill*         0x0000000000019eee        0x2 ff
 .rodata._ZZN4Gpio18ClearInterruptEdgeEN13GpioInterface4EdgeEE19__PRETTY_FUNCTION__
                0x0000000000019ef0       0x3b build/application/compiled/source/main.cpp.o
 *fill*         0x0000000000019f2b        0x1 ff
 .rodata._ZZN4Gpio14ValidPortCheckEvE19__PRETTY_FUNCTION__
                0x0000000000019f2c       0x1c build/application/compiled/source/main.cpp.o
 .rodata._ZZN4Gpio16SetInterruptEdgeEN13GpioInterface4EdgeEE19__PRETTY_FUNCTION__
                0x0000000000019f48       0x39 build/application/compiled/source/main.cpp.o
 *fill*         0x0000000000019f81        0x3 ff
 .rodata        0x0000000000019f84      0x5af build/application/compiled//mnt/c/SJSU_Dev2/SJSU-Dev2/firmware/library/L0_LowLevel/startup.cpp.o
 *fill*         0x000000000001a533        0x1 ff
 .rodata._ZN5Timer9kPowerbitE
                0x000000000001a534       0x10 build/application/compiled//mnt/c/SJSU_Dev2/SJSU-Dev2/firmware/library/L0_LowLevel/startup.cpp.o
                0x000000000001a534                Timer::kPowerbit
 .rodata._ZN5Timer9kTimerIrqE
                0x000000000001a544        0x4 build/application/compiled//mnt/c/SJSU_Dev2/SJSU-Dev2/firmware/library/L0_LowLevel/startup.cpp.o
                0x000000000001a544                Timer::kTimerIrq
 .rodata._ZN5Timer9kTimerIsrE
                0x000000000001a548       0x10 build/application/compiled//mnt/c/SJSU_Dev2/SJSU-Dev2/firmware/library/L0_LowLevel/startup.cpp.o
                0x000000000001a548                Timer::kTimerIsr
 .rodata._ZZN5Timer10InitializeEmPFvvElE4file
                0x000000000001a558        0xa build/application/compiled//mnt/c/SJSU_Dev2/SJSU-Dev2/firmware/library/L0_LowLevel/startup.cpp.o
                0x000000000001a558                Timer::Initialize(unsigned long, void (*)(), long)::file
 *fill*         0x000000000001a562        0x2 ff
 .rodata._ZN4Uart19kTxUartPortFunctionE
                0x000000000001a564        0x4 build/application/compiled//mnt/c/SJSU_Dev2/SJSU-Dev2/firmware/library/L0_LowLevel/startup.cpp.o
                0x000000000001a564                Uart::kTxUartPortFunction
 .rodata._ZN4Uart19kRxUartPortFunctionE
                0x000000000001a568        0x4 build/application/compiled//mnt/c/SJSU_Dev2/SJSU-Dev2/firmware/library/L0_LowLevel/startup.cpp.o
                0x000000000001a568                Uart::kRxUartPortFunction
 .rodata._ZN4Uart9kPowerbitE
                0x000000000001a56c       0x10 build/application/compiled//mnt/c/SJSU_Dev2/SJSU-Dev2/firmware/library/L0_LowLevel/startup.cpp.o
                0x000000000001a56c                Uart::kPowerbit
 .rodata._ZZ12LowLevelInitvE4file
                0x000000000001a57c        0xc build/application/compiled//mnt/c/SJSU_Dev2/SJSU-Dev2/firmware/library/L0_LowLevel/startup.cpp.o
 .rodata._ZTV4Uart
                0x000000000001a588       0x3c build/application/compiled//mnt/c/SJSU_Dev2/SJSU-Dev2/firmware/library/L0_LowLevel/startup.cpp.o
                0x000000000001a588                vtable for Uart
 .rodata._ZTV5Timer
                0x000000000001a5c4       0x38 build/application/compiled//mnt/c/SJSU_Dev2/SJSU-Dev2/firmware/library/L0_LowLevel/startup.cpp.o
                0x000000000001a5c4                vtable for Timer
 .rodata._ZTV11SystemTimer
                0x000000000001a5fc       0x38 build/application/compiled//mnt/c/SJSU_Dev2/SJSU-Dev2/firmware/library/L0_LowLevel/startup.cpp.o
                0x000000000001a5fc                vtable for SystemTimer
 .rodata._ZZN5Timer10InitializeEmPFvvElE19__PRETTY_FUNCTION__
                0x000000000001a634       0x3e build/application/compiled//mnt/c/SJSU_Dev2/SJSU-Dev2/firmware/library/L0_LowLevel/startup.cpp.o
 *fill*         0x000000000001a672        0x2 ff
 .rodata._ZZ12LowLevelInitvE19__PRETTY_FUNCTION__
                0x000000000001a674       0x14 build/application/compiled//mnt/c/SJSU_Dev2/SJSU-Dev2/firmware/library/L0_LowLevel/startup.cpp.o
 .rodata        0x000000000001a688      0x256 build/application/compiled//mnt/c/SJSU_Dev2/SJSU-Dev2/firmware/library/L0_LowLevel/interrupt.cpp.o
 *fill*         0x000000000001a8de        0x2 ff
 .rodata._ZZ22InterruptLookupHandlerE4file
                0x000000000001a8e0        0xe build/application/compiled//mnt/c/SJSU_Dev2/SJSU-Dev2/firmware/library/L0_LowLevel/interrupt.cpp.o
 *fill*         0x000000000001a8ee        0x2 ff
 .rodata._ZZ22InterruptLookupHandlerE19__PRETTY_FUNCTION__
                0x000000000001a8f0       0x1e build/application/compiled//mnt/c/SJSU_Dev2/SJSU-Dev2/firmware/library/L0_LowLevel/interrupt.cpp.o
 *fill*         0x000000000001a90e        0x2 ff
 .rodata._ZZL5_ftoaPFvcPvjjEPcjjdjjjE5pow10
                0x000000000001a910       0x28 build/application/compiled//mnt/c/SJSU_Dev2/SJSU-Dev2/firmware/library/third_party/printf/printf.cpp.o
 .rodata        0x000000000001a938      0xc29 build/application/compiled//mnt/c/SJSU_Dev2/SJSU-Dev2/firmware/library/third_party/fatfs/source/diskio.cpp.o
 *fill*         0x000000000001b561        0x3 ff
 .rodata._ZN2Sd10kCrcTable8E
                0x000000000001b564      0x100 build/application/compiled//mnt/c/SJSU_Dev2/SJSU-Dev2/firmware/library/third_party/fatfs/source/diskio.cpp.o
                0x000000000001b564                Sd::kCrcTable8
 .rodata._ZN2Sd11kCrcTable16E
                0x000000000001b664      0x200 build/application/compiled//mnt/c/SJSU_Dev2/SJSU-Dev2/firmware/library/third_party/fatfs/source/diskio.cpp.o
                0x000000000001b664                Sd::kCrcTable16
 .rodata._ZZN2Sd5MountEPN11SdInterface10CardInfo_tEE4file
                0x000000000001b864        0x7 build/application/compiled//mnt/c/SJSU_Dev2/SJSU-Dev2/firmware/library/third_party/fatfs/source/diskio.cpp.o
                0x000000000001b864                Sd::Mount(SdInterface::CardInfo_t*)::file
 *fill*         0x000000000001b86b        0x1 ff
 .rodata._ZZN2Sd5MountEPN11SdInterface10CardInfo_tEE4file_0
                0x000000000001b86c        0x7 build/application/compiled//mnt/c/SJSU_Dev2/SJSU-Dev2/firmware/library/third_party/fatfs/source/diskio.cpp.o
                0x000000000001b86c                Sd::Mount(SdInterface::CardInfo_t*)::file
 *fill*         0x000000000001b873        0x1 ff
 .rodata._ZZN2Sd5MountEPN11SdInterface10CardInfo_tEE4file_1
                0x000000000001b874        0x7 build/application/compiled//mnt/c/SJSU_Dev2/SJSU-Dev2/firmware/library/third_party/fatfs/source/diskio.cpp.o
                0x000000000001b874                Sd::Mount(SdInterface::CardInfo_t*)::file
 *fill*         0x000000000001b87b        0x1 ff
 .rodata._ZZN2Sd5MountEPN11SdInterface10CardInfo_tEE4file_2
                0x000000000001b87c        0x7 build/application/compiled//mnt/c/SJSU_Dev2/SJSU-Dev2/firmware/library/third_party/fatfs/source/diskio.cpp.o
                0x000000000001b87c                Sd::Mount(SdInterface::CardInfo_t*)::file
 *fill*         0x000000000001b883        0x1 ff
 .rodata._ZZN2Sd9ReadBlockEmPhmE4file
                0x000000000001b884        0x7 build/application/compiled//mnt/c/SJSU_Dev2/SJSU-Dev2/firmware/library/third_party/fatfs/source/diskio.cpp.o
                0x000000000001b884                Sd::ReadBlock(unsigned long, unsigned char*, unsigned long)::file
 *fill*         0x000000000001b88b        0x1 ff
 .rodata._ZZN2Sd9ReadBlockEmPhmE4file_0
                0x000000000001b88c        0x7 build/application/compiled//mnt/c/SJSU_Dev2/SJSU-Dev2/firmware/library/third_party/fatfs/source/diskio.cpp.o
                0x000000000001b88c                Sd::ReadBlock(unsigned long, unsigned char*, unsigned long)::file
 *fill*         0x000000000001b893        0x1 ff
 .rodata._ZZN2Sd9ReadBlockEmPhmE4file_1
                0x000000000001b894        0x7 build/application/compiled//mnt/c/SJSU_Dev2/SJSU-Dev2/firmware/library/third_party/fatfs/source/diskio.cpp.o
                0x000000000001b894                Sd::ReadBlock(unsigned long, unsigned char*, unsigned long)::file
 *fill*         0x000000000001b89b        0x1 ff
 .rodata._ZZN2Sd9ReadBlockEmPhmE4file_2
                0x000000000001b89c        0x7 build/application/compiled//mnt/c/SJSU_Dev2/SJSU-Dev2/firmware/library/third_party/fatfs/source/diskio.cpp.o
                0x000000000001b89c                Sd::ReadBlock(unsigned long, unsigned char*, unsigned long)::file
 *fill*         0x000000000001b8a3        0x1 ff
 .rodata._ZZN2Sd9ReadBlockEmPhmE4file_3
                0x000000000001b8a4        0x7 build/application/compiled//mnt/c/SJSU_Dev2/SJSU-Dev2/firmware/library/third_party/fatfs/source/diskio.cpp.o
                0x000000000001b8a4                Sd::ReadBlock(unsigned long, unsigned char*, unsigned long)::file
 *fill*         0x000000000001b8ab        0x1 ff
 .rodata._ZZN2Sd9ReadBlockEmPhmE4file_4
                0x000000000001b8ac        0x7 build/application/compiled//mnt/c/SJSU_Dev2/SJSU-Dev2/firmware/library/third_party/fatfs/source/diskio.cpp.o
                0x000000000001b8ac                Sd::ReadBlock(unsigned long, unsigned char*, unsigned long)::file
 *fill*         0x000000000001b8b3        0x1 ff
 .rodata._ZZN2Sd9ReadBlockEmPhmE4file_5
                0x000000000001b8b4        0x7 build/application/compiled//mnt/c/SJSU_Dev2/SJSU-Dev2/firmware/library/third_party/fatfs/source/diskio.cpp.o
                0x000000000001b8b4                Sd::ReadBlock(unsigned long, unsigned char*, unsigned long)::file
 *fill*         0x000000000001b8bb        0x1 ff
 .rodata._ZZN2Sd9ReadBlockEmPhmE4file_6
                0x000000000001b8bc        0x7 build/application/compiled//mnt/c/SJSU_Dev2/SJSU-Dev2/firmware/library/third_party/fatfs/source/diskio.cpp.o
                0x000000000001b8bc                Sd::ReadBlock(unsigned long, unsigned char*, unsigned long)::file
 *fill*         0x000000000001b8c3        0x1 ff
 .rodata._ZZN2Sd9ReadBlockEmPhmE4file_7
                0x000000000001b8c4        0x7 build/application/compiled//mnt/c/SJSU_Dev2/SJSU-Dev2/firmware/library/third_party/fatfs/source/diskio.cpp.o
                0x000000000001b8c4                Sd::ReadBlock(unsigned long, unsigned char*, unsigned long)::file
 *fill*         0x000000000001b8cb        0x1 ff
 .rodata._ZZN2Sd9ReadBlockEmPhmE4file_8
                0x000000000001b8cc        0x7 build/application/compiled//mnt/c/SJSU_Dev2/SJSU-Dev2/firmware/library/third_party/fatfs/source/diskio.cpp.o
                0x000000000001b8cc                Sd::ReadBlock(unsigned long, unsigned char*, unsigned long)::file
 *fill*         0x000000000001b8d3        0x1 ff
 .rodata._ZZN2Sd9ReadBlockEmPhmE4file_9
                0x000000000001b8d4        0x7 build/application/compiled//mnt/c/SJSU_Dev2/SJSU-Dev2/firmware/library/third_party/fatfs/source/diskio.cpp.o
                0x000000000001b8d4                Sd::ReadBlock(unsigned long, unsigned char*, unsigned long)::file
 *fill*         0x000000000001b8db        0x1 ff
 .rodata._ZZN2Sd11DeleteBlockEmmE4file
                0x000000000001b8dc        0x7 build/application/compiled//mnt/c/SJSU_Dev2/SJSU-Dev2/firmware/library/third_party/fatfs/source/diskio.cpp.o
                0x000000000001b8dc                Sd::DeleteBlock(unsigned long, unsigned long)::file
 *fill*         0x000000000001b8e3        0x1 ff
 .rodata._ZZN2Sd11DeleteBlockEmmE4file_0
                0x000000000001b8e4        0x7 build/application/compiled//mnt/c/SJSU_Dev2/SJSU-Dev2/firmware/library/third_party/fatfs/source/diskio.cpp.o
                0x000000000001b8e4                Sd::DeleteBlock(unsigned long, unsigned long)::file
 *fill*         0x000000000001b8eb        0x1 ff
 .rodata._ZZN2Sd7SendCmdEN11SdInterface7CommandEmPhmNS0_9KeepAliveEE4file
                0x000000000001b8ec        0x7 build/application/compiled//mnt/c/SJSU_Dev2/SJSU-Dev2/firmware/library/third_party/fatfs/source/diskio.cpp.o
                0x000000000001b8ec                Sd::SendCmd(SdInterface::Command, unsigned long, unsigned char*, unsigned long, SdInterface::KeepAlive)::file
 *fill*         0x000000000001b8f3        0x1 ff
 .rodata._ZZN2Sd7SendCmdEN11SdInterface7CommandEmPhmNS0_9KeepAliveEE4file_0
                0x000000000001b8f4        0x7 build/application/compiled//mnt/c/SJSU_Dev2/SJSU-Dev2/firmware/library/third_party/fatfs/source/diskio.cpp.o
                0x000000000001b8f4                Sd::SendCmd(SdInterface::Command, unsigned long, unsigned char*, unsigned long, SdInterface::KeepAlive)::file
 *fill*         0x000000000001b8fb        0x1 ff
 .rodata._ZTV2Sd
                0x000000000001b8fc       0x2c build/application/compiled//mnt/c/SJSU_Dev2/SJSU-Dev2/firmware/library/third_party/fatfs/source/diskio.cpp.o
                0x000000000001b8fc                vtable for Sd
 .rodata._ZTV11SdInterface
                0x000000000001b928       0x2c build/application/compiled//mnt/c/SJSU_Dev2/SJSU-Dev2/firmware/library/third_party/fatfs/source/diskio.cpp.o
                0x000000000001b928                vtable for SdInterface
 .rodata._ZZN2Sd5MountEPN11SdInterface10CardInfo_tEE19__PRETTY_FUNCTION__
                0x000000000001b954       0x31 build/application/compiled//mnt/c/SJSU_Dev2/SJSU-Dev2/firmware/library/third_party/fatfs/source/diskio.cpp.o
 *fill*         0x000000000001b985        0x3 ff
 .rodata._ZZN2Sd9ReadBlockEmPhmE19__PRETTY_FUNCTION__
                0x000000000001b988       0x3c build/application/compiled//mnt/c/SJSU_Dev2/SJSU-Dev2/firmware/library/third_party/fatfs/source/diskio.cpp.o
 .rodata._ZZN2Sd11DeleteBlockEmmE19__PRETTY_FUNCTION__
                0x000000000001b9c4       0x34 build/application/compiled//mnt/c/SJSU_Dev2/SJSU-Dev2/firmware/library/third_party/fatfs/source/diskio.cpp.o
 .rodata._ZZN2Sd7SendCmdEN11SdInterface7CommandEmPhmNS0_9KeepAliveEE19__PRETTY_FUNCTION__
                0x000000000001b9f8       0x69 build/application/compiled//mnt/c/SJSU_Dev2/SJSU-Dev2/firmware/library/third_party/fatfs/source/diskio.cpp.o
 *fill*         0x000000000001ba61        0x3 ff
 .rodata.__sf_fake_stderr
                0x000000000001ba64       0x20 /mnt/c/SJSU_Dev2/SJSU-Dev2/tools/gcc-arm-none-eabi-7-2017-q4-major/bin/../lib/gcc/arm-none-eabi/7.2.1/../../../../arm-none-eabi/lib/thumb/v7e-m/fpv4-sp/hard/libg_nano.a(lib_a-findfp.o)
                0x000000000001ba64                __sf_fake_stderr
 .rodata.__sf_fake_stdin
                0x000000000001ba84       0x20 /mnt/c/SJSU_Dev2/SJSU-Dev2/tools/gcc-arm-none-eabi-7-2017-q4-major/bin/../lib/gcc/arm-none-eabi/7.2.1/../../../../arm-none-eabi/lib/thumb/v7e-m/fpv4-sp/hard/libg_nano.a(lib_a-findfp.o)
                0x000000000001ba84                __sf_fake_stdin
 .rodata.__sf_fake_stdout
                0x000000000001baa4       0x20 /mnt/c/SJSU_Dev2/SJSU-Dev2/tools/gcc-arm-none-eabi-7-2017-q4-major/bin/../lib/gcc/arm-none-eabi/7.2.1/../../../../arm-none-eabi/lib/thumb/v7e-m/fpv4-sp/hard/libg_nano.a(lib_a-findfp.o)
                0x000000000001baa4                __sf_fake_stdout
                0x000000000001bac4                . = ALIGN (0x4)

.glue_7         0x000000000001bac4        0x0
 .glue_7        0x000000000001bac4        0x0 linker stubs

.glue_7t        0x000000000001bac4        0x0
 .glue_7t       0x000000000001bac4        0x0 linker stubs

.vfp11_veneer   0x000000000001bac4        0x0
 .vfp11_veneer  0x000000000001bac4        0x0 linker stubs

.v4_bx          0x000000000001bac4        0x0
 .v4_bx         0x000000000001bac4        0x0 linker stubs

.iplt           0x000000000001bac4        0x0
 .iplt          0x000000000001bac4        0x0 /mnt/c/SJSU_Dev2/SJSU-Dev2/tools/gcc-arm-none-eabi-7-2017-q4-major/bin/../lib/gcc/arm-none-eabi/7.2.1/thumb/v7e-m/fpv4-sp/hard/crtbegin.o

.ARM.extab
 *(.ARM.extab* .gnu.linkonce.armextab.*)
                0x000000000001bac4                __exidx_start = .

.ARM.exidx      0x000000000001bac4        0x8
 *(.ARM.exidx* .gnu.linkonce.armexidx.*)